running egg_info
writing ../../build_color_sorting/dofbot_sorting_3d/dofbot_sorting_3d.egg-info/PKG-INFO
writing dependency_links to ../../build_color_sorting/dofbot_sorting_3d/dofbot_sorting_3d.egg-info/dependency_links.txt
writing entry points to ../../build_color_sorting/dofbot_sorting_3d/dofbot_sorting_3d.egg-info/entry_points.txt
writing requirements to ../../build_color_sorting/dofbot_sorting_3d/dofbot_sorting_3d.egg-info/requires.txt
writing top-level names to ../../build_color_sorting/dofbot_sorting_3d/dofbot_sorting_3d.egg-info/top_level.txt
reading manifest file '../../build_color_sorting/dofbot_sorting_3d/dofbot_sorting_3d.egg-info/SOURCES.txt'
writing manifest file '../../build_color_sorting/dofbot_sorting_3d/dofbot_sorting_3d.egg-info/SOURCES.txt'
running build
running build_py
running install
running install_lib
running install_data
running install_egg_info
removing '/home/jloy/Desktop/robot-arm/dofbot_ws/install_color_sorting/dofbot_sorting_3d/lib/python3.10/site-packages/dofbot_sorting_3d-0.0.0-py3.10.egg-info' (and everything under it)
Copying ../../build_color_sorting/dofbot_sorting_3d/dofbot_sorting_3d.egg-info to /home/jloy/Desktop/robot-arm/dofbot_ws/install_color_sorting/dofbot_sorting_3d/lib/python3.10/site-packages/dofbot_sorting_3d-0.0.0-py3.10.egg-info
running install_scripts
Installing apriltag_gesture_dist script to /home/jloy/Desktop/robot-arm/dofbot_ws/install_color_sorting/dofbot_sorting_3d/lib/dofbot_sorting_3d
Installing apriltag_gesture_id script to /home/jloy/Desktop/robot-arm/dofbot_ws/install_color_sorting/dofbot_sorting_3d/lib/dofbot_sorting_3d
Installing apriltag_sorting script to /home/jloy/Desktop/robot-arm/dofbot_ws/install_color_sorting/dofbot_sorting_3d/lib/dofbot_sorting_3d
Installing apriltag_sorting_voice script to /home/jloy/Desktop/robot-arm/dofbot_ws/install_color_sorting/dofbot_sorting_3d/lib/dofbot_sorting_3d
Installing aruco_gesture_height script to /home/jloy/Desktop/robot-arm/dofbot_ws/install_color_sorting/dofbot_sorting_3d/lib/dofbot_sorting_3d
Installing aruco_sorting script to /home/jloy/Desktop/robot-arm/dofbot_ws/install_color_sorting/dofbot_sorting_3d/lib/dofbot_sorting_3d
Installing camera_publisher script to /home/jloy/Desktop/robot-arm/dofbot_ws/install_color_sorting/dofbot_sorting_3d/lib/dofbot_sorting_3d
Installing color_sorting script to /home/jloy/Desktop/robot-arm/dofbot_ws/install_color_sorting/dofbot_sorting_3d/lib/dofbot_sorting_3d
Installing grasp script to /home/jloy/Desktop/robot-arm/dofbot_ws/install_color_sorting/dofbot_sorting_3d/lib/dofbot_sorting_3d
Installing mediapipe_gesture script to /home/jloy/Desktop/robot-arm/dofbot_ws/install_color_sorting/dofbot_sorting_3d/lib/dofbot_sorting_3d
Installing objection_grasp script to /home/jloy/Desktop/robot-arm/dofbot_ws/install_color_sorting/dofbot_sorting_3d/lib/dofbot_sorting_3d
Installing point_to script to /home/jloy/Desktop/robot-arm/dofbot_ws/install_color_sorting/dofbot_sorting_3d/lib/dofbot_sorting_3d
Installing shape_sorting script to /home/jloy/Desktop/robot-arm/dofbot_ws/install_color_sorting/dofbot_sorting_3d/lib/dofbot_sorting_3d
Installing yolov11_garbage script to /home/jloy/Desktop/robot-arm/dofbot_ws/install_color_sorting/dofbot_sorting_3d/lib/dofbot_sorting_3d
writing list of installed files to '/home/jloy/Desktop/robot-arm/dofbot_ws/build_color_sorting/dofbot_sorting_3d/install.log'
