[0.342s] Invoking command in '/home/jloy/Desktop/robot-arm/dofbot_ws/src/dofbot_sorting_3d': PYTHONPATH=/home/jloy/Desktop/robot-arm/dofbot_ws/build_color_sorting/dofbot_sorting_3d/prefix_override:/usr/lib/python3/dist-packages/colcon_core/task/python/colcon_distutils_commands:/home/jloy/Desktop/robot-arm/dofbot_ws/install_color_sorting/dofbot_sorting_3d/lib/python3.10/site-packages:${PYTHONPATH} /usr/bin/python3 -W ignore:setup.py install is deprecated -W ignore:easy_install command is deprecated setup.py egg_info --egg-base ../../build_color_sorting/dofbot_sorting_3d build --build-base /home/jloy/Desktop/robot-arm/dofbot_ws/build_color_sorting/dofbot_sorting_3d/build install --record /home/jloy/Desktop/robot-arm/dofbot_ws/build_color_sorting/dofbot_sorting_3d/install.log --install-scripts $base/lib/dofbot_sorting_3d --single-version-externally-managed install_data
[0.468s] running egg_info
[0.468s] writing ../../build_color_sorting/dofbot_sorting_3d/dofbot_sorting_3d.egg-info/PKG-INFO
[0.468s] writing dependency_links to ../../build_color_sorting/dofbot_sorting_3d/dofbot_sorting_3d.egg-info/dependency_links.txt
[0.468s] writing entry points to ../../build_color_sorting/dofbot_sorting_3d/dofbot_sorting_3d.egg-info/entry_points.txt
[0.468s] writing requirements to ../../build_color_sorting/dofbot_sorting_3d/dofbot_sorting_3d.egg-info/requires.txt
[0.468s] writing top-level names to ../../build_color_sorting/dofbot_sorting_3d/dofbot_sorting_3d.egg-info/top_level.txt
[0.469s] reading manifest file '../../build_color_sorting/dofbot_sorting_3d/dofbot_sorting_3d.egg-info/SOURCES.txt'
[0.470s] writing manifest file '../../build_color_sorting/dofbot_sorting_3d/dofbot_sorting_3d.egg-info/SOURCES.txt'
[0.470s] running build
[0.470s] running build_py
[0.471s] running install
[0.471s] running install_lib
[0.472s] running install_data
[0.472s] running install_egg_info
[0.474s] removing '/home/jloy/Desktop/robot-arm/dofbot_ws/install_color_sorting/dofbot_sorting_3d/lib/python3.10/site-packages/dofbot_sorting_3d-0.0.0-py3.10.egg-info' (and everything under it)
[0.474s] Copying ../../build_color_sorting/dofbot_sorting_3d/dofbot_sorting_3d.egg-info to /home/jloy/Desktop/robot-arm/dofbot_ws/install_color_sorting/dofbot_sorting_3d/lib/python3.10/site-packages/dofbot_sorting_3d-0.0.0-py3.10.egg-info
[0.475s] running install_scripts
[0.491s] Installing apriltag_gesture_dist script to /home/jloy/Desktop/robot-arm/dofbot_ws/install_color_sorting/dofbot_sorting_3d/lib/dofbot_sorting_3d
[0.491s] Installing apriltag_gesture_id script to /home/jloy/Desktop/robot-arm/dofbot_ws/install_color_sorting/dofbot_sorting_3d/lib/dofbot_sorting_3d
[0.491s] Installing apriltag_sorting script to /home/jloy/Desktop/robot-arm/dofbot_ws/install_color_sorting/dofbot_sorting_3d/lib/dofbot_sorting_3d
[0.491s] Installing apriltag_sorting_voice script to /home/jloy/Desktop/robot-arm/dofbot_ws/install_color_sorting/dofbot_sorting_3d/lib/dofbot_sorting_3d
[0.492s] Installing aruco_gesture_height script to /home/jloy/Desktop/robot-arm/dofbot_ws/install_color_sorting/dofbot_sorting_3d/lib/dofbot_sorting_3d
[0.492s] Installing aruco_sorting script to /home/jloy/Desktop/robot-arm/dofbot_ws/install_color_sorting/dofbot_sorting_3d/lib/dofbot_sorting_3d
[0.492s] Installing camera_publisher script to /home/jloy/Desktop/robot-arm/dofbot_ws/install_color_sorting/dofbot_sorting_3d/lib/dofbot_sorting_3d
[0.492s] Installing color_sorting script to /home/jloy/Desktop/robot-arm/dofbot_ws/install_color_sorting/dofbot_sorting_3d/lib/dofbot_sorting_3d
[0.492s] Installing grasp script to /home/jloy/Desktop/robot-arm/dofbot_ws/install_color_sorting/dofbot_sorting_3d/lib/dofbot_sorting_3d
[0.492s] Installing mediapipe_gesture script to /home/jloy/Desktop/robot-arm/dofbot_ws/install_color_sorting/dofbot_sorting_3d/lib/dofbot_sorting_3d
[0.492s] Installing objection_grasp script to /home/jloy/Desktop/robot-arm/dofbot_ws/install_color_sorting/dofbot_sorting_3d/lib/dofbot_sorting_3d
[0.492s] Installing point_to script to /home/jloy/Desktop/robot-arm/dofbot_ws/install_color_sorting/dofbot_sorting_3d/lib/dofbot_sorting_3d
[0.492s] Installing shape_sorting script to /home/jloy/Desktop/robot-arm/dofbot_ws/install_color_sorting/dofbot_sorting_3d/lib/dofbot_sorting_3d
[0.492s] Installing yolov11_garbage script to /home/jloy/Desktop/robot-arm/dofbot_ws/install_color_sorting/dofbot_sorting_3d/lib/dofbot_sorting_3d
[0.492s] writing list of installed files to '/home/jloy/Desktop/robot-arm/dofbot_ws/build_color_sorting/dofbot_sorting_3d/install.log'
[0.504s] Invoked command in '/home/jloy/Desktop/robot-arm/dofbot_ws/src/dofbot_sorting_3d' returned '0': PYTHONPATH=/home/jloy/Desktop/robot-arm/dofbot_ws/build_color_sorting/dofbot_sorting_3d/prefix_override:/usr/lib/python3/dist-packages/colcon_core/task/python/colcon_distutils_commands:/home/jloy/Desktop/robot-arm/dofbot_ws/install_color_sorting/dofbot_sorting_3d/lib/python3.10/site-packages:${PYTHONPATH} /usr/bin/python3 -W ignore:setup.py install is deprecated -W ignore:easy_install command is deprecated setup.py egg_info --egg-base ../../build_color_sorting/dofbot_sorting_3d build --build-base /home/jloy/Desktop/robot-arm/dofbot_ws/build_color_sorting/dofbot_sorting_3d/build install --record /home/jloy/Desktop/robot-arm/dofbot_ws/build_color_sorting/dofbot_sorting_3d/install.log --install-scripts $base/lib/dofbot_sorting_3d --single-version-externally-managed install_data
