[0.080s] colcon DEBUG Command line arguments: ['/usr/bin/colcon', '--log-base', 'log_t6_regular', 'build', '--packages-select', 'dofbot_yolov11', 'dofbot_sorting_3d', '--base-paths', 'src', '--build-base', 'build_t6_regular', '--install-base', 'install_t6_regular']
[0.080s] colcon DEBUG Parsed command line arguments: Namespace(log_base='log_t6_regular', log_level=None, verb_name='build', build_base='/home/jloy/Desktop/robot-arm/dofbot_ws/build_t6_regular', install_base='/home/jloy/Desktop/robot-arm/dofbot_ws/install_t6_regular', merge_install=False, symlink_install=False, test_result_base=None, continue_on_error=False, executor='parallel', parallel_workers=16, event_handlers=None, ignore_user_meta=False, metas=['./colcon.meta'], base_paths=['src'], packages_ignore=None, packages_ignore_regex=None, paths=None, packages_up_to=None, packages_up_to_regex=None, packages_above=None, packages_above_and_dependencies=None, packages_above_depth=None, packages_select_by_dep=None, packages_skip_by_dep=None, packages_skip_up_to=None, packages_select_build_failed=False, packages_skip_build_finished=False, packages_select_test_failures=False, packages_skip_test_passed=False, packages_select=['dofbot_yolov11', 'dofbot_sorting_3d'], packages_skip=None, packages_select_regex=None, packages_skip_regex=None, packages_start=None, packages_end=None, allow_overriding=[], cmake_args=None, cmake_target=None, cmake_target_skip_unavailable=False, cmake_clean_cache=False, cmake_clean_first=False, cmake_force_configure=False, ament_cmake_args=None, catkin_cmake_args=None, catkin_skip_building_tests=False, mixin_files=None, mixin=None, verb_parser=<colcon_mixin.mixin.mixin_argument.MixinArgumentDecorator object at 0x7eaf1842fa30>, verb_extension=<colcon_core.verb.build.BuildVerb object at 0x7eaf1842f430>, main=<bound method BuildVerb.main of <colcon_core.verb.build.BuildVerb object at 0x7eaf1842f430>>, mixin_verb=('build',))
[0.208s] colcon.colcon_core.package_discovery Level 1 discover_packages(colcon_meta) check parameters
[0.209s] colcon.colcon_core.package_discovery Level 1 discover_packages(recursive) check parameters
[0.209s] colcon.colcon_core.package_discovery Level 1 discover_packages(ignore) check parameters
[0.209s] colcon.colcon_core.package_discovery Level 1 discover_packages(path) check parameters
[0.209s] colcon.colcon_core.package_discovery Level 1 discover_packages(recursive) discover
[0.209s] colcon.colcon_core.package_discovery INFO Crawling recursively for packages in '/home/jloy/Desktop/robot-arm/dofbot_ws/src'
[0.209s] colcon.colcon_core.package_identification Level 1 _identify(src) by extensions ['ignore', 'ignore_ament_install']
[0.209s] colcon.colcon_core.package_identification Level 1 _identify(src) by extension 'ignore'
[0.209s] colcon.colcon_core.package_identification Level 1 _identify(src) by extension 'ignore_ament_install'
[0.209s] colcon.colcon_core.package_identification Level 1 _identify(src) by extensions ['colcon_pkg']
[0.209s] colcon.colcon_core.package_identification Level 1 _identify(src) by extension 'colcon_pkg'
[0.209s] colcon.colcon_core.package_identification Level 1 _identify(src) by extensions ['colcon_meta']
[0.209s] colcon.colcon_core.package_identification Level 1 _identify(src) by extension 'colcon_meta'
[0.209s] colcon.colcon_core.package_identification Level 1 _identify(src) by extensions ['ros']
[0.209s] colcon.colcon_core.package_identification Level 1 _identify(src) by extension 'ros'
[0.216s] colcon.colcon_core.package_identification Level 1 _identify(src) by extensions ['cmake', 'python']
[0.217s] colcon.colcon_core.package_identification Level 1 _identify(src) by extension 'cmake'
[0.220s] colcon.colcon_cmake.package_identification.cmake WARNING Ignoring 'src/CMakeLists.txt' since it seems to be a toplevel CMake file generated by 'catkin_make'
[0.220s] colcon.colcon_core.package_identification Level 1 _identify(src) by extension 'python'
[0.220s] colcon.colcon_core.package_identification Level 1 _identify(src) by extensions ['python_setup_py']
[0.220s] colcon.colcon_core.package_identification Level 1 _identify(src) by extension 'python_setup_py'
[0.220s] colcon.colcon_core.package_identification Level 1 _identify(src/dofbot_apriltag) by extensions ['ignore', 'ignore_ament_install']
[0.220s] colcon.colcon_core.package_identification Level 1 _identify(src/dofbot_apriltag) by extension 'ignore'
[0.220s] colcon.colcon_core.package_identification Level 1 _identify(src/dofbot_apriltag) by extension 'ignore_ament_install'
[0.221s] colcon.colcon_core.package_identification Level 1 _identify(src/dofbot_apriltag) by extensions ['colcon_pkg']
[0.221s] colcon.colcon_core.package_identification Level 1 _identify(src/dofbot_apriltag) by extension 'colcon_pkg'
[0.221s] colcon.colcon_core.package_identification Level 1 _identify(src/dofbot_apriltag) by extensions ['colcon_meta']
[0.221s] colcon.colcon_core.package_identification Level 1 _identify(src/dofbot_apriltag) by extension 'colcon_meta'
[0.221s] colcon.colcon_core.package_identification Level 1 _identify(src/dofbot_apriltag) by extensions ['ros']
[0.221s] colcon.colcon_core.package_identification Level 1 _identify(src/dofbot_apriltag) by extension 'ros'
[0.221s] colcon.colcon_core.package_identification Level 1 _identify(src/dofbot_apriltag) by extensions ['cmake', 'python']
[0.221s] colcon.colcon_core.package_identification Level 1 _identify(src/dofbot_apriltag) by extension 'cmake'
[0.221s] colcon.colcon_core.package_identification Level 1 _identify(src/dofbot_apriltag) by extension 'python'
[0.221s] colcon.colcon_core.package_identification Level 1 _identify(src/dofbot_apriltag) by extensions ['python_setup_py']
[0.221s] colcon.colcon_core.package_identification Level 1 _identify(src/dofbot_apriltag) by extension 'python_setup_py'
[0.221s] colcon.colcon_core.package_identification Level 1 _identify(src/dofbot_apriltag/scripts) by extensions ['ignore', 'ignore_ament_install']
[0.221s] colcon.colcon_core.package_identification Level 1 _identify(src/dofbot_apriltag/scripts) by extension 'ignore'
[0.221s] colcon.colcon_core.package_identification Level 1 _identify(src/dofbot_apriltag/scripts) by extension 'ignore_ament_install'
[0.221s] colcon.colcon_core.package_identification Level 1 _identify(src/dofbot_apriltag/scripts) by extensions ['colcon_pkg']
[0.221s] colcon.colcon_core.package_identification Level 1 _identify(src/dofbot_apriltag/scripts) by extension 'colcon_pkg'
[0.221s] colcon.colcon_core.package_identification Level 1 _identify(src/dofbot_apriltag/scripts) by extensions ['colcon_meta']
[0.221s] colcon.colcon_core.package_identification Level 1 _identify(src/dofbot_apriltag/scripts) by extension 'colcon_meta'
[0.221s] colcon.colcon_core.package_identification Level 1 _identify(src/dofbot_apriltag/scripts) by extensions ['ros']
[0.221s] colcon.colcon_core.package_identification Level 1 _identify(src/dofbot_apriltag/scripts) by extension 'ros'
[0.221s] colcon.colcon_core.package_identification Level 1 _identify(src/dofbot_apriltag/scripts) by extensions ['cmake', 'python']
[0.221s] colcon.colcon_core.package_identification Level 1 _identify(src/dofbot_apriltag/scripts) by extension 'cmake'
[0.221s] colcon.colcon_core.package_identification Level 1 _identify(src/dofbot_apriltag/scripts) by extension 'python'
[0.221s] colcon.colcon_core.package_identification Level 1 _identify(src/dofbot_apriltag/scripts) by extensions ['python_setup_py']
[0.221s] colcon.colcon_core.package_identification Level 1 _identify(src/dofbot_apriltag/scripts) by extension 'python_setup_py'
[0.221s] colcon.colcon_core.package_identification Level 1 _identify(src/dofbot_apriltag/scripts/__pycache__) by extensions ['ignore', 'ignore_ament_install']
[0.221s] colcon.colcon_core.package_identification Level 1 _identify(src/dofbot_apriltag/scripts/__pycache__) by extension 'ignore'
[0.221s] colcon.colcon_core.package_identification Level 1 _identify(src/dofbot_apriltag/scripts/__pycache__) by extension 'ignore_ament_install'
[0.221s] colcon.colcon_core.package_identification Level 1 _identify(src/dofbot_apriltag/scripts/__pycache__) by extensions ['colcon_pkg']
[0.221s] colcon.colcon_core.package_identification Level 1 _identify(src/dofbot_apriltag/scripts/__pycache__) by extension 'colcon_pkg'
[0.221s] colcon.colcon_core.package_identification Level 1 _identify(src/dofbot_apriltag/scripts/__pycache__) by extensions ['colcon_meta']
[0.221s] colcon.colcon_core.package_identification Level 1 _identify(src/dofbot_apriltag/scripts/__pycache__) by extension 'colcon_meta'
[0.221s] colcon.colcon_core.package_identification Level 1 _identify(src/dofbot_apriltag/scripts/__pycache__) by extensions ['ros']
[0.221s] colcon.colcon_core.package_identification Level 1 _identify(src/dofbot_apriltag/scripts/__pycache__) by extension 'ros'
[0.222s] colcon.colcon_core.package_identification Level 1 _identify(src/dofbot_apriltag/scripts/__pycache__) by extensions ['cmake', 'python']
[0.222s] colcon.colcon_core.package_identification Level 1 _identify(src/dofbot_apriltag/scripts/__pycache__) by extension 'cmake'
[0.222s] colcon.colcon_core.package_identification Level 1 _identify(src/dofbot_apriltag/scripts/__pycache__) by extension 'python'
[0.222s] colcon.colcon_core.package_identification Level 1 _identify(src/dofbot_apriltag/scripts/__pycache__) by extensions ['python_setup_py']
[0.222s] colcon.colcon_core.package_identification Level 1 _identify(src/dofbot_apriltag/scripts/__pycache__) by extension 'python_setup_py'
[0.222s] colcon.colcon_core.package_identification Level 1 _identify(src/dofbot_color_follow) by extensions ['ignore', 'ignore_ament_install']
[0.222s] colcon.colcon_core.package_identification Level 1 _identify(src/dofbot_color_follow) by extension 'ignore'
[0.222s] colcon.colcon_core.package_identification Level 1 _identify(src/dofbot_color_follow) by extension 'ignore_ament_install'
[0.222s] colcon.colcon_core.package_identification Level 1 _identify(src/dofbot_color_follow) by extensions ['colcon_pkg']
[0.222s] colcon.colcon_core.package_identification Level 1 _identify(src/dofbot_color_follow) by extension 'colcon_pkg'
[0.222s] colcon.colcon_core.package_identification Level 1 _identify(src/dofbot_color_follow) by extensions ['colcon_meta']
[0.222s] colcon.colcon_core.package_identification Level 1 _identify(src/dofbot_color_follow) by extension 'colcon_meta'
[0.222s] colcon.colcon_core.package_identification Level 1 _identify(src/dofbot_color_follow) by extensions ['ros']
[0.222s] colcon.colcon_core.package_identification Level 1 _identify(src/dofbot_color_follow) by extension 'ros'
[0.222s] colcon.colcon_core.package_identification Level 1 _identify(src/dofbot_color_follow) by extensions ['cmake', 'python']
[0.222s] colcon.colcon_core.package_identification Level 1 _identify(src/dofbot_color_follow) by extension 'cmake'
[0.222s] colcon.colcon_core.package_identification Level 1 _identify(src/dofbot_color_follow) by extension 'python'
[0.222s] colcon.colcon_core.package_identification Level 1 _identify(src/dofbot_color_follow) by extensions ['python_setup_py']
[0.222s] colcon.colcon_core.package_identification Level 1 _identify(src/dofbot_color_follow) by extension 'python_setup_py'
[0.222s] colcon.colcon_core.package_identification Level 1 _identify(src/dofbot_color_follow/__pycache__) by extensions ['ignore', 'ignore_ament_install']
[0.222s] colcon.colcon_core.package_identification Level 1 _identify(src/dofbot_color_follow/__pycache__) by extension 'ignore'
[0.222s] colcon.colcon_core.package_identification Level 1 _identify(src/dofbot_color_follow/__pycache__) by extension 'ignore_ament_install'
[0.222s] colcon.colcon_core.package_identification Level 1 _identify(src/dofbot_color_follow/__pycache__) by extensions ['colcon_pkg']
[0.222s] colcon.colcon_core.package_identification Level 1 _identify(src/dofbot_color_follow/__pycache__) by extension 'colcon_pkg'
[0.222s] colcon.colcon_core.package_identification Level 1 _identify(src/dofbot_color_follow/__pycache__) by extensions ['colcon_meta']
[0.222s] colcon.colcon_core.package_identification Level 1 _identify(src/dofbot_color_follow/__pycache__) by extension 'colcon_meta'
[0.222s] colcon.colcon_core.package_identification Level 1 _identify(src/dofbot_color_follow/__pycache__) by extensions ['ros']
[0.222s] colcon.colcon_core.package_identification Level 1 _identify(src/dofbot_color_follow/__pycache__) by extension 'ros'
[0.222s] colcon.colcon_core.package_identification Level 1 _identify(src/dofbot_color_follow/__pycache__) by extensions ['cmake', 'python']
[0.222s] colcon.colcon_core.package_identification Level 1 _identify(src/dofbot_color_follow/__pycache__) by extension 'cmake'
[0.222s] colcon.colcon_core.package_identification Level 1 _identify(src/dofbot_color_follow/__pycache__) by extension 'python'
[0.222s] colcon.colcon_core.package_identification Level 1 _identify(src/dofbot_color_follow/__pycache__) by extensions ['python_setup_py']
[0.222s] colcon.colcon_core.package_identification Level 1 _identify(src/dofbot_color_follow/__pycache__) by extension 'python_setup_py'
[0.222s] colcon.colcon_core.package_identification Level 1 _identify(src/dofbot_color_identify) by extensions ['ignore', 'ignore_ament_install']
[0.223s] colcon.colcon_core.package_identification Level 1 _identify(src/dofbot_color_identify) by extension 'ignore'
[0.223s] colcon.colcon_core.package_identification Level 1 _identify(src/dofbot_color_identify) by extension 'ignore_ament_install'
[0.223s] colcon.colcon_core.package_identification Level 1 _identify(src/dofbot_color_identify) by extensions ['colcon_pkg']
[0.223s] colcon.colcon_core.package_identification Level 1 _identify(src/dofbot_color_identify) by extension 'colcon_pkg'
[0.223s] colcon.colcon_core.package_identification Level 1 _identify(src/dofbot_color_identify) by extensions ['colcon_meta']
[0.223s] colcon.colcon_core.package_identification Level 1 _identify(src/dofbot_color_identify) by extension 'colcon_meta'
[0.223s] colcon.colcon_core.package_identification Level 1 _identify(src/dofbot_color_identify) by extensions ['ros']
[0.223s] colcon.colcon_core.package_identification Level 1 _identify(src/dofbot_color_identify) by extension 'ros'
[0.224s] colcon.colcon_core.package_identification DEBUG Package 'src/dofbot_color_identify' with type 'ros.catkin' and name 'dofbot_color_identify'
[0.224s] colcon.colcon_core.package_identification Level 1 _identify(src/dofbot_color_sorting) by extensions ['ignore', 'ignore_ament_install']
[0.224s] colcon.colcon_core.package_identification Level 1 _identify(src/dofbot_color_sorting) by extension 'ignore'
[0.224s] colcon.colcon_core.package_identification Level 1 _identify(src/dofbot_color_sorting) by extension 'ignore_ament_install'
[0.225s] colcon.colcon_core.package_identification Level 1 _identify(src/dofbot_color_sorting) by extensions ['colcon_pkg']
[0.225s] colcon.colcon_core.package_identification Level 1 _identify(src/dofbot_color_sorting) by extension 'colcon_pkg'
[0.225s] colcon.colcon_core.package_identification Level 1 _identify(src/dofbot_color_sorting) by extensions ['colcon_meta']
[0.225s] colcon.colcon_core.package_identification Level 1 _identify(src/dofbot_color_sorting) by extension 'colcon_meta'
[0.225s] colcon.colcon_core.package_identification Level 1 _identify(src/dofbot_color_sorting) by extensions ['ros']
[0.225s] colcon.colcon_core.package_identification Level 1 _identify(src/dofbot_color_sorting) by extension 'ros'
[0.225s] colcon.colcon_core.package_identification Level 1 _identify(src/dofbot_color_sorting) by extensions ['cmake', 'python']
[0.225s] colcon.colcon_core.package_identification Level 1 _identify(src/dofbot_color_sorting) by extension 'cmake'
[0.225s] colcon.colcon_core.package_identification Level 1 _identify(src/dofbot_color_sorting) by extension 'python'
[0.225s] colcon.colcon_core.package_identification Level 1 _identify(src/dofbot_color_sorting) by extensions ['python_setup_py']
[0.225s] colcon.colcon_core.package_identification Level 1 _identify(src/dofbot_color_sorting) by extension 'python_setup_py'
[0.225s] colcon.colcon_core.package_identification Level 1 _identify(src/dofbot_color_sorting/__pycache__) by extensions ['ignore', 'ignore_ament_install']
[0.225s] colcon.colcon_core.package_identification Level 1 _identify(src/dofbot_color_sorting/__pycache__) by extension 'ignore'
[0.225s] colcon.colcon_core.package_identification Level 1 _identify(src/dofbot_color_sorting/__pycache__) by extension 'ignore_ament_install'
[0.225s] colcon.colcon_core.package_identification Level 1 _identify(src/dofbot_color_sorting/__pycache__) by extensions ['colcon_pkg']
[0.225s] colcon.colcon_core.package_identification Level 1 _identify(src/dofbot_color_sorting/__pycache__) by extension 'colcon_pkg'
[0.225s] colcon.colcon_core.package_identification Level 1 _identify(src/dofbot_color_sorting/__pycache__) by extensions ['colcon_meta']
[0.225s] colcon.colcon_core.package_identification Level 1 _identify(src/dofbot_color_sorting/__pycache__) by extension 'colcon_meta'
[0.225s] colcon.colcon_core.package_identification Level 1 _identify(src/dofbot_color_sorting/__pycache__) by extensions ['ros']
[0.225s] colcon.colcon_core.package_identification Level 1 _identify(src/dofbot_color_sorting/__pycache__) by extension 'ros'
[0.225s] colcon.colcon_core.package_identification Level 1 _identify(src/dofbot_color_sorting/__pycache__) by extensions ['cmake', 'python']
[0.225s] colcon.colcon_core.package_identification Level 1 _identify(src/dofbot_color_sorting/__pycache__) by extension 'cmake'
[0.225s] colcon.colcon_core.package_identification Level 1 _identify(src/dofbot_color_sorting/__pycache__) by extension 'python'
[0.225s] colcon.colcon_core.package_identification Level 1 _identify(src/dofbot_color_sorting/__pycache__) by extensions ['python_setup_py']
[0.225s] colcon.colcon_core.package_identification Level 1 _identify(src/dofbot_color_sorting/__pycache__) by extension 'python_setup_py'
[0.225s] colcon.colcon_core.package_identification Level 1 _identify(src/dofbot_color_stacking) by extensions ['ignore', 'ignore_ament_install']
[0.225s] colcon.colcon_core.package_identification Level 1 _identify(src/dofbot_color_stacking) by extension 'ignore'
[0.225s] colcon.colcon_core.package_identification Level 1 _identify(src/dofbot_color_stacking) by extension 'ignore_ament_install'
[0.225s] colcon.colcon_core.package_identification Level 1 _identify(src/dofbot_color_stacking) by extensions ['colcon_pkg']
[0.225s] colcon.colcon_core.package_identification Level 1 _identify(src/dofbot_color_stacking) by extension 'colcon_pkg'
[0.225s] colcon.colcon_core.package_identification Level 1 _identify(src/dofbot_color_stacking) by extensions ['colcon_meta']
[0.225s] colcon.colcon_core.package_identification Level 1 _identify(src/dofbot_color_stacking) by extension 'colcon_meta'
[0.225s] colcon.colcon_core.package_identification Level 1 _identify(src/dofbot_color_stacking) by extensions ['ros']
[0.225s] colcon.colcon_core.package_identification Level 1 _identify(src/dofbot_color_stacking) by extension 'ros'
[0.226s] colcon.colcon_core.package_identification DEBUG Package 'src/dofbot_color_stacking' with type 'ros.catkin' and name 'dofbot_color_stacking'
[0.226s] colcon.colcon_core.package_identification Level 1 _identify(src/dofbot_driver) by extensions ['ignore', 'ignore_ament_install']
[0.226s] colcon.colcon_core.package_identification Level 1 _identify(src/dofbot_driver) by extension 'ignore'
[0.226s] colcon.colcon_core.package_identification Level 1 _identify(src/dofbot_driver) by extension 'ignore_ament_install'
[0.226s] colcon.colcon_core.package_identification Level 1 _identify(src/dofbot_driver) by extensions ['colcon_pkg']
[0.226s] colcon.colcon_core.package_identification Level 1 _identify(src/dofbot_driver) by extension 'colcon_pkg'
[0.226s] colcon.colcon_core.package_identification Level 1 _identify(src/dofbot_driver) by extensions ['colcon_meta']
[0.226s] colcon.colcon_core.package_identification Level 1 _identify(src/dofbot_driver) by extension 'colcon_meta'
[0.226s] colcon.colcon_core.package_identification Level 1 _identify(src/dofbot_driver) by extensions ['ros']
[0.226s] colcon.colcon_core.package_identification Level 1 _identify(src/dofbot_driver) by extension 'ros'
[0.227s] colcon.colcon_core.package_identification DEBUG Package 'src/dofbot_driver' with type 'ros.ament_python' and name 'dofbot_driver'
[0.227s] colcon.colcon_core.package_identification Level 1 _identify(src/dofbot_face_follow) by extensions ['ignore', 'ignore_ament_install']
[0.227s] colcon.colcon_core.package_identification Level 1 _identify(src/dofbot_face_follow) by extension 'ignore'
[0.227s] colcon.colcon_core.package_identification Level 1 _identify(src/dofbot_face_follow) by extension 'ignore_ament_install'
[0.227s] colcon.colcon_core.package_identification Level 1 _identify(src/dofbot_face_follow) by extensions ['colcon_pkg']
[0.227s] colcon.colcon_core.package_identification Level 1 _identify(src/dofbot_face_follow) by extension 'colcon_pkg'
[0.227s] colcon.colcon_core.package_identification Level 1 _identify(src/dofbot_face_follow) by extensions ['colcon_meta']
[0.227s] colcon.colcon_core.package_identification Level 1 _identify(src/dofbot_face_follow) by extension 'colcon_meta'
[0.227s] colcon.colcon_core.package_identification Level 1 _identify(src/dofbot_face_follow) by extensions ['ros']
[0.227s] colcon.colcon_core.package_identification Level 1 _identify(src/dofbot_face_follow) by extension 'ros'
[0.227s] colcon.colcon_core.package_identification DEBUG Package 'src/dofbot_face_follow' with type 'ros.catkin' and name 'dofbot_face_follow'
[0.228s] colcon.colcon_core.package_identification Level 1 _identify(src/dofbot_follow) by extensions ['ignore', 'ignore_ament_install']
[0.228s] colcon.colcon_core.package_identification Level 1 _identify(src/dofbot_follow) by extension 'ignore'
[0.228s] colcon.colcon_core.package_identification Level 1 _identify(src/dofbot_follow) by extension 'ignore_ament_install'
[0.228s] colcon.colcon_core.package_identification Level 1 _identify(src/dofbot_follow) by extensions ['colcon_pkg']
[0.228s] colcon.colcon_core.package_identification Level 1 _identify(src/dofbot_follow) by extension 'colcon_pkg'
[0.228s] colcon.colcon_core.package_identification Level 1 _identify(src/dofbot_follow) by extensions ['colcon_meta']
[0.228s] colcon.colcon_core.package_identification Level 1 _identify(src/dofbot_follow) by extension 'colcon_meta'
[0.228s] colcon.colcon_core.package_identification Level 1 _identify(src/dofbot_follow) by extensions ['ros']
[0.228s] colcon.colcon_core.package_identification Level 1 _identify(src/dofbot_follow) by extension 'ros'
[0.228s] colcon.colcon_core.package_identification DEBUG Package 'src/dofbot_follow' with type 'ros.ament_python' and name 'dofbot_follow'
[0.228s] colcon.colcon_core.package_identification Level 1 _identify(src/dofbot_garbage_yolov11) by extensions ['ignore', 'ignore_ament_install']
[0.228s] colcon.colcon_core.package_identification Level 1 _identify(src/dofbot_garbage_yolov11) by extension 'ignore'
[0.228s] colcon.colcon_core.package_identification Level 1 _identify(src/dofbot_garbage_yolov11) by extension 'ignore_ament_install'
[0.228s] colcon.colcon_core.package_identification Level 1 _identify(src/dofbot_garbage_yolov11) by extensions ['colcon_pkg']
[0.228s] colcon.colcon_core.package_identification Level 1 _identify(src/dofbot_garbage_yolov11) by extension 'colcon_pkg'
[0.228s] colcon.colcon_core.package_identification Level 1 _identify(src/dofbot_garbage_yolov11) by extensions ['colcon_meta']
[0.228s] colcon.colcon_core.package_identification Level 1 _identify(src/dofbot_garbage_yolov11) by extension 'colcon_meta'
[0.228s] colcon.colcon_core.package_identification Level 1 _identify(src/dofbot_garbage_yolov11) by extensions ['ros']
[0.228s] colcon.colcon_core.package_identification Level 1 _identify(src/dofbot_garbage_yolov11) by extension 'ros'
[0.228s] colcon.colcon_core.package_identification Level 1 _identify(src/dofbot_garbage_yolov11) by extensions ['cmake', 'python']
[0.228s] colcon.colcon_core.package_identification Level 1 _identify(src/dofbot_garbage_yolov11) by extension 'cmake'
[0.228s] colcon.colcon_core.package_identification Level 1 _identify(src/dofbot_garbage_yolov11) by extension 'python'
[0.229s] colcon.colcon_core.package_identification Level 1 _identify(src/dofbot_garbage_yolov11) by extensions ['python_setup_py']
[0.229s] colcon.colcon_core.package_identification Level 1 _identify(src/dofbot_garbage_yolov11) by extension 'python_setup_py'
[0.229s] colcon.colcon_core.package_identification Level 1 _identify(src/dofbot_garbage_yolov11/__pycache__) by extensions ['ignore', 'ignore_ament_install']
[0.229s] colcon.colcon_core.package_identification Level 1 _identify(src/dofbot_garbage_yolov11/__pycache__) by extension 'ignore'
[0.229s] colcon.colcon_core.package_identification Level 1 _identify(src/dofbot_garbage_yolov11/__pycache__) by extension 'ignore_ament_install'
[0.229s] colcon.colcon_core.package_identification Level 1 _identify(src/dofbot_garbage_yolov11/__pycache__) by extensions ['colcon_pkg']
[0.229s] colcon.colcon_core.package_identification Level 1 _identify(src/dofbot_garbage_yolov11/__pycache__) by extension 'colcon_pkg'
[0.229s] colcon.colcon_core.package_identification Level 1 _identify(src/dofbot_garbage_yolov11/__pycache__) by extensions ['colcon_meta']
[0.229s] colcon.colcon_core.package_identification Level 1 _identify(src/dofbot_garbage_yolov11/__pycache__) by extension 'colcon_meta'
[0.229s] colcon.colcon_core.package_identification Level 1 _identify(src/dofbot_garbage_yolov11/__pycache__) by extensions ['ros']
[0.229s] colcon.colcon_core.package_identification Level 1 _identify(src/dofbot_garbage_yolov11/__pycache__) by extension 'ros'
[0.229s] colcon.colcon_core.package_identification Level 1 _identify(src/dofbot_garbage_yolov11/__pycache__) by extensions ['cmake', 'python']
[0.229s] colcon.colcon_core.package_identification Level 1 _identify(src/dofbot_garbage_yolov11/__pycache__) by extension 'cmake'
[0.229s] colcon.colcon_core.package_identification Level 1 _identify(src/dofbot_garbage_yolov11/__pycache__) by extension 'python'
[0.229s] colcon.colcon_core.package_identification Level 1 _identify(src/dofbot_garbage_yolov11/__pycache__) by extensions ['python_setup_py']
[0.229s] colcon.colcon_core.package_identification Level 1 _identify(src/dofbot_garbage_yolov11/__pycache__) by extension 'python_setup_py'
[0.229s] colcon.colcon_core.package_identification Level 1 _identify(src/dofbot_info) by extensions ['ignore', 'ignore_ament_install']
[0.229s] colcon.colcon_core.package_identification Level 1 _identify(src/dofbot_info) by extension 'ignore'
[0.229s] colcon.colcon_core.package_identification Level 1 _identify(src/dofbot_info) by extension 'ignore_ament_install'
[0.229s] colcon.colcon_core.package_identification Level 1 _identify(src/dofbot_info) by extensions ['colcon_pkg']
[0.229s] colcon.colcon_core.package_identification Level 1 _identify(src/dofbot_info) by extension 'colcon_pkg'
[0.229s] colcon.colcon_core.package_identification Level 1 _identify(src/dofbot_info) by extensions ['colcon_meta']
[0.229s] colcon.colcon_core.package_identification Level 1 _identify(src/dofbot_info) by extension 'colcon_meta'
[0.229s] colcon.colcon_core.package_identification Level 1 _identify(src/dofbot_info) by extensions ['ros']
[0.229s] colcon.colcon_core.package_identification Level 1 _identify(src/dofbot_info) by extension 'ros'
[0.230s] colcon.colcon_core.package_identification DEBUG Package 'src/dofbot_info' with type 'ros.ament_cmake' and name 'dofbot_info'
[0.230s] colcon.colcon_core.package_identification Level 1 _identify(src/dofbot_interface) by extensions ['ignore', 'ignore_ament_install']
[0.230s] colcon.colcon_core.package_identification Level 1 _identify(src/dofbot_interface) by extension 'ignore'
[0.230s] colcon.colcon_core.package_identification Level 1 _identify(src/dofbot_interface) by extension 'ignore_ament_install'
[0.230s] colcon.colcon_core.package_identification Level 1 _identify(src/dofbot_interface) by extensions ['colcon_pkg']
[0.230s] colcon.colcon_core.package_identification Level 1 _identify(src/dofbot_interface) by extension 'colcon_pkg'
[0.230s] colcon.colcon_core.package_identification Level 1 _identify(src/dofbot_interface) by extensions ['colcon_meta']
[0.230s] colcon.colcon_core.package_identification Level 1 _identify(src/dofbot_interface) by extension 'colcon_meta'
[0.230s] colcon.colcon_core.package_identification Level 1 _identify(src/dofbot_interface) by extensions ['ros']
[0.230s] colcon.colcon_core.package_identification Level 1 _identify(src/dofbot_interface) by extension 'ros'
[0.230s] colcon.colcon_core.package_identification DEBUG Package 'src/dofbot_interface' with type 'ros.ament_cmake' and name 'dofbot_interface'
[0.230s] colcon.colcon_core.package_identification Level 1 _identify(src/dofbot_mediapipe) by extensions ['ignore', 'ignore_ament_install']
[0.230s] colcon.colcon_core.package_identification Level 1 _identify(src/dofbot_mediapipe) by extension 'ignore'
[0.231s] colcon.colcon_core.package_identification Level 1 _identify(src/dofbot_mediapipe) by extension 'ignore_ament_install'
[0.231s] colcon.colcon_core.package_identification Level 1 _identify(src/dofbot_mediapipe) by extensions ['colcon_pkg']
[0.231s] colcon.colcon_core.package_identification Level 1 _identify(src/dofbot_mediapipe) by extension 'colcon_pkg'
[0.231s] colcon.colcon_core.package_identification Level 1 _identify(src/dofbot_mediapipe) by extensions ['colcon_meta']
[0.231s] colcon.colcon_core.package_identification Level 1 _identify(src/dofbot_mediapipe) by extension 'colcon_meta'
[0.231s] colcon.colcon_core.package_identification Level 1 _identify(src/dofbot_mediapipe) by extensions ['ros']
[0.231s] colcon.colcon_core.package_identification Level 1 _identify(src/dofbot_mediapipe) by extension 'ros'
[0.231s] colcon.colcon_core.package_identification DEBUG Package 'src/dofbot_mediapipe' with type 'ros.ament_python' and name 'dofbot_mediapipe'
[0.231s] colcon.colcon_core.package_identification Level 1 _identify(src/dofbot_moveit) by extensions ['ignore', 'ignore_ament_install']
[0.231s] colcon.colcon_core.package_identification Level 1 _identify(src/dofbot_moveit) by extension 'ignore'
[0.231s] colcon.colcon_core.package_identification Level 1 _identify(src/dofbot_moveit) by extension 'ignore_ament_install'
[0.231s] colcon.colcon_core.package_identification Level 1 _identify(src/dofbot_moveit) by extensions ['colcon_pkg']
[0.231s] colcon.colcon_core.package_identification Level 1 _identify(src/dofbot_moveit) by extension 'colcon_pkg'
[0.231s] colcon.colcon_core.package_identification Level 1 _identify(src/dofbot_moveit) by extensions ['colcon_meta']
[0.231s] colcon.colcon_core.package_identification Level 1 _identify(src/dofbot_moveit) by extension 'colcon_meta'
[0.231s] colcon.colcon_core.package_identification Level 1 _identify(src/dofbot_moveit) by extensions ['ros']
[0.231s] colcon.colcon_core.package_identification Level 1 _identify(src/dofbot_moveit) by extension 'ros'
[0.232s] colcon.colcon_core.package_identification DEBUG Package 'src/dofbot_moveit' with type 'ros.ament_cmake' and name 'dofbot_moveit'
[0.232s] colcon.colcon_core.package_identification Level 1 _identify(src/dofbot_msgs) by extensions ['ignore', 'ignore_ament_install']
[0.232s] colcon.colcon_core.package_identification Level 1 _identify(src/dofbot_msgs) by extension 'ignore'
[0.232s] colcon.colcon_core.package_identification Level 1 _identify(src/dofbot_msgs) by extension 'ignore_ament_install'
[0.232s] colcon.colcon_core.package_identification Level 1 _identify(src/dofbot_msgs) by extensions ['colcon_pkg']
[0.232s] colcon.colcon_core.package_identification Level 1 _identify(src/dofbot_msgs) by extension 'colcon_pkg'
[0.232s] colcon.colcon_core.package_identification Level 1 _identify(src/dofbot_msgs) by extensions ['colcon_meta']
[0.232s] colcon.colcon_core.package_identification Level 1 _identify(src/dofbot_msgs) by extension 'colcon_meta'
[0.232s] colcon.colcon_core.package_identification Level 1 _identify(src/dofbot_msgs) by extensions ['ros']
[0.232s] colcon.colcon_core.package_identification Level 1 _identify(src/dofbot_msgs) by extension 'ros'
[0.232s] colcon.colcon_core.package_identification DEBUG Package 'src/dofbot_msgs' with type 'ros.ament_cmake' and name 'dofbot_msgs'
[0.233s] colcon.colcon_core.package_identification Level 1 _identify(src/dofbot_snake_follow) by extensions ['ignore', 'ignore_ament_install']
[0.233s] colcon.colcon_core.package_identification Level 1 _identify(src/dofbot_snake_follow) by extension 'ignore'
[0.233s] colcon.colcon_core.package_identification Level 1 _identify(src/dofbot_snake_follow) by extension 'ignore_ament_install'
[0.233s] colcon.colcon_core.package_identification Level 1 _identify(src/dofbot_snake_follow) by extensions ['colcon_pkg']
[0.233s] colcon.colcon_core.package_identification Level 1 _identify(src/dofbot_snake_follow) by extension 'colcon_pkg'
[0.233s] colcon.colcon_core.package_identification Level 1 _identify(src/dofbot_snake_follow) by extensions ['colcon_meta']
[0.233s] colcon.colcon_core.package_identification Level 1 _identify(src/dofbot_snake_follow) by extension 'colcon_meta'
[0.233s] colcon.colcon_core.package_identification Level 1 _identify(src/dofbot_snake_follow) by extensions ['ros']
[0.233s] colcon.colcon_core.package_identification Level 1 _identify(src/dofbot_snake_follow) by extension 'ros'
[0.233s] colcon.colcon_core.package_identification DEBUG Package 'src/dofbot_snake_follow' with type 'ros.catkin' and name 'dofbot_snake_follow'
[0.233s] colcon.colcon_core.package_identification Level 1 _identify(src/dofbot_sorting) by extensions ['ignore', 'ignore_ament_install']
[0.233s] colcon.colcon_core.package_identification Level 1 _identify(src/dofbot_sorting) by extension 'ignore'
[0.233s] colcon.colcon_core.package_identification Level 1 _identify(src/dofbot_sorting) by extension 'ignore_ament_install'
[0.233s] colcon.colcon_core.package_identification Level 1 _identify(src/dofbot_sorting) by extensions ['colcon_pkg']
[0.233s] colcon.colcon_core.package_identification Level 1 _identify(src/dofbot_sorting) by extension 'colcon_pkg'
[0.233s] colcon.colcon_core.package_identification Level 1 _identify(src/dofbot_sorting) by extensions ['colcon_meta']
[0.233s] colcon.colcon_core.package_identification Level 1 _identify(src/dofbot_sorting) by extension 'colcon_meta'
[0.233s] colcon.colcon_core.package_identification Level 1 _identify(src/dofbot_sorting) by extensions ['ros']
[0.234s] colcon.colcon_core.package_identification Level 1 _identify(src/dofbot_sorting) by extension 'ros'
[0.234s] colcon.colcon_core.package_identification DEBUG Package 'src/dofbot_sorting' with type 'ros.ament_python' and name 'dofbot_sorting'
[0.234s] colcon.colcon_core.package_identification Level 1 _identify(src/dofbot_sorting_3d) by extensions ['ignore', 'ignore_ament_install']
[0.234s] colcon.colcon_core.package_identification Level 1 _identify(src/dofbot_sorting_3d) by extension 'ignore'
[0.234s] colcon.colcon_core.package_identification Level 1 _identify(src/dofbot_sorting_3d) by extension 'ignore_ament_install'
[0.234s] colcon.colcon_core.package_identification Level 1 _identify(src/dofbot_sorting_3d) by extensions ['colcon_pkg']
[0.234s] colcon.colcon_core.package_identification Level 1 _identify(src/dofbot_sorting_3d) by extension 'colcon_pkg'
[0.234s] colcon.colcon_core.package_identification Level 1 _identify(src/dofbot_sorting_3d) by extensions ['colcon_meta']
[0.234s] colcon.colcon_core.package_identification Level 1 _identify(src/dofbot_sorting_3d) by extension 'colcon_meta'
[0.234s] colcon.colcon_core.package_identification Level 1 _identify(src/dofbot_sorting_3d) by extensions ['ros']
[0.234s] colcon.colcon_core.package_identification Level 1 _identify(src/dofbot_sorting_3d) by extension 'ros'
[0.234s] colcon.colcon_core.package_identification DEBUG Package 'src/dofbot_sorting_3d' with type 'ros.ament_python' and name 'dofbot_sorting_3d'
[0.235s] colcon.colcon_core.package_identification Level 1 _identify(src/dofbot_urdf) by extensions ['ignore', 'ignore_ament_install']
[0.235s] colcon.colcon_core.package_identification Level 1 _identify(src/dofbot_urdf) by extension 'ignore'
[0.235s] colcon.colcon_core.package_identification Level 1 _identify(src/dofbot_urdf) by extension 'ignore_ament_install'
[0.235s] colcon.colcon_core.package_identification Level 1 _identify(src/dofbot_urdf) by extensions ['colcon_pkg']
[0.235s] colcon.colcon_core.package_identification Level 1 _identify(src/dofbot_urdf) by extension 'colcon_pkg'
[0.235s] colcon.colcon_core.package_identification Level 1 _identify(src/dofbot_urdf) by extensions ['colcon_meta']
[0.235s] colcon.colcon_core.package_identification Level 1 _identify(src/dofbot_urdf) by extension 'colcon_meta'
[0.235s] colcon.colcon_core.package_identification Level 1 _identify(src/dofbot_urdf) by extensions ['ros']
[0.235s] colcon.colcon_core.package_identification Level 1 _identify(src/dofbot_urdf) by extension 'ros'
[0.235s] colcon.colcon_core.package_identification DEBUG Package 'src/dofbot_urdf' with type 'ros.ament_cmake' and name 'dofbot_urdf'
[0.235s] colcon.colcon_core.package_identification Level 1 _identify(src/dofbot_voice_ctrl) by extensions ['ignore', 'ignore_ament_install']
[0.235s] colcon.colcon_core.package_identification Level 1 _identify(src/dofbot_voice_ctrl) by extension 'ignore'
[0.235s] colcon.colcon_core.package_identification Level 1 _identify(src/dofbot_voice_ctrl) by extension 'ignore_ament_install'
[0.235s] colcon.colcon_core.package_identification Level 1 _identify(src/dofbot_voice_ctrl) by extensions ['colcon_pkg']
[0.235s] colcon.colcon_core.package_identification Level 1 _identify(src/dofbot_voice_ctrl) by extension 'colcon_pkg'
[0.235s] colcon.colcon_core.package_identification Level 1 _identify(src/dofbot_voice_ctrl) by extensions ['colcon_meta']
[0.235s] colcon.colcon_core.package_identification Level 1 _identify(src/dofbot_voice_ctrl) by extension 'colcon_meta'
[0.235s] colcon.colcon_core.package_identification Level 1 _identify(src/dofbot_voice_ctrl) by extensions ['ros']
[0.235s] colcon.colcon_core.package_identification Level 1 _identify(src/dofbot_voice_ctrl) by extension 'ros'
[0.236s] colcon.colcon_core.package_identification DEBUG Package 'src/dofbot_voice_ctrl' with type 'ros.ament_python' and name 'dofbot_voice_ctrl'
[0.236s] colcon.colcon_core.package_identification Level 1 _identify(src/dofbot_yolov11) by extensions ['ignore', 'ignore_ament_install']
[0.236s] colcon.colcon_core.package_identification Level 1 _identify(src/dofbot_yolov11) by extension 'ignore'
[0.236s] colcon.colcon_core.package_identification Level 1 _identify(src/dofbot_yolov11) by extension 'ignore_ament_install'
[0.236s] colcon.colcon_core.package_identification Level 1 _identify(src/dofbot_yolov11) by extensions ['colcon_pkg']
[0.236s] colcon.colcon_core.package_identification Level 1 _identify(src/dofbot_yolov11) by extension 'colcon_pkg'
[0.236s] colcon.colcon_core.package_identification Level 1 _identify(src/dofbot_yolov11) by extensions ['colcon_meta']
[0.236s] colcon.colcon_core.package_identification Level 1 _identify(src/dofbot_yolov11) by extension 'colcon_meta'
[0.236s] colcon.colcon_core.package_identification Level 1 _identify(src/dofbot_yolov11) by extensions ['ros']
[0.236s] colcon.colcon_core.package_identification Level 1 _identify(src/dofbot_yolov11) by extension 'ros'
[0.236s] colcon.colcon_core.package_identification DEBUG Package 'src/dofbot_yolov11' with type 'ros.ament_python' and name 'dofbot_yolov11'
[0.236s] colcon.colcon_core.package_identification Level 1 _identify(src/yahboom_speech) by extensions ['ignore', 'ignore_ament_install']
[0.236s] colcon.colcon_core.package_identification Level 1 _identify(src/yahboom_speech) by extension 'ignore'
[0.237s] colcon.colcon_core.package_identification Level 1 _identify(src/yahboom_speech) by extension 'ignore_ament_install'
[0.237s] colcon.colcon_core.package_identification Level 1 _identify(src/yahboom_speech) by extensions ['colcon_pkg']
[0.237s] colcon.colcon_core.package_identification Level 1 _identify(src/yahboom_speech) by extension 'colcon_pkg'
[0.237s] colcon.colcon_core.package_identification Level 1 _identify(src/yahboom_speech) by extensions ['colcon_meta']
[0.237s] colcon.colcon_core.package_identification Level 1 _identify(src/yahboom_speech) by extension 'colcon_meta'
[0.237s] colcon.colcon_core.package_identification Level 1 _identify(src/yahboom_speech) by extensions ['ros']
[0.237s] colcon.colcon_core.package_identification Level 1 _identify(src/yahboom_speech) by extension 'ros'
[0.237s] colcon.colcon_core.package_identification DEBUG Package 'src/yahboom_speech' with type 'ros.ament_python' and name 'yahboom_speech'
[0.237s] colcon.colcon_core.package_discovery Level 1 discover_packages(recursive) using defaults
[0.249s] colcon.colcon_core.package_selection INFO Skipping not selected package 'dofbot_driver' in 'src/dofbot_driver'
[0.249s] colcon.colcon_core.package_selection INFO Skipping not selected package 'dofbot_face_follow' in 'src/dofbot_face_follow'
[0.249s] colcon.colcon_core.package_selection INFO Skipping not selected package 'dofbot_follow' in 'src/dofbot_follow'
[0.249s] colcon.colcon_core.package_selection INFO Skipping not selected package 'dofbot_info' in 'src/dofbot_info'
[0.249s] colcon.colcon_core.package_selection INFO Skipping not selected package 'dofbot_interface' in 'src/dofbot_interface'
[0.249s] colcon.colcon_core.package_selection INFO Skipping not selected package 'dofbot_msgs' in 'src/dofbot_msgs'
[0.249s] colcon.colcon_core.package_selection INFO Skipping not selected package 'dofbot_sorting' in 'src/dofbot_sorting'
[0.249s] colcon.colcon_core.package_selection INFO Skipping not selected package 'dofbot_urdf' in 'src/dofbot_urdf'
[0.249s] colcon.colcon_core.package_selection INFO Skipping not selected package 'dofbot_voice_ctrl' in 'src/dofbot_voice_ctrl'
[0.249s] colcon.colcon_core.package_selection INFO Skipping not selected package 'yahboom_speech' in 'src/yahboom_speech'
[0.249s] colcon.colcon_core.package_selection INFO Skipping not selected package 'dofbot_color_identify' in 'src/dofbot_color_identify'
[0.249s] colcon.colcon_core.package_selection INFO Skipping not selected package 'dofbot_color_stacking' in 'src/dofbot_color_stacking'
[0.249s] colcon.colcon_core.package_selection INFO Skipping not selected package 'dofbot_mediapipe' in 'src/dofbot_mediapipe'
[0.249s] colcon.colcon_core.package_selection INFO Skipping not selected package 'dofbot_moveit' in 'src/dofbot_moveit'
[0.249s] colcon.colcon_core.package_selection INFO Skipping not selected package 'dofbot_snake_follow' in 'src/dofbot_snake_follow'
[0.250s] colcon.colcon_core.package_discovery Level 1 discover_packages(prefix_path) check parameters
[0.250s] colcon.colcon_core.package_discovery Level 1 discover_packages(prefix_path) discover
[0.251s] colcon.colcon_installed_package_information.package_discovery DEBUG Found 360 installed packages in /opt/ros/humble
[0.252s] colcon.colcon_core.package_discovery Level 1 discover_packages(prefix_path) using defaults
[0.279s] colcon.colcon_core.verb Level 5 set package 'dofbot_sorting_3d' build argument 'cmake_args' from command line to 'None'
[0.279s] colcon.colcon_core.verb Level 5 set package 'dofbot_sorting_3d' build argument 'cmake_target' from command line to 'None'
[0.279s] colcon.colcon_core.verb Level 5 set package 'dofbot_sorting_3d' build argument 'cmake_target_skip_unavailable' from command line to 'False'
[0.279s] colcon.colcon_core.verb Level 5 set package 'dofbot_sorting_3d' build argument 'cmake_clean_cache' from command line to 'False'
[0.279s] colcon.colcon_core.verb Level 5 set package 'dofbot_sorting_3d' build argument 'cmake_clean_first' from command line to 'False'
[0.279s] colcon.colcon_core.verb Level 5 set package 'dofbot_sorting_3d' build argument 'cmake_force_configure' from command line to 'False'
[0.279s] colcon.colcon_core.verb Level 5 set package 'dofbot_sorting_3d' build argument 'ament_cmake_args' from command line to 'None'
[0.279s] colcon.colcon_core.verb Level 5 set package 'dofbot_sorting_3d' build argument 'catkin_cmake_args' from command line to 'None'
[0.279s] colcon.colcon_core.verb Level 5 set package 'dofbot_sorting_3d' build argument 'catkin_skip_building_tests' from command line to 'False'
[0.279s] colcon.colcon_core.verb DEBUG Building package 'dofbot_sorting_3d' with the following arguments: {'ament_cmake_args': None, 'build_base': '/home/jloy/Desktop/robot-arm/dofbot_ws/build_t6_regular/dofbot_sorting_3d', 'catkin_cmake_args': None, 'catkin_skip_building_tests': False, 'cmake_args': None, 'cmake_clean_cache': False, 'cmake_clean_first': False, 'cmake_force_configure': False, 'cmake_target': None, 'cmake_target_skip_unavailable': False, 'install_base': '/home/jloy/Desktop/robot-arm/dofbot_ws/install_t6_regular/dofbot_sorting_3d', 'merge_install': False, 'path': '/home/jloy/Desktop/robot-arm/dofbot_ws/src/dofbot_sorting_3d', 'symlink_install': False, 'test_result_base': None}
[0.279s] colcon.colcon_core.verb Level 5 set package 'dofbot_yolov11' build argument 'cmake_args' from command line to 'None'
[0.279s] colcon.colcon_core.verb Level 5 set package 'dofbot_yolov11' build argument 'cmake_target' from command line to 'None'
[0.279s] colcon.colcon_core.verb Level 5 set package 'dofbot_yolov11' build argument 'cmake_target_skip_unavailable' from command line to 'False'
[0.279s] colcon.colcon_core.verb Level 5 set package 'dofbot_yolov11' build argument 'cmake_clean_cache' from command line to 'False'
[0.279s] colcon.colcon_core.verb Level 5 set package 'dofbot_yolov11' build argument 'cmake_clean_first' from command line to 'False'
[0.279s] colcon.colcon_core.verb Level 5 set package 'dofbot_yolov11' build argument 'cmake_force_configure' from command line to 'False'
[0.279s] colcon.colcon_core.verb Level 5 set package 'dofbot_yolov11' build argument 'ament_cmake_args' from command line to 'None'
[0.279s] colcon.colcon_core.verb Level 5 set package 'dofbot_yolov11' build argument 'catkin_cmake_args' from command line to 'None'
[0.279s] colcon.colcon_core.verb Level 5 set package 'dofbot_yolov11' build argument 'catkin_skip_building_tests' from command line to 'False'
[0.279s] colcon.colcon_core.verb DEBUG Building package 'dofbot_yolov11' with the following arguments: {'ament_cmake_args': None, 'build_base': '/home/jloy/Desktop/robot-arm/dofbot_ws/build_t6_regular/dofbot_yolov11', 'catkin_cmake_args': None, 'catkin_skip_building_tests': False, 'cmake_args': None, 'cmake_clean_cache': False, 'cmake_clean_first': False, 'cmake_force_configure': False, 'cmake_target': None, 'cmake_target_skip_unavailable': False, 'install_base': '/home/jloy/Desktop/robot-arm/dofbot_ws/install_t6_regular/dofbot_yolov11', 'merge_install': False, 'path': '/home/jloy/Desktop/robot-arm/dofbot_ws/src/dofbot_yolov11', 'symlink_install': False, 'test_result_base': None}
[0.279s] colcon.colcon_core.executor INFO Executing jobs using 'parallel' executor
[0.280s] colcon.colcon_parallel_executor.executor.parallel DEBUG run_until_complete
[0.280s] colcon.colcon_ros.task.ament_python.build INFO Building ROS package in '/home/jloy/Desktop/robot-arm/dofbot_ws/src/dofbot_sorting_3d' with build type 'ament_python'
[0.280s] colcon.colcon_core.shell Level 1 create_environment_hook('dofbot_sorting_3d', 'ament_prefix_path')
[0.282s] colcon.colcon_core.plugin_system INFO Skipping extension 'colcon_core.shell.bat': Not used on non-Windows systems
[0.282s] colcon.colcon_core.shell INFO Creating environment hook '/home/jloy/Desktop/robot-arm/dofbot_ws/install_t6_regular/dofbot_sorting_3d/share/dofbot_sorting_3d/hook/ament_prefix_path.ps1'
[0.283s] colcon.colcon_core.shell INFO Creating environment descriptor '/home/jloy/Desktop/robot-arm/dofbot_ws/install_t6_regular/dofbot_sorting_3d/share/dofbot_sorting_3d/hook/ament_prefix_path.dsv'
[0.283s] colcon.colcon_core.shell INFO Creating environment hook '/home/jloy/Desktop/robot-arm/dofbot_ws/install_t6_regular/dofbot_sorting_3d/share/dofbot_sorting_3d/hook/ament_prefix_path.sh'
[0.283s] colcon.colcon_core.shell INFO Skip shell extension 'powershell' for command environment: Not usable outside of PowerShell
[0.284s] colcon.colcon_core.shell DEBUG Skip shell extension 'dsv' for command environment
[0.286s] colcon.colcon_ros.task.ament_python.build INFO Building ROS package in '/home/jloy/Desktop/robot-arm/dofbot_ws/src/dofbot_yolov11' with build type 'ament_python'
[0.286s] colcon.colcon_core.shell Level 1 create_environment_hook('dofbot_yolov11', 'ament_prefix_path')
[0.286s] colcon.colcon_core.shell INFO Creating environment hook '/home/jloy/Desktop/robot-arm/dofbot_ws/install_t6_regular/dofbot_yolov11/share/dofbot_yolov11/hook/ament_prefix_path.ps1'
[0.286s] colcon.colcon_core.shell INFO Creating environment descriptor '/home/jloy/Desktop/robot-arm/dofbot_ws/install_t6_regular/dofbot_yolov11/share/dofbot_yolov11/hook/ament_prefix_path.dsv'
[0.286s] colcon.colcon_core.shell INFO Creating environment hook '/home/jloy/Desktop/robot-arm/dofbot_ws/install_t6_regular/dofbot_yolov11/share/dofbot_yolov11/hook/ament_prefix_path.sh'
[0.287s] colcon.colcon_core.shell INFO Skip shell extension 'powershell' for command environment: Not usable outside of PowerShell
[0.287s] colcon.colcon_core.shell DEBUG Skip shell extension 'dsv' for command environment
[0.471s] colcon.colcon_core.task.python.build INFO Building Python package in '/home/jloy/Desktop/robot-arm/dofbot_ws/src/dofbot_sorting_3d'
[0.471s] colcon.colcon_core.shell INFO Skip shell extension 'powershell' for command environment: Not usable outside of PowerShell
[0.471s] colcon.colcon_core.shell DEBUG Skip shell extension 'dsv' for command environment
[0.655s] colcon.colcon_core.task.python.build INFO Building Python package in '/home/jloy/Desktop/robot-arm/dofbot_ws/src/dofbot_yolov11'
[0.655s] colcon.colcon_core.shell INFO Skip shell extension 'powershell' for command environment: Not usable outside of PowerShell
[0.655s] colcon.colcon_core.shell DEBUG Skip shell extension 'dsv' for command environment
[0.903s] colcon.colcon_core.task.python.build DEBUG Available setuptools commands: develop, dist_info, bdist, init_catalog, clean, egg_info, compile_catalog, build_scripts, extract_messages, update_catalog, build_py, install, upload, setopt, install_scripts, bdist_dumb, install_headers, rotate, alias, easy_install, bdist_wheel, build, install_egg_info, install_data, saveopts, build_ext, test, bdist_egg, bdist_rpm, sdist, symlink_data, build_clib, upload_docs, install_lib, register, check
[0.905s] colcon.colcon_core.task.python.build DEBUG Available setuptools commands: develop, dist_info, bdist, init_catalog, clean, egg_info, compile_catalog, build_scripts, extract_messages, update_catalog, build_py, install, upload, setopt, install_scripts, bdist_dumb, install_headers, rotate, alias, easy_install, bdist_wheel, build, install_egg_info, install_data, saveopts, build_ext, test, bdist_egg, bdist_rpm, sdist, symlink_data, build_clib, upload_docs, install_lib, register, check
[0.906s] colcon.colcon_core.event_handler.log_command DEBUG Invoking command in '/home/jloy/Desktop/robot-arm/dofbot_ws/src/dofbot_yolov11': PYTHONPATH=/home/jloy/Desktop/robot-arm/dofbot_ws/build_t6_regular/dofbot_yolov11/prefix_override:/usr/lib/python3/dist-packages/colcon_core/task/python/colcon_distutils_commands:/home/jloy/Desktop/robot-arm/dofbot_ws/install_t6_regular/dofbot_yolov11/lib/python3.10/site-packages:${PYTHONPATH} /usr/bin/python3 -W ignore:setup.py install is deprecated -W ignore:easy_install command is deprecated setup.py egg_info --egg-base ../../build_t6_regular/dofbot_yolov11 build --build-base /home/jloy/Desktop/robot-arm/dofbot_ws/build_t6_regular/dofbot_yolov11/build install --record /home/jloy/Desktop/robot-arm/dofbot_ws/build_t6_regular/dofbot_yolov11/install.log --install-scripts $base/lib/dofbot_yolov11 --single-version-externally-managed install_data
[0.907s] colcon.colcon_core.event_handler.log_command DEBUG Invoking command in '/home/jloy/Desktop/robot-arm/dofbot_ws/src/dofbot_sorting_3d': PYTHONPATH=/home/jloy/Desktop/robot-arm/dofbot_ws/build_t6_regular/dofbot_sorting_3d/prefix_override:/usr/lib/python3/dist-packages/colcon_core/task/python/colcon_distutils_commands:/home/jloy/Desktop/robot-arm/dofbot_ws/install_t6_regular/dofbot_sorting_3d/lib/python3.10/site-packages:${PYTHONPATH} /usr/bin/python3 -W ignore:setup.py install is deprecated -W ignore:easy_install command is deprecated setup.py egg_info --egg-base ../../build_t6_regular/dofbot_sorting_3d build --build-base /home/jloy/Desktop/robot-arm/dofbot_ws/build_t6_regular/dofbot_sorting_3d/build install --record /home/jloy/Desktop/robot-arm/dofbot_ws/build_t6_regular/dofbot_sorting_3d/install.log --install-scripts $base/lib/dofbot_sorting_3d --single-version-externally-managed install_data
[1.112s] colcon.colcon_core.event_handler.log_command DEBUG Invoked command in '/home/jloy/Desktop/robot-arm/dofbot_ws/src/dofbot_yolov11' returned '0': PYTHONPATH=/home/jloy/Desktop/robot-arm/dofbot_ws/build_t6_regular/dofbot_yolov11/prefix_override:/usr/lib/python3/dist-packages/colcon_core/task/python/colcon_distutils_commands:/home/jloy/Desktop/robot-arm/dofbot_ws/install_t6_regular/dofbot_yolov11/lib/python3.10/site-packages:${PYTHONPATH} /usr/bin/python3 -W ignore:setup.py install is deprecated -W ignore:easy_install command is deprecated setup.py egg_info --egg-base ../../build_t6_regular/dofbot_yolov11 build --build-base /home/jloy/Desktop/robot-arm/dofbot_ws/build_t6_regular/dofbot_yolov11/build install --record /home/jloy/Desktop/robot-arm/dofbot_ws/build_t6_regular/dofbot_yolov11/install.log --install-scripts $base/lib/dofbot_yolov11 --single-version-externally-managed install_data
[1.113s] colcon.colcon_core.environment Level 1 checking '/home/jloy/Desktop/robot-arm/dofbot_ws/install_t6_regular/dofbot_yolov11' for CMake module files
[1.114s] colcon.colcon_core.environment Level 1 checking '/home/jloy/Desktop/robot-arm/dofbot_ws/install_t6_regular/dofbot_yolov11' for CMake config files
[1.114s] colcon.colcon_core.environment Level 1 checking '/home/jloy/Desktop/robot-arm/dofbot_ws/install_t6_regular/dofbot_yolov11/lib'
[1.114s] colcon.colcon_core.environment Level 1 checking '/home/jloy/Desktop/robot-arm/dofbot_ws/install_t6_regular/dofbot_yolov11/bin'
[1.114s] colcon.colcon_core.environment Level 1 checking '/home/jloy/Desktop/robot-arm/dofbot_ws/install_t6_regular/dofbot_yolov11/lib/pkgconfig/dofbot_yolov11.pc'
[1.114s] colcon.colcon_core.environment Level 1 checking '/home/jloy/Desktop/robot-arm/dofbot_ws/install_t6_regular/dofbot_yolov11/lib/python3.10/site-packages'
[1.114s] colcon.colcon_core.shell Level 1 create_environment_hook('dofbot_yolov11', 'pythonpath')
[1.114s] colcon.colcon_core.shell INFO Creating environment hook '/home/jloy/Desktop/robot-arm/dofbot_ws/install_t6_regular/dofbot_yolov11/share/dofbot_yolov11/hook/pythonpath.ps1'
[1.115s] colcon.colcon_core.shell INFO Creating environment descriptor '/home/jloy/Desktop/robot-arm/dofbot_ws/install_t6_regular/dofbot_yolov11/share/dofbot_yolov11/hook/pythonpath.dsv'
[1.115s] colcon.colcon_core.shell INFO Creating environment hook '/home/jloy/Desktop/robot-arm/dofbot_ws/install_t6_regular/dofbot_yolov11/share/dofbot_yolov11/hook/pythonpath.sh'
[1.116s] colcon.colcon_core.environment Level 1 checking '/home/jloy/Desktop/robot-arm/dofbot_ws/install_t6_regular/dofbot_yolov11/bin'
[1.116s] colcon.colcon_core.environment Level 1 create_environment_scripts_only(dofbot_yolov11)
[1.116s] colcon.colcon_core.shell INFO Creating package script '/home/jloy/Desktop/robot-arm/dofbot_ws/install_t6_regular/dofbot_yolov11/share/dofbot_yolov11/package.ps1'
[1.117s] colcon.colcon_core.shell INFO Creating package descriptor '/home/jloy/Desktop/robot-arm/dofbot_ws/install_t6_regular/dofbot_yolov11/share/dofbot_yolov11/package.dsv'
[1.117s] colcon.colcon_core.shell INFO Creating package script '/home/jloy/Desktop/robot-arm/dofbot_ws/install_t6_regular/dofbot_yolov11/share/dofbot_yolov11/package.sh'
[1.117s] colcon.colcon_core.shell INFO Creating package script '/home/jloy/Desktop/robot-arm/dofbot_ws/install_t6_regular/dofbot_yolov11/share/dofbot_yolov11/package.bash'
[1.118s] colcon.colcon_core.shell INFO Creating package script '/home/jloy/Desktop/robot-arm/dofbot_ws/install_t6_regular/dofbot_yolov11/share/dofbot_yolov11/package.zsh'
[1.118s] colcon.colcon_core.environment Level 1 create_file_with_runtime_dependencies(/home/jloy/Desktop/robot-arm/dofbot_ws/install_t6_regular/dofbot_yolov11/share/colcon-core/packages/dofbot_yolov11)
[1.130s] colcon.colcon_core.environment Level 1 checking '/home/jloy/Desktop/robot-arm/dofbot_ws/install_t6_regular/dofbot_sorting_3d' for CMake module files
[1.130s] colcon.colcon_core.event_handler.log_command DEBUG Invoked command in '/home/jloy/Desktop/robot-arm/dofbot_ws/src/dofbot_sorting_3d' returned '0': PYTHONPATH=/home/jloy/Desktop/robot-arm/dofbot_ws/build_t6_regular/dofbot_sorting_3d/prefix_override:/usr/lib/python3/dist-packages/colcon_core/task/python/colcon_distutils_commands:/home/jloy/Desktop/robot-arm/dofbot_ws/install_t6_regular/dofbot_sorting_3d/lib/python3.10/site-packages:${PYTHONPATH} /usr/bin/python3 -W ignore:setup.py install is deprecated -W ignore:easy_install command is deprecated setup.py egg_info --egg-base ../../build_t6_regular/dofbot_sorting_3d build --build-base /home/jloy/Desktop/robot-arm/dofbot_ws/build_t6_regular/dofbot_sorting_3d/build install --record /home/jloy/Desktop/robot-arm/dofbot_ws/build_t6_regular/dofbot_sorting_3d/install.log --install-scripts $base/lib/dofbot_sorting_3d --single-version-externally-managed install_data
[1.130s] colcon.colcon_core.environment Level 1 checking '/home/jloy/Desktop/robot-arm/dofbot_ws/install_t6_regular/dofbot_sorting_3d' for CMake config files
[1.131s] colcon.colcon_core.environment Level 1 checking '/home/jloy/Desktop/robot-arm/dofbot_ws/install_t6_regular/dofbot_sorting_3d/lib'
[1.131s] colcon.colcon_core.environment Level 1 checking '/home/jloy/Desktop/robot-arm/dofbot_ws/install_t6_regular/dofbot_sorting_3d/bin'
[1.131s] colcon.colcon_core.environment Level 1 checking '/home/jloy/Desktop/robot-arm/dofbot_ws/install_t6_regular/dofbot_sorting_3d/lib/pkgconfig/dofbot_sorting_3d.pc'
[1.131s] colcon.colcon_core.environment Level 1 checking '/home/jloy/Desktop/robot-arm/dofbot_ws/install_t6_regular/dofbot_sorting_3d/lib/python3.10/site-packages'
[1.131s] colcon.colcon_core.shell Level 1 create_environment_hook('dofbot_sorting_3d', 'pythonpath')
[1.131s] colcon.colcon_core.shell INFO Creating environment hook '/home/jloy/Desktop/robot-arm/dofbot_ws/install_t6_regular/dofbot_sorting_3d/share/dofbot_sorting_3d/hook/pythonpath.ps1'
[1.131s] colcon.colcon_core.shell INFO Creating environment descriptor '/home/jloy/Desktop/robot-arm/dofbot_ws/install_t6_regular/dofbot_sorting_3d/share/dofbot_sorting_3d/hook/pythonpath.dsv'
[1.132s] colcon.colcon_core.shell INFO Creating environment hook '/home/jloy/Desktop/robot-arm/dofbot_ws/install_t6_regular/dofbot_sorting_3d/share/dofbot_sorting_3d/hook/pythonpath.sh'
[1.132s] colcon.colcon_core.environment Level 1 checking '/home/jloy/Desktop/robot-arm/dofbot_ws/install_t6_regular/dofbot_sorting_3d/bin'
[1.132s] colcon.colcon_core.environment Level 1 create_environment_scripts_only(dofbot_sorting_3d)
[1.132s] colcon.colcon_core.shell INFO Creating package script '/home/jloy/Desktop/robot-arm/dofbot_ws/install_t6_regular/dofbot_sorting_3d/share/dofbot_sorting_3d/package.ps1'
[1.133s] colcon.colcon_core.shell INFO Creating package descriptor '/home/jloy/Desktop/robot-arm/dofbot_ws/install_t6_regular/dofbot_sorting_3d/share/dofbot_sorting_3d/package.dsv'
[1.133s] colcon.colcon_core.shell INFO Creating package script '/home/jloy/Desktop/robot-arm/dofbot_ws/install_t6_regular/dofbot_sorting_3d/share/dofbot_sorting_3d/package.sh'
[1.133s] colcon.colcon_core.shell INFO Creating package script '/home/jloy/Desktop/robot-arm/dofbot_ws/install_t6_regular/dofbot_sorting_3d/share/dofbot_sorting_3d/package.bash'
[1.133s] colcon.colcon_core.shell INFO Creating package script '/home/jloy/Desktop/robot-arm/dofbot_ws/install_t6_regular/dofbot_sorting_3d/share/dofbot_sorting_3d/package.zsh'
[1.133s] colcon.colcon_core.environment Level 1 create_file_with_runtime_dependencies(/home/jloy/Desktop/robot-arm/dofbot_ws/install_t6_regular/dofbot_sorting_3d/share/colcon-core/packages/dofbot_sorting_3d)
[1.134s] colcon.colcon_parallel_executor.executor.parallel DEBUG closing loop
[1.134s] colcon.colcon_parallel_executor.executor.parallel DEBUG loop closed
[1.134s] colcon.colcon_parallel_executor.executor.parallel DEBUG run_until_complete finished with '0'
[1.134s] colcon.colcon_core.event_reactor DEBUG joining thread
[1.137s] colcon.colcon_core.plugin_system INFO Skipping extension 'colcon_notification.desktop_notification.terminal_notifier': Not used on non-Darwin systems
[1.137s] colcon.colcon_core.plugin_system INFO Skipping extension 'colcon_notification.desktop_notification.win32': Not used on non-Windows systems
[1.138s] colcon.colcon_notification.desktop_notification INFO Sending desktop notification using 'notify2'
[1.138s] colcon.colcon_notification.desktop_notification.notify2 DEBUG Failed to initialize notify2: org.freedesktop.DBus.Error.AccessDenied: Failed to connect to socket /run/user/1000/bus: Operation not permitted
[1.138s] colcon.colcon_core.event_reactor DEBUG joined thread
[1.138s] colcon.colcon_core.shell INFO Creating prefix script '/home/jloy/Desktop/robot-arm/dofbot_ws/install_t6_regular/local_setup.ps1'
[1.138s] colcon.colcon_core.shell INFO Creating prefix util module '/home/jloy/Desktop/robot-arm/dofbot_ws/install_t6_regular/_local_setup_util_ps1.py'
[1.139s] colcon.colcon_core.shell INFO Creating prefix chain script '/home/jloy/Desktop/robot-arm/dofbot_ws/install_t6_regular/setup.ps1'
[1.140s] colcon.colcon_core.shell INFO Creating prefix script '/home/jloy/Desktop/robot-arm/dofbot_ws/install_t6_regular/local_setup.sh'
[1.140s] colcon.colcon_core.shell INFO Creating prefix util module '/home/jloy/Desktop/robot-arm/dofbot_ws/install_t6_regular/_local_setup_util_sh.py'
[1.141s] colcon.colcon_core.shell INFO Creating prefix chain script '/home/jloy/Desktop/robot-arm/dofbot_ws/install_t6_regular/setup.sh'
[1.141s] colcon.colcon_core.shell INFO Creating prefix script '/home/jloy/Desktop/robot-arm/dofbot_ws/install_t6_regular/local_setup.bash'
[1.141s] colcon.colcon_core.shell INFO Creating prefix chain script '/home/jloy/Desktop/robot-arm/dofbot_ws/install_t6_regular/setup.bash'
[1.142s] colcon.colcon_core.shell INFO Creating prefix script '/home/jloy/Desktop/robot-arm/dofbot_ws/install_t6_regular/local_setup.zsh'
[1.142s] colcon.colcon_core.shell INFO Creating prefix chain script '/home/jloy/Desktop/robot-arm/dofbot_ws/install_t6_regular/setup.zsh'
