[0.060s] colcon DEBUG Command line arguments: ['/usr/bin/colcon', '--log-base', 'log_color_sorting', 'build', '--build-base', 'build_color_sorting', '--install-base', 'install_color_sorting', '--packages-select', 'dofbot_interface', 'dofbot_info', 'dofbot_sorting_3d', '--event-handlers', 'console_cohesion+']
[0.060s] colcon DEBUG Parsed command line arguments: Namespace(log_base='log_color_sorting', log_level=None, verb_name='build', build_base='/home/jloy/Desktop/robot-arm/dofbot_ws/build_color_sorting', install_base='/home/jloy/Desktop/robot-arm/dofbot_ws/install_color_sorting', merge_install=False, symlink_install=False, test_result_base=None, continue_on_error=False, executor='parallel', parallel_workers=16, event_handlers=['console_cohesion+'], ignore_user_meta=False, metas=['./colcon.meta'], base_paths=['.'], packages_ignore=None, packages_ignore_regex=None, paths=None, packages_up_to=None, packages_up_to_regex=None, packages_above=None, packages_above_and_dependencies=None, packages_above_depth=None, packages_select_by_dep=None, packages_skip_by_dep=None, packages_skip_up_to=None, packages_select_build_failed=False, packages_skip_build_finished=False, packages_select_test_failures=False, packages_skip_test_passed=False, packages_select=['dofbot_interface', 'dofbot_info', 'dofbot_sorting_3d'], packages_skip=None, packages_select_regex=None, packages_skip_regex=None, packages_start=None, packages_end=None, allow_overriding=[], cmake_args=None, cmake_target=None, cmake_target_skip_unavailable=False, cmake_clean_cache=False, cmake_clean_first=False, cmake_force_configure=False, ament_cmake_args=None, catkin_cmake_args=None, catkin_skip_building_tests=False, mixin_files=None, mixin=None, verb_parser=<colcon_mixin.mixin.mixin_argument.MixinArgumentDecorator object at 0x75a60a2425f0>, verb_extension=<colcon_core.verb.build.BuildVerb object at 0x75a60a241ff0>, main=<bound method BuildVerb.main of <colcon_core.verb.build.BuildVerb object at 0x75a60a241ff0>>, mixin_verb=('build',))
[0.160s] colcon.colcon_core.package_discovery Level 1 discover_packages(colcon_meta) check parameters
[0.160s] colcon.colcon_core.package_discovery Level 1 discover_packages(recursive) check parameters
[0.160s] colcon.colcon_core.package_discovery Level 1 discover_packages(ignore) check parameters
[0.160s] colcon.colcon_core.package_discovery Level 1 discover_packages(path) check parameters
[0.160s] colcon.colcon_core.package_discovery Level 1 discover_packages(colcon_meta) discover
[0.160s] colcon.colcon_core.package_discovery Level 1 discover_packages(recursive) discover
[0.160s] colcon.colcon_core.package_discovery INFO Crawling recursively for packages in '/home/jloy/Desktop/robot-arm/dofbot_ws'
[0.160s] colcon.colcon_core.package_identification Level 1 _identify(.) by extensions ['ignore', 'ignore_ament_install']
[0.160s] colcon.colcon_core.package_identification Level 1 _identify(.) by extension 'ignore'
[0.160s] colcon.colcon_core.package_identification Level 1 _identify(.) by extension 'ignore_ament_install'
[0.160s] colcon.colcon_core.package_identification Level 1 _identify(.) by extensions ['colcon_pkg']
[0.160s] colcon.colcon_core.package_identification Level 1 _identify(.) by extension 'colcon_pkg'
[0.160s] colcon.colcon_core.package_identification Level 1 _identify(.) by extensions ['colcon_meta']
[0.160s] colcon.colcon_core.package_identification Level 1 _identify(.) by extension 'colcon_meta'
[0.160s] colcon.colcon_core.package_identification Level 1 _identify(.) by extensions ['ros']
[0.160s] colcon.colcon_core.package_identification Level 1 _identify(.) by extension 'ros'
[0.166s] colcon.colcon_core.package_identification Level 1 _identify(.) by extensions ['cmake', 'python']
[0.166s] colcon.colcon_core.package_identification Level 1 _identify(.) by extension 'cmake'
[0.166s] colcon.colcon_core.package_identification Level 1 _identify(.) by extension 'python'
[0.166s] colcon.colcon_core.package_identification Level 1 _identify(.) by extensions ['python_setup_py']
[0.166s] colcon.colcon_core.package_identification Level 1 _identify(.) by extension 'python_setup_py'
[0.167s] colcon.colcon_core.package_identification Level 1 _identify(5.Communication Protocol-Python Library) by extensions ['ignore', 'ignore_ament_install']
[0.167s] colcon.colcon_core.package_identification Level 1 _identify(5.Communication Protocol-Python Library) by extension 'ignore'
[0.167s] colcon.colcon_core.package_identification Level 1 _identify(5.Communication Protocol-Python Library) by extension 'ignore_ament_install'
[0.167s] colcon.colcon_core.package_identification Level 1 _identify(5.Communication Protocol-Python Library) by extensions ['colcon_pkg']
[0.167s] colcon.colcon_core.package_identification Level 1 _identify(5.Communication Protocol-Python Library) by extension 'colcon_pkg'
[0.167s] colcon.colcon_core.package_identification Level 1 _identify(5.Communication Protocol-Python Library) by extensions ['colcon_meta']
[0.167s] colcon.colcon_core.package_identification Level 1 _identify(5.Communication Protocol-Python Library) by extension 'colcon_meta'
[0.167s] colcon.colcon_core.package_identification Level 1 _identify(5.Communication Protocol-Python Library) by extensions ['ros']
[0.167s] colcon.colcon_core.package_identification Level 1 _identify(5.Communication Protocol-Python Library) by extension 'ros'
[0.167s] colcon.colcon_core.package_identification Level 1 _identify(5.Communication Protocol-Python Library) by extensions ['cmake', 'python']
[0.167s] colcon.colcon_core.package_identification Level 1 _identify(5.Communication Protocol-Python Library) by extension 'cmake'
[0.167s] colcon.colcon_core.package_identification Level 1 _identify(5.Communication Protocol-Python Library) by extension 'python'
[0.167s] colcon.colcon_core.package_identification Level 1 _identify(5.Communication Protocol-Python Library) by extensions ['python_setup_py']
[0.167s] colcon.colcon_core.package_identification Level 1 _identify(5.Communication Protocol-Python Library) by extension 'python_setup_py'
[0.167s] colcon.colcon_core.package_identification Level 1 _identify(5.Communication Protocol-Python Library/1.Install Python module) by extensions ['ignore', 'ignore_ament_install']
[0.167s] colcon.colcon_core.package_identification Level 1 _identify(5.Communication Protocol-Python Library/1.Install Python module) by extension 'ignore'
[0.167s] colcon.colcon_core.package_identification Level 1 _identify(5.Communication Protocol-Python Library/1.Install Python module) by extension 'ignore_ament_install'
[0.167s] colcon.colcon_core.package_identification Level 1 _identify(5.Communication Protocol-Python Library/1.Install Python module) by extensions ['colcon_pkg']
[0.167s] colcon.colcon_core.package_identification Level 1 _identify(5.Communication Protocol-Python Library/1.Install Python module) by extension 'colcon_pkg'
[0.167s] colcon.colcon_core.package_identification Level 1 _identify(5.Communication Protocol-Python Library/1.Install Python module) by extensions ['colcon_meta']
[0.167s] colcon.colcon_core.package_identification Level 1 _identify(5.Communication Protocol-Python Library/1.Install Python module) by extension 'colcon_meta'
[0.167s] colcon.colcon_core.package_identification Level 1 _identify(5.Communication Protocol-Python Library/1.Install Python module) by extensions ['ros']
[0.167s] colcon.colcon_core.package_identification Level 1 _identify(5.Communication Protocol-Python Library/1.Install Python module) by extension 'ros'
[0.167s] colcon.colcon_core.package_identification Level 1 _identify(5.Communication Protocol-Python Library/1.Install Python module) by extensions ['cmake', 'python']
[0.167s] colcon.colcon_core.package_identification Level 1 _identify(5.Communication Protocol-Python Library/1.Install Python module) by extension 'cmake'
[0.167s] colcon.colcon_core.package_identification Level 1 _identify(5.Communication Protocol-Python Library/1.Install Python module) by extension 'python'
[0.167s] colcon.colcon_core.package_identification Level 1 _identify(5.Communication Protocol-Python Library/1.Install Python module) by extensions ['python_setup_py']
[0.167s] colcon.colcon_core.package_identification Level 1 _identify(5.Communication Protocol-Python Library/1.Install Python module) by extension 'python_setup_py'
[0.167s] colcon.colcon_core.package_identification Level 1 _identify(5.Communication Protocol-Python Library/1.Install Python module/0.py_install) by extensions ['ignore', 'ignore_ament_install']
[0.167s] colcon.colcon_core.package_identification Level 1 _identify(5.Communication Protocol-Python Library/1.Install Python module/0.py_install) by extension 'ignore'
[0.167s] colcon.colcon_core.package_identification Level 1 _identify(5.Communication Protocol-Python Library/1.Install Python module/0.py_install) by extension 'ignore_ament_install'
[0.167s] colcon.colcon_core.package_identification Level 1 _identify(5.Communication Protocol-Python Library/1.Install Python module/0.py_install) by extensions ['colcon_pkg']
[0.167s] colcon.colcon_core.package_identification Level 1 _identify(5.Communication Protocol-Python Library/1.Install Python module/0.py_install) by extension 'colcon_pkg'
[0.167s] colcon.colcon_core.package_identification Level 1 _identify(5.Communication Protocol-Python Library/1.Install Python module/0.py_install) by extensions ['colcon_meta']
[0.167s] colcon.colcon_core.package_identification Level 1 _identify(5.Communication Protocol-Python Library/1.Install Python module/0.py_install) by extension 'colcon_meta'
[0.167s] colcon.colcon_core.package_identification Level 1 _identify(5.Communication Protocol-Python Library/1.Install Python module/0.py_install) by extensions ['ros']
[0.167s] colcon.colcon_core.package_identification Level 1 _identify(5.Communication Protocol-Python Library/1.Install Python module/0.py_install) by extension 'ros'
[0.167s] colcon.colcon_core.package_identification Level 1 _identify(5.Communication Protocol-Python Library/1.Install Python module/0.py_install) by extensions ['cmake', 'python']
[0.167s] colcon.colcon_core.package_identification Level 1 _identify(5.Communication Protocol-Python Library/1.Install Python module/0.py_install) by extension 'cmake'
[0.167s] colcon.colcon_core.package_identification Level 1 _identify(5.Communication Protocol-Python Library/1.Install Python module/0.py_install) by extension 'python'
[0.167s] colcon.colcon_core.package_identification Level 1 _identify(5.Communication Protocol-Python Library/1.Install Python module/0.py_install) by extensions ['python_setup_py']
[0.167s] colcon.colcon_core.package_identification Level 1 _identify(5.Communication Protocol-Python Library/1.Install Python module/0.py_install) by extension 'python_setup_py'
[0.304s] colcon.colcon_core.package_identification DEBUG Package '5.Communication Protocol-Python Library/1.Install Python module/0.py_install' with type 'python' and name 'Arm_Lib'
[0.304s] colcon.colcon_core.package_identification Level 1 _identify(5.Communication Protocol-Python Library/2.STM32 and virtual machine serial port protocol) by extensions ['ignore', 'ignore_ament_install']
[0.304s] colcon.colcon_core.package_identification Level 1 _identify(5.Communication Protocol-Python Library/2.STM32 and virtual machine serial port protocol) by extension 'ignore'
[0.304s] colcon.colcon_core.package_identification Level 1 _identify(5.Communication Protocol-Python Library/2.STM32 and virtual machine serial port protocol) by extension 'ignore_ament_install'
[0.304s] colcon.colcon_core.package_identification Level 1 _identify(5.Communication Protocol-Python Library/2.STM32 and virtual machine serial port protocol) by extensions ['colcon_pkg']
[0.304s] colcon.colcon_core.package_identification Level 1 _identify(5.Communication Protocol-Python Library/2.STM32 and virtual machine serial port protocol) by extension 'colcon_pkg'
[0.304s] colcon.colcon_core.package_identification Level 1 _identify(5.Communication Protocol-Python Library/2.STM32 and virtual machine serial port protocol) by extensions ['colcon_meta']
[0.304s] colcon.colcon_core.package_identification Level 1 _identify(5.Communication Protocol-Python Library/2.STM32 and virtual machine serial port protocol) by extension 'colcon_meta'
[0.304s] colcon.colcon_core.package_identification Level 1 _identify(5.Communication Protocol-Python Library/2.STM32 and virtual machine serial port protocol) by extensions ['ros']
[0.304s] colcon.colcon_core.package_identification Level 1 _identify(5.Communication Protocol-Python Library/2.STM32 and virtual machine serial port protocol) by extension 'ros'
[0.304s] colcon.colcon_core.package_identification Level 1 _identify(5.Communication Protocol-Python Library/2.STM32 and virtual machine serial port protocol) by extensions ['cmake', 'python']
[0.304s] colcon.colcon_core.package_identification Level 1 _identify(5.Communication Protocol-Python Library/2.STM32 and virtual machine serial port protocol) by extension 'cmake'
[0.304s] colcon.colcon_core.package_identification Level 1 _identify(5.Communication Protocol-Python Library/2.STM32 and virtual machine serial port protocol) by extension 'python'
[0.304s] colcon.colcon_core.package_identification Level 1 _identify(5.Communication Protocol-Python Library/2.STM32 and virtual machine serial port protocol) by extensions ['python_setup_py']
[0.304s] colcon.colcon_core.package_identification Level 1 _identify(5.Communication Protocol-Python Library/2.STM32 and virtual machine serial port protocol) by extension 'python_setup_py'
[0.304s] colcon.colcon_core.package_identification Level 1 _identify(5.Communication Protocol-Python Library/3.MCU coprocessor I2C communication protocol) by extensions ['ignore', 'ignore_ament_install']
[0.304s] colcon.colcon_core.package_identification Level 1 _identify(5.Communication Protocol-Python Library/3.MCU coprocessor I2C communication protocol) by extension 'ignore'
[0.304s] colcon.colcon_core.package_identification Level 1 _identify(5.Communication Protocol-Python Library/3.MCU coprocessor I2C communication protocol) by extension 'ignore_ament_install'
[0.304s] colcon.colcon_core.package_identification Level 1 _identify(5.Communication Protocol-Python Library/3.MCU coprocessor I2C communication protocol) by extensions ['colcon_pkg']
[0.304s] colcon.colcon_core.package_identification Level 1 _identify(5.Communication Protocol-Python Library/3.MCU coprocessor I2C communication protocol) by extension 'colcon_pkg'
[0.304s] colcon.colcon_core.package_identification Level 1 _identify(5.Communication Protocol-Python Library/3.MCU coprocessor I2C communication protocol) by extensions ['colcon_meta']
[0.304s] colcon.colcon_core.package_identification Level 1 _identify(5.Communication Protocol-Python Library/3.MCU coprocessor I2C communication protocol) by extension 'colcon_meta'
[0.304s] colcon.colcon_core.package_identification Level 1 _identify(5.Communication Protocol-Python Library/3.MCU coprocessor I2C communication protocol) by extensions ['ros']
[0.304s] colcon.colcon_core.package_identification Level 1 _identify(5.Communication Protocol-Python Library/3.MCU coprocessor I2C communication protocol) by extension 'ros'
[0.304s] colcon.colcon_core.package_identification Level 1 _identify(5.Communication Protocol-Python Library/3.MCU coprocessor I2C communication protocol) by extensions ['cmake', 'python']
[0.304s] colcon.colcon_core.package_identification Level 1 _identify(5.Communication Protocol-Python Library/3.MCU coprocessor I2C communication protocol) by extension 'cmake'
[0.304s] colcon.colcon_core.package_identification Level 1 _identify(5.Communication Protocol-Python Library/3.MCU coprocessor I2C communication protocol) by extension 'python'
[0.304s] colcon.colcon_core.package_identification Level 1 _identify(5.Communication Protocol-Python Library/3.MCU coprocessor I2C communication protocol) by extensions ['python_setup_py']
[0.304s] colcon.colcon_core.package_identification Level 1 _identify(5.Communication Protocol-Python Library/3.MCU coprocessor I2C communication protocol) by extension 'python_setup_py'
[0.304s] colcon.colcon_core.package_identification Level 1 _identify(5.Communication Protocol-Python Library/4.PC APP remote control communication protocol) by extensions ['ignore', 'ignore_ament_install']
[0.304s] colcon.colcon_core.package_identification Level 1 _identify(5.Communication Protocol-Python Library/4.PC APP remote control communication protocol) by extension 'ignore'
[0.305s] colcon.colcon_core.package_identification Level 1 _identify(5.Communication Protocol-Python Library/4.PC APP remote control communication protocol) by extension 'ignore_ament_install'
[0.305s] colcon.colcon_core.package_identification Level 1 _identify(5.Communication Protocol-Python Library/4.PC APP remote control communication protocol) by extensions ['colcon_pkg']
[0.305s] colcon.colcon_core.package_identification Level 1 _identify(5.Communication Protocol-Python Library/4.PC APP remote control communication protocol) by extension 'colcon_pkg'
[0.305s] colcon.colcon_core.package_identification Level 1 _identify(5.Communication Protocol-Python Library/4.PC APP remote control communication protocol) by extensions ['colcon_meta']
[0.305s] colcon.colcon_core.package_identification Level 1 _identify(5.Communication Protocol-Python Library/4.PC APP remote control communication protocol) by extension 'colcon_meta'
[0.305s] colcon.colcon_core.package_identification Level 1 _identify(5.Communication Protocol-Python Library/4.PC APP remote control communication protocol) by extensions ['ros']
[0.305s] colcon.colcon_core.package_identification Level 1 _identify(5.Communication Protocol-Python Library/4.PC APP remote control communication protocol) by extension 'ros'
[0.305s] colcon.colcon_core.package_identification Level 1 _identify(5.Communication Protocol-Python Library/4.PC APP remote control communication protocol) by extensions ['cmake', 'python']
[0.305s] colcon.colcon_core.package_identification Level 1 _identify(5.Communication Protocol-Python Library/4.PC APP remote control communication protocol) by extension 'cmake'
[0.305s] colcon.colcon_core.package_identification Level 1 _identify(5.Communication Protocol-Python Library/4.PC APP remote control communication protocol) by extension 'python'
[0.305s] colcon.colcon_core.package_identification Level 1 _identify(5.Communication Protocol-Python Library/4.PC APP remote control communication protocol) by extensions ['python_setup_py']
[0.305s] colcon.colcon_core.package_identification Level 1 _identify(5.Communication Protocol-Python Library/4.PC APP remote control communication protocol) by extension 'python_setup_py'
[0.305s] colcon.colcon_core.package_identification Level 1 _identify(build) by extensions ['ignore', 'ignore_ament_install']
[0.305s] colcon.colcon_core.package_identification Level 1 _identify(build) by extension 'ignore'
[0.305s] colcon.colcon_core.package_identification Level 1 _identify(build) ignored
[0.305s] colcon.colcon_core.package_identification Level 1 _identify(build_color_sorting) by extensions ['ignore', 'ignore_ament_install']
[0.305s] colcon.colcon_core.package_identification Level 1 _identify(build_color_sorting) by extension 'ignore'
[0.305s] colcon.colcon_core.package_identification Level 1 _identify(build_color_sorting) ignored
[0.305s] colcon.colcon_core.package_identification Level 1 _identify(install) by extensions ['ignore', 'ignore_ament_install']
[0.305s] colcon.colcon_core.package_identification Level 1 _identify(install) by extension 'ignore'
[0.305s] colcon.colcon_core.package_identification Level 1 _identify(install) ignored
[0.305s] colcon.colcon_core.package_identification Level 1 _identify(install_color_sorting) by extensions ['ignore', 'ignore_ament_install']
[0.306s] colcon.colcon_core.package_identification Level 1 _identify(install_color_sorting) by extension 'ignore'
[0.306s] colcon.colcon_core.package_identification Level 1 _identify(install_color_sorting) ignored
[0.306s] colcon.colcon_core.package_identification Level 1 _identify(log) by extensions ['ignore', 'ignore_ament_install']
[0.306s] colcon.colcon_core.package_identification Level 1 _identify(log) by extension 'ignore'
[0.306s] colcon.colcon_core.package_identification Level 1 _identify(log) ignored
[0.306s] colcon.colcon_core.package_identification Level 1 _identify(log_color_sorting) by extensions ['ignore', 'ignore_ament_install']
[0.306s] colcon.colcon_core.package_identification Level 1 _identify(log_color_sorting) by extension 'ignore'
[0.306s] colcon.colcon_core.package_identification Level 1 _identify(log_color_sorting) ignored
[0.306s] colcon.colcon_core.package_identification Level 1 _identify(src) by extensions ['ignore', 'ignore_ament_install']
[0.306s] colcon.colcon_core.package_identification Level 1 _identify(src) by extension 'ignore'
[0.306s] colcon.colcon_core.package_identification Level 1 _identify(src) by extension 'ignore_ament_install'
[0.306s] colcon.colcon_core.package_identification Level 1 _identify(src) by extensions ['colcon_pkg']
[0.306s] colcon.colcon_core.package_identification Level 1 _identify(src) by extension 'colcon_pkg'
[0.306s] colcon.colcon_core.package_identification Level 1 _identify(src) by extensions ['colcon_meta']
[0.306s] colcon.colcon_core.package_identification Level 1 _identify(src) by extension 'colcon_meta'
[0.306s] colcon.colcon_core.package_identification Level 1 _identify(src) by extensions ['ros']
[0.306s] colcon.colcon_core.package_identification Level 1 _identify(src) by extension 'ros'
[0.306s] colcon.colcon_core.package_identification Level 1 _identify(src) by extensions ['cmake', 'python']
[0.306s] colcon.colcon_core.package_identification Level 1 _identify(src) by extension 'cmake'
[0.310s] colcon.colcon_cmake.package_identification.cmake WARNING Ignoring 'src/CMakeLists.txt' since it seems to be a toplevel CMake file generated by 'catkin_make'
[0.310s] colcon.colcon_core.package_identification Level 1 _identify(src) by extension 'python'
[0.310s] colcon.colcon_core.package_identification Level 1 _identify(src) by extensions ['python_setup_py']
[0.310s] colcon.colcon_core.package_identification Level 1 _identify(src) by extension 'python_setup_py'
[0.310s] colcon.colcon_core.package_identification Level 1 _identify(src/dofbot_apriltag) by extensions ['ignore', 'ignore_ament_install']
[0.310s] colcon.colcon_core.package_identification Level 1 _identify(src/dofbot_apriltag) by extension 'ignore'
[0.310s] colcon.colcon_core.package_identification Level 1 _identify(src/dofbot_apriltag) by extension 'ignore_ament_install'
[0.310s] colcon.colcon_core.package_identification Level 1 _identify(src/dofbot_apriltag) by extensions ['colcon_pkg']
[0.310s] colcon.colcon_core.package_identification Level 1 _identify(src/dofbot_apriltag) by extension 'colcon_pkg'
[0.310s] colcon.colcon_core.package_identification Level 1 _identify(src/dofbot_apriltag) by extensions ['colcon_meta']
[0.310s] colcon.colcon_core.package_identification Level 1 _identify(src/dofbot_apriltag) by extension 'colcon_meta'
[0.311s] colcon.colcon_core.package_identification Level 1 _identify(src/dofbot_apriltag) by extensions ['ros']
[0.311s] colcon.colcon_core.package_identification Level 1 _identify(src/dofbot_apriltag) by extension 'ros'
[0.311s] colcon.colcon_core.package_identification Level 1 _identify(src/dofbot_apriltag) by extensions ['cmake', 'python']
[0.311s] colcon.colcon_core.package_identification Level 1 _identify(src/dofbot_apriltag) by extension 'cmake'
[0.311s] colcon.colcon_core.package_identification Level 1 _identify(src/dofbot_apriltag) by extension 'python'
[0.311s] colcon.colcon_core.package_identification Level 1 _identify(src/dofbot_apriltag) by extensions ['python_setup_py']
[0.311s] colcon.colcon_core.package_identification Level 1 _identify(src/dofbot_apriltag) by extension 'python_setup_py'
[0.311s] colcon.colcon_core.package_identification Level 1 _identify(src/dofbot_apriltag/scripts) by extensions ['ignore', 'ignore_ament_install']
[0.311s] colcon.colcon_core.package_identification Level 1 _identify(src/dofbot_apriltag/scripts) by extension 'ignore'
[0.311s] colcon.colcon_core.package_identification Level 1 _identify(src/dofbot_apriltag/scripts) by extension 'ignore_ament_install'
[0.311s] colcon.colcon_core.package_identification Level 1 _identify(src/dofbot_apriltag/scripts) by extensions ['colcon_pkg']
[0.311s] colcon.colcon_core.package_identification Level 1 _identify(src/dofbot_apriltag/scripts) by extension 'colcon_pkg'
[0.311s] colcon.colcon_core.package_identification Level 1 _identify(src/dofbot_apriltag/scripts) by extensions ['colcon_meta']
[0.311s] colcon.colcon_core.package_identification Level 1 _identify(src/dofbot_apriltag/scripts) by extension 'colcon_meta'
[0.311s] colcon.colcon_core.package_identification Level 1 _identify(src/dofbot_apriltag/scripts) by extensions ['ros']
[0.311s] colcon.colcon_core.package_identification Level 1 _identify(src/dofbot_apriltag/scripts) by extension 'ros'
[0.311s] colcon.colcon_core.package_identification Level 1 _identify(src/dofbot_apriltag/scripts) by extensions ['cmake', 'python']
[0.311s] colcon.colcon_core.package_identification Level 1 _identify(src/dofbot_apriltag/scripts) by extension 'cmake'
[0.311s] colcon.colcon_core.package_identification Level 1 _identify(src/dofbot_apriltag/scripts) by extension 'python'
[0.311s] colcon.colcon_core.package_identification Level 1 _identify(src/dofbot_apriltag/scripts) by extensions ['python_setup_py']
[0.311s] colcon.colcon_core.package_identification Level 1 _identify(src/dofbot_apriltag/scripts) by extension 'python_setup_py'
[0.311s] colcon.colcon_core.package_identification Level 1 _identify(src/dofbot_apriltag/scripts/__pycache__) by extensions ['ignore', 'ignore_ament_install']
[0.311s] colcon.colcon_core.package_identification Level 1 _identify(src/dofbot_apriltag/scripts/__pycache__) by extension 'ignore'
[0.311s] colcon.colcon_core.package_identification Level 1 _identify(src/dofbot_apriltag/scripts/__pycache__) by extension 'ignore_ament_install'
[0.311s] colcon.colcon_core.package_identification Level 1 _identify(src/dofbot_apriltag/scripts/__pycache__) by extensions ['colcon_pkg']
[0.311s] colcon.colcon_core.package_identification Level 1 _identify(src/dofbot_apriltag/scripts/__pycache__) by extension 'colcon_pkg'
[0.311s] colcon.colcon_core.package_identification Level 1 _identify(src/dofbot_apriltag/scripts/__pycache__) by extensions ['colcon_meta']
[0.311s] colcon.colcon_core.package_identification Level 1 _identify(src/dofbot_apriltag/scripts/__pycache__) by extension 'colcon_meta'
[0.311s] colcon.colcon_core.package_identification Level 1 _identify(src/dofbot_apriltag/scripts/__pycache__) by extensions ['ros']
[0.311s] colcon.colcon_core.package_identification Level 1 _identify(src/dofbot_apriltag/scripts/__pycache__) by extension 'ros'
[0.311s] colcon.colcon_core.package_identification Level 1 _identify(src/dofbot_apriltag/scripts/__pycache__) by extensions ['cmake', 'python']
[0.311s] colcon.colcon_core.package_identification Level 1 _identify(src/dofbot_apriltag/scripts/__pycache__) by extension 'cmake'
[0.311s] colcon.colcon_core.package_identification Level 1 _identify(src/dofbot_apriltag/scripts/__pycache__) by extension 'python'
[0.311s] colcon.colcon_core.package_identification Level 1 _identify(src/dofbot_apriltag/scripts/__pycache__) by extensions ['python_setup_py']
[0.311s] colcon.colcon_core.package_identification Level 1 _identify(src/dofbot_apriltag/scripts/__pycache__) by extension 'python_setup_py'
[0.311s] colcon.colcon_core.package_identification Level 1 _identify(src/dofbot_color_follow) by extensions ['ignore', 'ignore_ament_install']
[0.311s] colcon.colcon_core.package_identification Level 1 _identify(src/dofbot_color_follow) by extension 'ignore'
[0.311s] colcon.colcon_core.package_identification Level 1 _identify(src/dofbot_color_follow) by extension 'ignore_ament_install'
[0.311s] colcon.colcon_core.package_identification Level 1 _identify(src/dofbot_color_follow) by extensions ['colcon_pkg']
[0.311s] colcon.colcon_core.package_identification Level 1 _identify(src/dofbot_color_follow) by extension 'colcon_pkg'
[0.311s] colcon.colcon_core.package_identification Level 1 _identify(src/dofbot_color_follow) by extensions ['colcon_meta']
[0.311s] colcon.colcon_core.package_identification Level 1 _identify(src/dofbot_color_follow) by extension 'colcon_meta'
[0.311s] colcon.colcon_core.package_identification Level 1 _identify(src/dofbot_color_follow) by extensions ['ros']
[0.311s] colcon.colcon_core.package_identification Level 1 _identify(src/dofbot_color_follow) by extension 'ros'
[0.312s] colcon.colcon_core.package_identification Level 1 _identify(src/dofbot_color_follow) by extensions ['cmake', 'python']
[0.312s] colcon.colcon_core.package_identification Level 1 _identify(src/dofbot_color_follow) by extension 'cmake'
[0.312s] colcon.colcon_core.package_identification Level 1 _identify(src/dofbot_color_follow) by extension 'python'
[0.312s] colcon.colcon_core.package_identification Level 1 _identify(src/dofbot_color_follow) by extensions ['python_setup_py']
[0.312s] colcon.colcon_core.package_identification Level 1 _identify(src/dofbot_color_follow) by extension 'python_setup_py'
[0.312s] colcon.colcon_core.package_identification Level 1 _identify(src/dofbot_color_follow/__pycache__) by extensions ['ignore', 'ignore_ament_install']
[0.312s] colcon.colcon_core.package_identification Level 1 _identify(src/dofbot_color_follow/__pycache__) by extension 'ignore'
[0.312s] colcon.colcon_core.package_identification Level 1 _identify(src/dofbot_color_follow/__pycache__) by extension 'ignore_ament_install'
[0.312s] colcon.colcon_core.package_identification Level 1 _identify(src/dofbot_color_follow/__pycache__) by extensions ['colcon_pkg']
[0.312s] colcon.colcon_core.package_identification Level 1 _identify(src/dofbot_color_follow/__pycache__) by extension 'colcon_pkg'
[0.312s] colcon.colcon_core.package_identification Level 1 _identify(src/dofbot_color_follow/__pycache__) by extensions ['colcon_meta']
[0.312s] colcon.colcon_core.package_identification Level 1 _identify(src/dofbot_color_follow/__pycache__) by extension 'colcon_meta'
[0.312s] colcon.colcon_core.package_identification Level 1 _identify(src/dofbot_color_follow/__pycache__) by extensions ['ros']
[0.312s] colcon.colcon_core.package_identification Level 1 _identify(src/dofbot_color_follow/__pycache__) by extension 'ros'
[0.312s] colcon.colcon_core.package_identification Level 1 _identify(src/dofbot_color_follow/__pycache__) by extensions ['cmake', 'python']
[0.312s] colcon.colcon_core.package_identification Level 1 _identify(src/dofbot_color_follow/__pycache__) by extension 'cmake'
[0.312s] colcon.colcon_core.package_identification Level 1 _identify(src/dofbot_color_follow/__pycache__) by extension 'python'
[0.312s] colcon.colcon_core.package_identification Level 1 _identify(src/dofbot_color_follow/__pycache__) by extensions ['python_setup_py']
[0.312s] colcon.colcon_core.package_identification Level 1 _identify(src/dofbot_color_follow/__pycache__) by extension 'python_setup_py'
[0.312s] colcon.colcon_core.package_identification Level 1 _identify(src/dofbot_color_identify) by extensions ['ignore', 'ignore_ament_install']
[0.312s] colcon.colcon_core.package_identification Level 1 _identify(src/dofbot_color_identify) by extension 'ignore'
[0.312s] colcon.colcon_core.package_identification Level 1 _identify(src/dofbot_color_identify) by extension 'ignore_ament_install'
[0.312s] colcon.colcon_core.package_identification Level 1 _identify(src/dofbot_color_identify) by extensions ['colcon_pkg']
[0.312s] colcon.colcon_core.package_identification Level 1 _identify(src/dofbot_color_identify) by extension 'colcon_pkg'
[0.312s] colcon.colcon_core.package_identification Level 1 _identify(src/dofbot_color_identify) by extensions ['colcon_meta']
[0.312s] colcon.colcon_core.package_identification Level 1 _identify(src/dofbot_color_identify) by extension 'colcon_meta'
[0.312s] colcon.colcon_core.package_identification Level 1 _identify(src/dofbot_color_identify) by extensions ['ros']
[0.312s] colcon.colcon_core.package_identification Level 1 _identify(src/dofbot_color_identify) by extension 'ros'
[0.314s] colcon.colcon_core.package_identification DEBUG Package 'src/dofbot_color_identify' with type 'ros.catkin' and name 'dofbot_color_identify'
[0.314s] colcon.colcon_core.package_identification Level 1 _identify(src/dofbot_color_sorting) by extensions ['ignore', 'ignore_ament_install']
[0.314s] colcon.colcon_core.package_identification Level 1 _identify(src/dofbot_color_sorting) by extension 'ignore'
[0.314s] colcon.colcon_core.package_identification Level 1 _identify(src/dofbot_color_sorting) by extension 'ignore_ament_install'
[0.314s] colcon.colcon_core.package_identification Level 1 _identify(src/dofbot_color_sorting) by extensions ['colcon_pkg']
[0.314s] colcon.colcon_core.package_identification Level 1 _identify(src/dofbot_color_sorting) by extension 'colcon_pkg'
[0.314s] colcon.colcon_core.package_identification Level 1 _identify(src/dofbot_color_sorting) by extensions ['colcon_meta']
[0.314s] colcon.colcon_core.package_identification Level 1 _identify(src/dofbot_color_sorting) by extension 'colcon_meta'
[0.314s] colcon.colcon_core.package_identification Level 1 _identify(src/dofbot_color_sorting) by extensions ['ros']
[0.314s] colcon.colcon_core.package_identification Level 1 _identify(src/dofbot_color_sorting) by extension 'ros'
[0.314s] colcon.colcon_core.package_identification Level 1 _identify(src/dofbot_color_sorting) by extensions ['cmake', 'python']
[0.314s] colcon.colcon_core.package_identification Level 1 _identify(src/dofbot_color_sorting) by extension 'cmake'
[0.314s] colcon.colcon_core.package_identification Level 1 _identify(src/dofbot_color_sorting) by extension 'python'
[0.314s] colcon.colcon_core.package_identification Level 1 _identify(src/dofbot_color_sorting) by extensions ['python_setup_py']
[0.314s] colcon.colcon_core.package_identification Level 1 _identify(src/dofbot_color_sorting) by extension 'python_setup_py'
[0.314s] colcon.colcon_core.package_identification Level 1 _identify(src/dofbot_color_sorting/__pycache__) by extensions ['ignore', 'ignore_ament_install']
[0.314s] colcon.colcon_core.package_identification Level 1 _identify(src/dofbot_color_sorting/__pycache__) by extension 'ignore'
[0.314s] colcon.colcon_core.package_identification Level 1 _identify(src/dofbot_color_sorting/__pycache__) by extension 'ignore_ament_install'
[0.314s] colcon.colcon_core.package_identification Level 1 _identify(src/dofbot_color_sorting/__pycache__) by extensions ['colcon_pkg']
[0.314s] colcon.colcon_core.package_identification Level 1 _identify(src/dofbot_color_sorting/__pycache__) by extension 'colcon_pkg'
[0.314s] colcon.colcon_core.package_identification Level 1 _identify(src/dofbot_color_sorting/__pycache__) by extensions ['colcon_meta']
[0.314s] colcon.colcon_core.package_identification Level 1 _identify(src/dofbot_color_sorting/__pycache__) by extension 'colcon_meta'
[0.314s] colcon.colcon_core.package_identification Level 1 _identify(src/dofbot_color_sorting/__pycache__) by extensions ['ros']
[0.314s] colcon.colcon_core.package_identification Level 1 _identify(src/dofbot_color_sorting/__pycache__) by extension 'ros'
[0.314s] colcon.colcon_core.package_identification Level 1 _identify(src/dofbot_color_sorting/__pycache__) by extensions ['cmake', 'python']
[0.314s] colcon.colcon_core.package_identification Level 1 _identify(src/dofbot_color_sorting/__pycache__) by extension 'cmake'
[0.314s] colcon.colcon_core.package_identification Level 1 _identify(src/dofbot_color_sorting/__pycache__) by extension 'python'
[0.314s] colcon.colcon_core.package_identification Level 1 _identify(src/dofbot_color_sorting/__pycache__) by extensions ['python_setup_py']
[0.314s] colcon.colcon_core.package_identification Level 1 _identify(src/dofbot_color_sorting/__pycache__) by extension 'python_setup_py'
[0.314s] colcon.colcon_core.package_identification Level 1 _identify(src/dofbot_color_stacking) by extensions ['ignore', 'ignore_ament_install']
[0.314s] colcon.colcon_core.package_identification Level 1 _identify(src/dofbot_color_stacking) by extension 'ignore'
[0.314s] colcon.colcon_core.package_identification Level 1 _identify(src/dofbot_color_stacking) by extension 'ignore_ament_install'
[0.315s] colcon.colcon_core.package_identification Level 1 _identify(src/dofbot_color_stacking) by extensions ['colcon_pkg']
[0.315s] colcon.colcon_core.package_identification Level 1 _identify(src/dofbot_color_stacking) by extension 'colcon_pkg'
[0.315s] colcon.colcon_core.package_identification Level 1 _identify(src/dofbot_color_stacking) by extensions ['colcon_meta']
[0.315s] colcon.colcon_core.package_identification Level 1 _identify(src/dofbot_color_stacking) by extension 'colcon_meta'
[0.315s] colcon.colcon_core.package_identification Level 1 _identify(src/dofbot_color_stacking) by extensions ['ros']
[0.315s] colcon.colcon_core.package_identification Level 1 _identify(src/dofbot_color_stacking) by extension 'ros'
[0.315s] colcon.colcon_core.package_identification DEBUG Package 'src/dofbot_color_stacking' with type 'ros.catkin' and name 'dofbot_color_stacking'
[0.315s] colcon.colcon_core.package_identification Level 1 _identify(src/dofbot_driver) by extensions ['ignore', 'ignore_ament_install']
[0.315s] colcon.colcon_core.package_identification Level 1 _identify(src/dofbot_driver) by extension 'ignore'
[0.315s] colcon.colcon_core.package_identification Level 1 _identify(src/dofbot_driver) by extension 'ignore_ament_install'
[0.315s] colcon.colcon_core.package_identification Level 1 _identify(src/dofbot_driver) by extensions ['colcon_pkg']
[0.315s] colcon.colcon_core.package_identification Level 1 _identify(src/dofbot_driver) by extension 'colcon_pkg'
[0.315s] colcon.colcon_core.package_identification Level 1 _identify(src/dofbot_driver) by extensions ['colcon_meta']
[0.315s] colcon.colcon_core.package_identification Level 1 _identify(src/dofbot_driver) by extension 'colcon_meta'
[0.315s] colcon.colcon_core.package_identification Level 1 _identify(src/dofbot_driver) by extensions ['ros']
[0.315s] colcon.colcon_core.package_identification Level 1 _identify(src/dofbot_driver) by extension 'ros'
[0.316s] colcon.colcon_core.package_identification DEBUG Package 'src/dofbot_driver' with type 'ros.ament_python' and name 'dofbot_driver'
[0.316s] colcon.colcon_core.package_identification Level 1 _identify(src/dofbot_face_follow) by extensions ['ignore', 'ignore_ament_install']
[0.316s] colcon.colcon_core.package_identification Level 1 _identify(src/dofbot_face_follow) by extension 'ignore'
[0.316s] colcon.colcon_core.package_identification Level 1 _identify(src/dofbot_face_follow) by extension 'ignore_ament_install'
[0.316s] colcon.colcon_core.package_identification Level 1 _identify(src/dofbot_face_follow) by extensions ['colcon_pkg']
[0.316s] colcon.colcon_core.package_identification Level 1 _identify(src/dofbot_face_follow) by extension 'colcon_pkg'
[0.316s] colcon.colcon_core.package_identification Level 1 _identify(src/dofbot_face_follow) by extensions ['colcon_meta']
[0.316s] colcon.colcon_core.package_identification Level 1 _identify(src/dofbot_face_follow) by extension 'colcon_meta'
[0.316s] colcon.colcon_core.package_identification Level 1 _identify(src/dofbot_face_follow) by extensions ['ros']
[0.316s] colcon.colcon_core.package_identification Level 1 _identify(src/dofbot_face_follow) by extension 'ros'
[0.316s] colcon.colcon_core.package_identification DEBUG Package 'src/dofbot_face_follow' with type 'ros.catkin' and name 'dofbot_face_follow'
[0.316s] colcon.colcon_core.package_identification Level 1 _identify(src/dofbot_follow) by extensions ['ignore', 'ignore_ament_install']
[0.316s] colcon.colcon_core.package_identification Level 1 _identify(src/dofbot_follow) by extension 'ignore'
[0.317s] colcon.colcon_core.package_identification Level 1 _identify(src/dofbot_follow) by extension 'ignore_ament_install'
[0.317s] colcon.colcon_core.package_identification Level 1 _identify(src/dofbot_follow) by extensions ['colcon_pkg']
[0.317s] colcon.colcon_core.package_identification Level 1 _identify(src/dofbot_follow) by extension 'colcon_pkg'
[0.317s] colcon.colcon_core.package_identification Level 1 _identify(src/dofbot_follow) by extensions ['colcon_meta']
[0.317s] colcon.colcon_core.package_identification Level 1 _identify(src/dofbot_follow) by extension 'colcon_meta'
[0.317s] colcon.colcon_core.package_identification Level 1 _identify(src/dofbot_follow) by extensions ['ros']
[0.317s] colcon.colcon_core.package_identification Level 1 _identify(src/dofbot_follow) by extension 'ros'
[0.317s] colcon.colcon_core.package_identification DEBUG Package 'src/dofbot_follow' with type 'ros.ament_python' and name 'dofbot_follow'
[0.317s] colcon.colcon_core.package_identification Level 1 _identify(src/dofbot_garbage_yolov11) by extensions ['ignore', 'ignore_ament_install']
[0.317s] colcon.colcon_core.package_identification Level 1 _identify(src/dofbot_garbage_yolov11) by extension 'ignore'
[0.317s] colcon.colcon_core.package_identification Level 1 _identify(src/dofbot_garbage_yolov11) by extension 'ignore_ament_install'
[0.317s] colcon.colcon_core.package_identification Level 1 _identify(src/dofbot_garbage_yolov11) by extensions ['colcon_pkg']
[0.317s] colcon.colcon_core.package_identification Level 1 _identify(src/dofbot_garbage_yolov11) by extension 'colcon_pkg'
[0.317s] colcon.colcon_core.package_identification Level 1 _identify(src/dofbot_garbage_yolov11) by extensions ['colcon_meta']
[0.317s] colcon.colcon_core.package_identification Level 1 _identify(src/dofbot_garbage_yolov11) by extension 'colcon_meta'
[0.317s] colcon.colcon_core.package_identification Level 1 _identify(src/dofbot_garbage_yolov11) by extensions ['ros']
[0.317s] colcon.colcon_core.package_identification Level 1 _identify(src/dofbot_garbage_yolov11) by extension 'ros'
[0.317s] colcon.colcon_core.package_identification Level 1 _identify(src/dofbot_garbage_yolov11) by extensions ['cmake', 'python']
[0.317s] colcon.colcon_core.package_identification Level 1 _identify(src/dofbot_garbage_yolov11) by extension 'cmake'
[0.317s] colcon.colcon_core.package_identification Level 1 _identify(src/dofbot_garbage_yolov11) by extension 'python'
[0.317s] colcon.colcon_core.package_identification Level 1 _identify(src/dofbot_garbage_yolov11) by extensions ['python_setup_py']
[0.317s] colcon.colcon_core.package_identification Level 1 _identify(src/dofbot_garbage_yolov11) by extension 'python_setup_py'
[0.317s] colcon.colcon_core.package_identification Level 1 _identify(src/dofbot_garbage_yolov11/__pycache__) by extensions ['ignore', 'ignore_ament_install']
[0.317s] colcon.colcon_core.package_identification Level 1 _identify(src/dofbot_garbage_yolov11/__pycache__) by extension 'ignore'
[0.317s] colcon.colcon_core.package_identification Level 1 _identify(src/dofbot_garbage_yolov11/__pycache__) by extension 'ignore_ament_install'
[0.317s] colcon.colcon_core.package_identification Level 1 _identify(src/dofbot_garbage_yolov11/__pycache__) by extensions ['colcon_pkg']
[0.317s] colcon.colcon_core.package_identification Level 1 _identify(src/dofbot_garbage_yolov11/__pycache__) by extension 'colcon_pkg'
[0.317s] colcon.colcon_core.package_identification Level 1 _identify(src/dofbot_garbage_yolov11/__pycache__) by extensions ['colcon_meta']
[0.318s] colcon.colcon_core.package_identification Level 1 _identify(src/dofbot_garbage_yolov11/__pycache__) by extension 'colcon_meta'
[0.318s] colcon.colcon_core.package_identification Level 1 _identify(src/dofbot_garbage_yolov11/__pycache__) by extensions ['ros']
[0.318s] colcon.colcon_core.package_identification Level 1 _identify(src/dofbot_garbage_yolov11/__pycache__) by extension 'ros'
[0.318s] colcon.colcon_core.package_identification Level 1 _identify(src/dofbot_garbage_yolov11/__pycache__) by extensions ['cmake', 'python']
[0.318s] colcon.colcon_core.package_identification Level 1 _identify(src/dofbot_garbage_yolov11/__pycache__) by extension 'cmake'
[0.318s] colcon.colcon_core.package_identification Level 1 _identify(src/dofbot_garbage_yolov11/__pycache__) by extension 'python'
[0.318s] colcon.colcon_core.package_identification Level 1 _identify(src/dofbot_garbage_yolov11/__pycache__) by extensions ['python_setup_py']
[0.318s] colcon.colcon_core.package_identification Level 1 _identify(src/dofbot_garbage_yolov11/__pycache__) by extension 'python_setup_py'
[0.318s] colcon.colcon_core.package_identification Level 1 _identify(src/dofbot_info) by extensions ['ignore', 'ignore_ament_install']
[0.318s] colcon.colcon_core.package_identification Level 1 _identify(src/dofbot_info) by extension 'ignore'
[0.318s] colcon.colcon_core.package_identification Level 1 _identify(src/dofbot_info) by extension 'ignore_ament_install'
[0.318s] colcon.colcon_core.package_identification Level 1 _identify(src/dofbot_info) by extensions ['colcon_pkg']
[0.318s] colcon.colcon_core.package_identification Level 1 _identify(src/dofbot_info) by extension 'colcon_pkg'
[0.318s] colcon.colcon_core.package_identification Level 1 _identify(src/dofbot_info) by extensions ['colcon_meta']
[0.318s] colcon.colcon_core.package_identification Level 1 _identify(src/dofbot_info) by extension 'colcon_meta'
[0.318s] colcon.colcon_core.package_identification Level 1 _identify(src/dofbot_info) by extensions ['ros']
[0.318s] colcon.colcon_core.package_identification Level 1 _identify(src/dofbot_info) by extension 'ros'
[0.318s] colcon.colcon_core.package_identification DEBUG Package 'src/dofbot_info' with type 'ros.ament_cmake' and name 'dofbot_info'
[0.318s] colcon.colcon_core.package_identification Level 1 _identify(src/dofbot_interface) by extensions ['ignore', 'ignore_ament_install']
[0.318s] colcon.colcon_core.package_identification Level 1 _identify(src/dofbot_interface) by extension 'ignore'
[0.318s] colcon.colcon_core.package_identification Level 1 _identify(src/dofbot_interface) by extension 'ignore_ament_install'
[0.318s] colcon.colcon_core.package_identification Level 1 _identify(src/dofbot_interface) by extensions ['colcon_pkg']
[0.318s] colcon.colcon_core.package_identification Level 1 _identify(src/dofbot_interface) by extension 'colcon_pkg'
[0.318s] colcon.colcon_core.package_identification Level 1 _identify(src/dofbot_interface) by extensions ['colcon_meta']
[0.318s] colcon.colcon_core.package_identification Level 1 _identify(src/dofbot_interface) by extension 'colcon_meta'
[0.318s] colcon.colcon_core.package_identification Level 1 _identify(src/dofbot_interface) by extensions ['ros']
[0.318s] colcon.colcon_core.package_identification Level 1 _identify(src/dofbot_interface) by extension 'ros'
[0.319s] colcon.colcon_core.package_identification DEBUG Package 'src/dofbot_interface' with type 'ros.ament_cmake' and name 'dofbot_interface'
[0.319s] colcon.colcon_core.package_identification Level 1 _identify(src/dofbot_mediapipe) by extensions ['ignore', 'ignore_ament_install']
[0.319s] colcon.colcon_core.package_identification Level 1 _identify(src/dofbot_mediapipe) by extension 'ignore'
[0.319s] colcon.colcon_core.package_identification Level 1 _identify(src/dofbot_mediapipe) by extension 'ignore_ament_install'
[0.319s] colcon.colcon_core.package_identification Level 1 _identify(src/dofbot_mediapipe) by extensions ['colcon_pkg']
[0.319s] colcon.colcon_core.package_identification Level 1 _identify(src/dofbot_mediapipe) by extension 'colcon_pkg'
[0.319s] colcon.colcon_core.package_identification Level 1 _identify(src/dofbot_mediapipe) by extensions ['colcon_meta']
[0.319s] colcon.colcon_core.package_identification Level 1 _identify(src/dofbot_mediapipe) by extension 'colcon_meta'
[0.319s] colcon.colcon_core.package_identification Level 1 _identify(src/dofbot_mediapipe) by extensions ['ros']
[0.319s] colcon.colcon_core.package_identification Level 1 _identify(src/dofbot_mediapipe) by extension 'ros'
[0.319s] colcon.colcon_core.package_identification DEBUG Package 'src/dofbot_mediapipe' with type 'ros.ament_python' and name 'dofbot_mediapipe'
[0.319s] colcon.colcon_core.package_identification Level 1 _identify(src/dofbot_moveit) by extensions ['ignore', 'ignore_ament_install']
[0.319s] colcon.colcon_core.package_identification Level 1 _identify(src/dofbot_moveit) by extension 'ignore'
[0.319s] colcon.colcon_core.package_identification Level 1 _identify(src/dofbot_moveit) by extension 'ignore_ament_install'
[0.319s] colcon.colcon_core.package_identification Level 1 _identify(src/dofbot_moveit) by extensions ['colcon_pkg']
[0.320s] colcon.colcon_core.package_identification Level 1 _identify(src/dofbot_moveit) by extension 'colcon_pkg'
[0.320s] colcon.colcon_core.package_identification Level 1 _identify(src/dofbot_moveit) by extensions ['colcon_meta']
[0.320s] colcon.colcon_core.package_identification Level 1 _identify(src/dofbot_moveit) by extension 'colcon_meta'
[0.320s] colcon.colcon_core.package_identification Level 1 _identify(src/dofbot_moveit) by extensions ['ros']
[0.320s] colcon.colcon_core.package_identification Level 1 _identify(src/dofbot_moveit) by extension 'ros'
[0.320s] colcon.colcon_core.package_identification DEBUG Package 'src/dofbot_moveit' with type 'ros.ament_cmake' and name 'dofbot_moveit'
[0.320s] colcon.colcon_core.package_identification Level 1 _identify(src/dofbot_msgs) by extensions ['ignore', 'ignore_ament_install']
[0.320s] colcon.colcon_core.package_identification Level 1 _identify(src/dofbot_msgs) by extension 'ignore'
[0.320s] colcon.colcon_core.package_identification Level 1 _identify(src/dofbot_msgs) by extension 'ignore_ament_install'
[0.320s] colcon.colcon_core.package_identification Level 1 _identify(src/dofbot_msgs) by extensions ['colcon_pkg']
[0.320s] colcon.colcon_core.package_identification Level 1 _identify(src/dofbot_msgs) by extension 'colcon_pkg'
[0.320s] colcon.colcon_core.package_identification Level 1 _identify(src/dofbot_msgs) by extensions ['colcon_meta']
[0.320s] colcon.colcon_core.package_identification Level 1 _identify(src/dofbot_msgs) by extension 'colcon_meta'
[0.320s] colcon.colcon_core.package_identification Level 1 _identify(src/dofbot_msgs) by extensions ['ros']
[0.320s] colcon.colcon_core.package_identification Level 1 _identify(src/dofbot_msgs) by extension 'ros'
[0.321s] colcon.colcon_core.package_identification DEBUG Package 'src/dofbot_msgs' with type 'ros.ament_cmake' and name 'dofbot_msgs'
[0.321s] colcon.colcon_core.package_identification Level 1 _identify(src/dofbot_snake_follow) by extensions ['ignore', 'ignore_ament_install']
[0.321s] colcon.colcon_core.package_identification Level 1 _identify(src/dofbot_snake_follow) by extension 'ignore'
[0.321s] colcon.colcon_core.package_identification Level 1 _identify(src/dofbot_snake_follow) by extension 'ignore_ament_install'
[0.321s] colcon.colcon_core.package_identification Level 1 _identify(src/dofbot_snake_follow) by extensions ['colcon_pkg']
[0.321s] colcon.colcon_core.package_identification Level 1 _identify(src/dofbot_snake_follow) by extension 'colcon_pkg'
[0.321s] colcon.colcon_core.package_identification Level 1 _identify(src/dofbot_snake_follow) by extensions ['colcon_meta']
[0.321s] colcon.colcon_core.package_identification Level 1 _identify(src/dofbot_snake_follow) by extension 'colcon_meta'
[0.321s] colcon.colcon_core.package_identification Level 1 _identify(src/dofbot_snake_follow) by extensions ['ros']
[0.321s] colcon.colcon_core.package_identification Level 1 _identify(src/dofbot_snake_follow) by extension 'ros'
[0.321s] colcon.colcon_core.package_identification DEBUG Package 'src/dofbot_snake_follow' with type 'ros.catkin' and name 'dofbot_snake_follow'
[0.321s] colcon.colcon_core.package_identification Level 1 _identify(src/dofbot_sorting) by extensions ['ignore', 'ignore_ament_install']
[0.321s] colcon.colcon_core.package_identification Level 1 _identify(src/dofbot_sorting) by extension 'ignore'
[0.322s] colcon.colcon_core.package_identification Level 1 _identify(src/dofbot_sorting) by extension 'ignore_ament_install'
[0.322s] colcon.colcon_core.package_identification Level 1 _identify(src/dofbot_sorting) by extensions ['colcon_pkg']
[0.322s] colcon.colcon_core.package_identification Level 1 _identify(src/dofbot_sorting) by extension 'colcon_pkg'
[0.322s] colcon.colcon_core.package_identification Level 1 _identify(src/dofbot_sorting) by extensions ['colcon_meta']
[0.322s] colcon.colcon_core.package_identification Level 1 _identify(src/dofbot_sorting) by extension 'colcon_meta'
[0.322s] colcon.colcon_core.package_identification Level 1 _identify(src/dofbot_sorting) by extensions ['ros']
[0.322s] colcon.colcon_core.package_identification Level 1 _identify(src/dofbot_sorting) by extension 'ros'
[0.322s] colcon.colcon_core.package_identification DEBUG Package 'src/dofbot_sorting' with type 'ros.ament_python' and name 'dofbot_sorting'
[0.322s] colcon.colcon_core.package_identification Level 1 _identify(src/dofbot_sorting_3d) by extensions ['ignore', 'ignore_ament_install']
[0.322s] colcon.colcon_core.package_identification Level 1 _identify(src/dofbot_sorting_3d) by extension 'ignore'
[0.322s] colcon.colcon_core.package_identification Level 1 _identify(src/dofbot_sorting_3d) by extension 'ignore_ament_install'
[0.322s] colcon.colcon_core.package_identification Level 1 _identify(src/dofbot_sorting_3d) by extensions ['colcon_pkg']
[0.322s] colcon.colcon_core.package_identification Level 1 _identify(src/dofbot_sorting_3d) by extension 'colcon_pkg'
[0.322s] colcon.colcon_core.package_identification Level 1 _identify(src/dofbot_sorting_3d) by extensions ['colcon_meta']
[0.322s] colcon.colcon_core.package_identification Level 1 _identify(src/dofbot_sorting_3d) by extension 'colcon_meta'
[0.322s] colcon.colcon_core.package_identification Level 1 _identify(src/dofbot_sorting_3d) by extensions ['ros']
[0.322s] colcon.colcon_core.package_identification Level 1 _identify(src/dofbot_sorting_3d) by extension 'ros'
[0.322s] colcon.colcon_core.package_identification DEBUG Package 'src/dofbot_sorting_3d' with type 'ros.ament_python' and name 'dofbot_sorting_3d'
[0.322s] colcon.colcon_core.package_identification Level 1 _identify(src/dofbot_urdf) by extensions ['ignore', 'ignore_ament_install']
[0.323s] colcon.colcon_core.package_identification Level 1 _identify(src/dofbot_urdf) by extension 'ignore'
[0.323s] colcon.colcon_core.package_identification Level 1 _identify(src/dofbot_urdf) by extension 'ignore_ament_install'
[0.323s] colcon.colcon_core.package_identification Level 1 _identify(src/dofbot_urdf) by extensions ['colcon_pkg']
[0.323s] colcon.colcon_core.package_identification Level 1 _identify(src/dofbot_urdf) by extension 'colcon_pkg'
[0.323s] colcon.colcon_core.package_identification Level 1 _identify(src/dofbot_urdf) by extensions ['colcon_meta']
[0.323s] colcon.colcon_core.package_identification Level 1 _identify(src/dofbot_urdf) by extension 'colcon_meta'
[0.323s] colcon.colcon_core.package_identification Level 1 _identify(src/dofbot_urdf) by extensions ['ros']
[0.323s] colcon.colcon_core.package_identification Level 1 _identify(src/dofbot_urdf) by extension 'ros'
[0.323s] colcon.colcon_core.package_identification DEBUG Package 'src/dofbot_urdf' with type 'ros.ament_cmake' and name 'dofbot_urdf'
[0.323s] colcon.colcon_core.package_identification Level 1 _identify(src/dofbot_voice_ctrl) by extensions ['ignore', 'ignore_ament_install']
[0.323s] colcon.colcon_core.package_identification Level 1 _identify(src/dofbot_voice_ctrl) by extension 'ignore'
[0.323s] colcon.colcon_core.package_identification Level 1 _identify(src/dofbot_voice_ctrl) by extension 'ignore_ament_install'
[0.323s] colcon.colcon_core.package_identification Level 1 _identify(src/dofbot_voice_ctrl) by extensions ['colcon_pkg']
[0.323s] colcon.colcon_core.package_identification Level 1 _identify(src/dofbot_voice_ctrl) by extension 'colcon_pkg'
[0.323s] colcon.colcon_core.package_identification Level 1 _identify(src/dofbot_voice_ctrl) by extensions ['colcon_meta']
[0.323s] colcon.colcon_core.package_identification Level 1 _identify(src/dofbot_voice_ctrl) by extension 'colcon_meta'
[0.323s] colcon.colcon_core.package_identification Level 1 _identify(src/dofbot_voice_ctrl) by extensions ['ros']
[0.323s] colcon.colcon_core.package_identification Level 1 _identify(src/dofbot_voice_ctrl) by extension 'ros'
[0.324s] colcon.colcon_core.package_identification DEBUG Package 'src/dofbot_voice_ctrl' with type 'ros.ament_python' and name 'dofbot_voice_ctrl'
[0.324s] colcon.colcon_core.package_identification Level 1 _identify(src/dofbot_yolov11) by extensions ['ignore', 'ignore_ament_install']
[0.324s] colcon.colcon_core.package_identification Level 1 _identify(src/dofbot_yolov11) by extension 'ignore'
[0.324s] colcon.colcon_core.package_identification Level 1 _identify(src/dofbot_yolov11) by extension 'ignore_ament_install'
[0.324s] colcon.colcon_core.package_identification Level 1 _identify(src/dofbot_yolov11) by extensions ['colcon_pkg']
[0.324s] colcon.colcon_core.package_identification Level 1 _identify(src/dofbot_yolov11) by extension 'colcon_pkg'
[0.324s] colcon.colcon_core.package_identification Level 1 _identify(src/dofbot_yolov11) by extensions ['colcon_meta']
[0.324s] colcon.colcon_core.package_identification Level 1 _identify(src/dofbot_yolov11) by extension 'colcon_meta'
[0.324s] colcon.colcon_core.package_identification Level 1 _identify(src/dofbot_yolov11) by extensions ['ros']
[0.324s] colcon.colcon_core.package_identification Level 1 _identify(src/dofbot_yolov11) by extension 'ros'
[0.324s] colcon.colcon_core.package_identification DEBUG Package 'src/dofbot_yolov11' with type 'ros.ament_python' and name 'dofbot_yolov11'
[0.324s] colcon.colcon_core.package_identification Level 1 _identify(src/yahboom_speech) by extensions ['ignore', 'ignore_ament_install']
[0.324s] colcon.colcon_core.package_identification Level 1 _identify(src/yahboom_speech) by extension 'ignore'
[0.324s] colcon.colcon_core.package_identification Level 1 _identify(src/yahboom_speech) by extension 'ignore_ament_install'
[0.324s] colcon.colcon_core.package_identification Level 1 _identify(src/yahboom_speech) by extensions ['colcon_pkg']
[0.324s] colcon.colcon_core.package_identification Level 1 _identify(src/yahboom_speech) by extension 'colcon_pkg'
[0.324s] colcon.colcon_core.package_identification Level 1 _identify(src/yahboom_speech) by extensions ['colcon_meta']
[0.324s] colcon.colcon_core.package_identification Level 1 _identify(src/yahboom_speech) by extension 'colcon_meta'
[0.324s] colcon.colcon_core.package_identification Level 1 _identify(src/yahboom_speech) by extensions ['ros']
[0.324s] colcon.colcon_core.package_identification Level 1 _identify(src/yahboom_speech) by extension 'ros'
[0.325s] colcon.colcon_core.package_identification DEBUG Package 'src/yahboom_speech' with type 'ros.ament_python' and name 'yahboom_speech'
[0.325s] colcon.colcon_core.package_discovery Level 1 discover_packages(recursive) using defaults
[0.325s] colcon.colcon_core.package_discovery Level 1 discover_packages(ignore) discover
[0.325s] colcon.colcon_core.package_discovery Level 1 discover_packages(ignore) using defaults
[0.325s] colcon.colcon_core.package_discovery Level 1 discover_packages(path) discover
[0.325s] colcon.colcon_core.package_discovery Level 1 discover_packages(path) using defaults
[0.334s] colcon.colcon_core.package_selection INFO Skipping not selected package 'Arm_Lib' in '5.Communication Protocol-Python Library/1.Install Python module/0.py_install'
[0.334s] colcon.colcon_core.package_selection INFO Skipping not selected package 'dofbot_driver' in 'src/dofbot_driver'
[0.334s] colcon.colcon_core.package_selection INFO Skipping not selected package 'dofbot_face_follow' in 'src/dofbot_face_follow'
[0.334s] colcon.colcon_core.package_selection INFO Skipping not selected package 'dofbot_follow' in 'src/dofbot_follow'
[0.334s] colcon.colcon_core.package_selection INFO Skipping not selected package 'dofbot_msgs' in 'src/dofbot_msgs'
[0.334s] colcon.colcon_core.package_selection INFO Skipping not selected package 'dofbot_sorting' in 'src/dofbot_sorting'
[0.334s] colcon.colcon_core.package_selection INFO Skipping not selected package 'dofbot_urdf' in 'src/dofbot_urdf'
[0.334s] colcon.colcon_core.package_selection INFO Skipping not selected package 'dofbot_voice_ctrl' in 'src/dofbot_voice_ctrl'
[0.334s] colcon.colcon_core.package_selection INFO Skipping not selected package 'dofbot_yolov11' in 'src/dofbot_yolov11'
[0.334s] colcon.colcon_core.package_selection INFO Skipping not selected package 'yahboom_speech' in 'src/yahboom_speech'
[0.334s] colcon.colcon_core.package_selection INFO Skipping not selected package 'dofbot_color_identify' in 'src/dofbot_color_identify'
[0.334s] colcon.colcon_core.package_selection INFO Skipping not selected package 'dofbot_color_stacking' in 'src/dofbot_color_stacking'
[0.334s] colcon.colcon_core.package_selection INFO Skipping not selected package 'dofbot_mediapipe' in 'src/dofbot_mediapipe'
[0.334s] colcon.colcon_core.package_selection INFO Skipping not selected package 'dofbot_moveit' in 'src/dofbot_moveit'
[0.335s] colcon.colcon_core.package_selection INFO Skipping not selected package 'dofbot_snake_follow' in 'src/dofbot_snake_follow'
[0.335s] colcon.colcon_core.package_discovery Level 1 discover_packages(prefix_path) check parameters
[0.335s] colcon.colcon_core.package_discovery Level 1 discover_packages(prefix_path) discover
[0.336s] colcon.colcon_installed_package_information.package_discovery DEBUG Found 360 installed packages in /opt/ros/humble
[0.337s] colcon.colcon_core.package_discovery Level 1 discover_packages(prefix_path) using defaults
[0.359s] colcon.colcon_core.verb Level 5 set package 'dofbot_info' build argument 'cmake_args' from command line to 'None'
[0.359s] colcon.colcon_core.verb Level 5 set package 'dofbot_info' build argument 'cmake_target' from command line to 'None'
[0.359s] colcon.colcon_core.verb Level 5 set package 'dofbot_info' build argument 'cmake_target_skip_unavailable' from command line to 'False'
[0.359s] colcon.colcon_core.verb Level 5 set package 'dofbot_info' build argument 'cmake_clean_cache' from command line to 'False'
[0.359s] colcon.colcon_core.verb Level 5 set package 'dofbot_info' build argument 'cmake_clean_first' from command line to 'False'
[0.359s] colcon.colcon_core.verb Level 5 set package 'dofbot_info' build argument 'cmake_force_configure' from command line to 'False'
[0.359s] colcon.colcon_core.verb Level 5 set package 'dofbot_info' build argument 'ament_cmake_args' from command line to 'None'
[0.359s] colcon.colcon_core.verb Level 5 set package 'dofbot_info' build argument 'catkin_cmake_args' from command line to 'None'
[0.359s] colcon.colcon_core.verb Level 5 set package 'dofbot_info' build argument 'catkin_skip_building_tests' from command line to 'False'
[0.359s] colcon.colcon_core.verb DEBUG Building package 'dofbot_info' with the following arguments: {'ament_cmake_args': None, 'build_base': '/home/jloy/Desktop/robot-arm/dofbot_ws/build_color_sorting/dofbot_info', 'catkin_cmake_args': None, 'catkin_skip_building_tests': False, 'cmake_args': None, 'cmake_clean_cache': False, 'cmake_clean_first': False, 'cmake_force_configure': False, 'cmake_target': None, 'cmake_target_skip_unavailable': False, 'install_base': '/home/jloy/Desktop/robot-arm/dofbot_ws/install_color_sorting/dofbot_info', 'merge_install': False, 'path': '/home/jloy/Desktop/robot-arm/dofbot_ws/src/dofbot_info', 'symlink_install': False, 'test_result_base': None}
[0.359s] colcon.colcon_core.verb Level 5 set package 'dofbot_interface' build argument 'cmake_args' from command line to 'None'
[0.359s] colcon.colcon_core.verb Level 5 set package 'dofbot_interface' build argument 'cmake_target' from command line to 'None'
[0.359s] colcon.colcon_core.verb Level 5 set package 'dofbot_interface' build argument 'cmake_target_skip_unavailable' from command line to 'False'
[0.359s] colcon.colcon_core.verb Level 5 set package 'dofbot_interface' build argument 'cmake_clean_cache' from command line to 'False'
[0.359s] colcon.colcon_core.verb Level 5 set package 'dofbot_interface' build argument 'cmake_clean_first' from command line to 'False'
[0.359s] colcon.colcon_core.verb Level 5 set package 'dofbot_interface' build argument 'cmake_force_configure' from command line to 'False'
[0.359s] colcon.colcon_core.verb Level 5 set package 'dofbot_interface' build argument 'ament_cmake_args' from command line to 'None'
[0.359s] colcon.colcon_core.verb Level 5 set package 'dofbot_interface' build argument 'catkin_cmake_args' from command line to 'None'
[0.359s] colcon.colcon_core.verb Level 5 set package 'dofbot_interface' build argument 'catkin_skip_building_tests' from command line to 'False'
[0.359s] colcon.colcon_core.verb DEBUG Building package 'dofbot_interface' with the following arguments: {'ament_cmake_args': None, 'build_base': '/home/jloy/Desktop/robot-arm/dofbot_ws/build_color_sorting/dofbot_interface', 'catkin_cmake_args': None, 'catkin_skip_building_tests': False, 'cmake_args': None, 'cmake_clean_cache': False, 'cmake_clean_first': False, 'cmake_force_configure': False, 'cmake_target': None, 'cmake_target_skip_unavailable': False, 'install_base': '/home/jloy/Desktop/robot-arm/dofbot_ws/install_color_sorting/dofbot_interface', 'merge_install': False, 'path': '/home/jloy/Desktop/robot-arm/dofbot_ws/src/dofbot_interface', 'symlink_install': False, 'test_result_base': None}
[0.359s] colcon.colcon_core.verb Level 5 set package 'dofbot_sorting_3d' build argument 'cmake_args' from command line to 'None'
[0.359s] colcon.colcon_core.verb Level 5 set package 'dofbot_sorting_3d' build argument 'cmake_target' from command line to 'None'
[0.359s] colcon.colcon_core.verb Level 5 set package 'dofbot_sorting_3d' build argument 'cmake_target_skip_unavailable' from command line to 'False'
[0.359s] colcon.colcon_core.verb Level 5 set package 'dofbot_sorting_3d' build argument 'cmake_clean_cache' from command line to 'False'
[0.359s] colcon.colcon_core.verb Level 5 set package 'dofbot_sorting_3d' build argument 'cmake_clean_first' from command line to 'False'
[0.359s] colcon.colcon_core.verb Level 5 set package 'dofbot_sorting_3d' build argument 'cmake_force_configure' from command line to 'False'
[0.359s] colcon.colcon_core.verb Level 5 set package 'dofbot_sorting_3d' build argument 'ament_cmake_args' from command line to 'None'
[0.359s] colcon.colcon_core.verb Level 5 set package 'dofbot_sorting_3d' build argument 'catkin_cmake_args' from command line to 'None'
[0.359s] colcon.colcon_core.verb Level 5 set package 'dofbot_sorting_3d' build argument 'catkin_skip_building_tests' from command line to 'False'
[0.359s] colcon.colcon_core.verb DEBUG Building package 'dofbot_sorting_3d' with the following arguments: {'ament_cmake_args': None, 'build_base': '/home/jloy/Desktop/robot-arm/dofbot_ws/build_color_sorting/dofbot_sorting_3d', 'catkin_cmake_args': None, 'catkin_skip_building_tests': False, 'cmake_args': None, 'cmake_clean_cache': False, 'cmake_clean_first': False, 'cmake_force_configure': False, 'cmake_target': None, 'cmake_target_skip_unavailable': False, 'install_base': '/home/jloy/Desktop/robot-arm/dofbot_ws/install_color_sorting/dofbot_sorting_3d', 'merge_install': False, 'path': '/home/jloy/Desktop/robot-arm/dofbot_ws/src/dofbot_sorting_3d', 'symlink_install': False, 'test_result_base': None}
[0.359s] colcon.colcon_core.executor INFO Executing jobs using 'parallel' executor
[0.360s] colcon.colcon_parallel_executor.executor.parallel DEBUG run_until_complete
[0.360s] colcon.colcon_ros.task.ament_cmake.build INFO Building ROS package in '/home/jloy/Desktop/robot-arm/dofbot_ws/src/dofbot_info' with build type 'ament_cmake'
[0.360s] colcon.colcon_cmake.task.cmake.build INFO Building CMake package in '/home/jloy/Desktop/robot-arm/dofbot_ws/src/dofbot_info'
[0.361s] colcon.colcon_core.plugin_system INFO Skipping extension 'colcon_core.shell.bat': Not used on non-Windows systems
[0.361s] colcon.colcon_core.shell INFO Skip shell extension 'powershell' for command environment: Not usable outside of PowerShell
[0.361s] colcon.colcon_core.shell DEBUG Skip shell extension 'dsv' for command environment
[0.363s] colcon.colcon_ros.task.ament_cmake.build INFO Building ROS package in '/home/jloy/Desktop/robot-arm/dofbot_ws/src/dofbot_interface' with build type 'ament_cmake'
[0.363s] colcon.colcon_cmake.task.cmake.build INFO Building CMake package in '/home/jloy/Desktop/robot-arm/dofbot_ws/src/dofbot_interface'
[0.363s] colcon.colcon_core.shell INFO Skip shell extension 'powershell' for command environment: Not usable outside of PowerShell
[0.363s] colcon.colcon_core.shell DEBUG Skip shell extension 'dsv' for command environment
[0.364s] colcon.colcon_ros.task.ament_python.build INFO Building ROS package in '/home/jloy/Desktop/robot-arm/dofbot_ws/src/dofbot_sorting_3d' with build type 'ament_python'
[0.365s] colcon.colcon_core.shell Level 1 create_environment_hook('dofbot_sorting_3d', 'ament_prefix_path')
[0.365s] colcon.colcon_core.shell INFO Creating environment hook '/home/jloy/Desktop/robot-arm/dofbot_ws/install_color_sorting/dofbot_sorting_3d/share/dofbot_sorting_3d/hook/ament_prefix_path.ps1'
[0.365s] colcon.colcon_core.shell INFO Creating environment descriptor '/home/jloy/Desktop/robot-arm/dofbot_ws/install_color_sorting/dofbot_sorting_3d/share/dofbot_sorting_3d/hook/ament_prefix_path.dsv'
[0.365s] colcon.colcon_core.shell INFO Creating environment hook '/home/jloy/Desktop/robot-arm/dofbot_ws/install_color_sorting/dofbot_sorting_3d/share/dofbot_sorting_3d/hook/ament_prefix_path.sh'
[0.366s] colcon.colcon_core.shell INFO Skip shell extension 'powershell' for command environment: Not usable outside of PowerShell
[0.366s] colcon.colcon_core.shell DEBUG Skip shell extension 'dsv' for command environment
[0.368s] colcon.colcon_core.event_handler.log_command DEBUG Invoking command in '/home/jloy/Desktop/robot-arm/dofbot_ws/build_color_sorting/dofbot_info': CMAKE_PREFIX_PATH=/opt/ros/humble /usr/bin/cmake /home/jloy/Desktop/robot-arm/dofbot_ws/src/dofbot_info -DCMAKE_INSTALL_PREFIX=/home/jloy/Desktop/robot-arm/dofbot_ws/install_color_sorting/dofbot_info
[0.370s] colcon.colcon_core.event_handler.log_command DEBUG Invoking command in '/home/jloy/Desktop/robot-arm/dofbot_ws/build_color_sorting/dofbot_interface': CMAKE_PREFIX_PATH=/opt/ros/humble /usr/bin/cmake /home/jloy/Desktop/robot-arm/dofbot_ws/src/dofbot_interface -DCMAKE_INSTALL_PREFIX=/home/jloy/Desktop/robot-arm/dofbot_ws/install_color_sorting/dofbot_interface
[0.517s] colcon.colcon_core.task.python.build INFO Building Python package in '/home/jloy/Desktop/robot-arm/dofbot_ws/src/dofbot_sorting_3d'
[0.517s] colcon.colcon_core.shell INFO Skip shell extension 'powershell' for command environment: Not usable outside of PowerShell
[0.517s] colcon.colcon_core.shell DEBUG Skip shell extension 'dsv' for command environment
[0.719s] colcon.colcon_core.task.python.build DEBUG Available setuptools commands: bdist_egg, extract_messages, build, saveopts, build_scripts, register, dist_info, bdist_rpm, check, build_clib, symlink_data, install_headers, test, easy_install, init_catalog, egg_info, bdist_wheel, sdist, bdist_dumb, compile_catalog, setopt, build_ext, install_data, install_lib, develop, update_catalog, upload_docs, clean, bdist, alias, install_scripts, build_py, install, rotate, upload, install_egg_info
[0.721s] colcon.colcon_core.event_handler.log_command DEBUG Invoking command in '/home/jloy/Desktop/robot-arm/dofbot_ws/src/dofbot_sorting_3d': PYTHONPATH=/home/jloy/Desktop/robot-arm/dofbot_ws/build_color_sorting/dofbot_sorting_3d/prefix_override:/usr/lib/python3/dist-packages/colcon_core/task/python/colcon_distutils_commands:/home/jloy/Desktop/robot-arm/dofbot_ws/install_color_sorting/dofbot_sorting_3d/lib/python3.10/site-packages:${PYTHONPATH} /usr/bin/python3 -W ignore:setup.py install is deprecated -W ignore:easy_install command is deprecated setup.py egg_info --egg-base ../../build_color_sorting/dofbot_sorting_3d build --build-base /home/jloy/Desktop/robot-arm/dofbot_ws/build_color_sorting/dofbot_sorting_3d/build install --record /home/jloy/Desktop/robot-arm/dofbot_ws/build_color_sorting/dofbot_sorting_3d/install.log --install-scripts $base/lib/dofbot_sorting_3d --single-version-externally-managed install_data
[0.916s] colcon.colcon_core.event_handler.log_command DEBUG Invoked command in '/home/jloy/Desktop/robot-arm/dofbot_ws/src/dofbot_sorting_3d' returned '0': PYTHONPATH=/home/jloy/Desktop/robot-arm/dofbot_ws/build_color_sorting/dofbot_sorting_3d/prefix_override:/usr/lib/python3/dist-packages/colcon_core/task/python/colcon_distutils_commands:/home/jloy/Desktop/robot-arm/dofbot_ws/install_color_sorting/dofbot_sorting_3d/lib/python3.10/site-packages:${PYTHONPATH} /usr/bin/python3 -W ignore:setup.py install is deprecated -W ignore:easy_install command is deprecated setup.py egg_info --egg-base ../../build_color_sorting/dofbot_sorting_3d build --build-base /home/jloy/Desktop/robot-arm/dofbot_ws/build_color_sorting/dofbot_sorting_3d/build install --record /home/jloy/Desktop/robot-arm/dofbot_ws/build_color_sorting/dofbot_sorting_3d/install.log --install-scripts $base/lib/dofbot_sorting_3d --single-version-externally-managed install_data
[0.917s] colcon.colcon_core.environment Level 1 checking '/home/jloy/Desktop/robot-arm/dofbot_ws/install_color_sorting/dofbot_sorting_3d' for CMake module files
[0.917s] colcon.colcon_core.environment Level 1 checking '/home/jloy/Desktop/robot-arm/dofbot_ws/install_color_sorting/dofbot_sorting_3d' for CMake config files
[0.918s] colcon.colcon_core.environment Level 1 checking '/home/jloy/Desktop/robot-arm/dofbot_ws/install_color_sorting/dofbot_sorting_3d/lib'
[0.918s] colcon.colcon_core.environment Level 1 checking '/home/jloy/Desktop/robot-arm/dofbot_ws/install_color_sorting/dofbot_sorting_3d/bin'
[0.918s] colcon.colcon_core.environment Level 1 checking '/home/jloy/Desktop/robot-arm/dofbot_ws/install_color_sorting/dofbot_sorting_3d/lib/pkgconfig/dofbot_sorting_3d.pc'
[0.918s] colcon.colcon_core.environment Level 1 checking '/home/jloy/Desktop/robot-arm/dofbot_ws/install_color_sorting/dofbot_sorting_3d/lib/python3.10/site-packages'
[0.918s] colcon.colcon_core.shell Level 1 create_environment_hook('dofbot_sorting_3d', 'pythonpath')
[0.918s] colcon.colcon_core.shell INFO Creating environment hook '/home/jloy/Desktop/robot-arm/dofbot_ws/install_color_sorting/dofbot_sorting_3d/share/dofbot_sorting_3d/hook/pythonpath.ps1'
[0.918s] colcon.colcon_core.shell INFO Creating environment descriptor '/home/jloy/Desktop/robot-arm/dofbot_ws/install_color_sorting/dofbot_sorting_3d/share/dofbot_sorting_3d/hook/pythonpath.dsv'
[0.918s] colcon.colcon_core.shell INFO Creating environment hook '/home/jloy/Desktop/robot-arm/dofbot_ws/install_color_sorting/dofbot_sorting_3d/share/dofbot_sorting_3d/hook/pythonpath.sh'
[0.919s] colcon.colcon_core.environment Level 1 checking '/home/jloy/Desktop/robot-arm/dofbot_ws/install_color_sorting/dofbot_sorting_3d/bin'
[0.919s] colcon.colcon_core.environment Level 1 create_environment_scripts_only(dofbot_sorting_3d)
[0.919s] colcon.colcon_core.shell INFO Creating package script '/home/jloy/Desktop/robot-arm/dofbot_ws/install_color_sorting/dofbot_sorting_3d/share/dofbot_sorting_3d/package.ps1'
[0.920s] colcon.colcon_core.shell INFO Creating package descriptor '/home/jloy/Desktop/robot-arm/dofbot_ws/install_color_sorting/dofbot_sorting_3d/share/dofbot_sorting_3d/package.dsv'
[0.920s] colcon.colcon_core.shell INFO Creating package script '/home/jloy/Desktop/robot-arm/dofbot_ws/install_color_sorting/dofbot_sorting_3d/share/dofbot_sorting_3d/package.sh'
[0.920s] colcon.colcon_core.shell INFO Creating package script '/home/jloy/Desktop/robot-arm/dofbot_ws/install_color_sorting/dofbot_sorting_3d/share/dofbot_sorting_3d/package.bash'
[0.921s] colcon.colcon_core.shell INFO Creating package script '/home/jloy/Desktop/robot-arm/dofbot_ws/install_color_sorting/dofbot_sorting_3d/share/dofbot_sorting_3d/package.zsh'
[0.921s] colcon.colcon_core.environment Level 1 create_file_with_runtime_dependencies(/home/jloy/Desktop/robot-arm/dofbot_ws/install_color_sorting/dofbot_sorting_3d/share/colcon-core/packages/dofbot_sorting_3d)
[1.061s] colcon.colcon_core.event_handler.log_command DEBUG Invoked command in '/home/jloy/Desktop/robot-arm/dofbot_ws/build_color_sorting/dofbot_info' returned '1': CMAKE_PREFIX_PATH=/opt/ros/humble /usr/bin/cmake /home/jloy/Desktop/robot-arm/dofbot_ws/src/dofbot_info -DCMAKE_INSTALL_PREFIX=/home/jloy/Desktop/robot-arm/dofbot_ws/install_color_sorting/dofbot_info
[1.253s] colcon.colcon_core.environment Level 1 create_environment_scripts_only(dofbot_info)
[1.253s] colcon.colcon_core.environment Level 1 checking '/home/jloy/Desktop/robot-arm/dofbot_ws/install_color_sorting/dofbot_info' for CMake module files
[1.253s] colcon.colcon_core.environment Level 1 checking '/home/jloy/Desktop/robot-arm/dofbot_ws/install_color_sorting/dofbot_info' for CMake config files
[1.253s] colcon.colcon_core.environment Level 1 checking '/home/jloy/Desktop/robot-arm/dofbot_ws/install_color_sorting/dofbot_info/bin'
[1.254s] colcon.colcon_core.environment Level 1 checking '/home/jloy/Desktop/robot-arm/dofbot_ws/install_color_sorting/dofbot_info/lib/pkgconfig/dofbot_info.pc'
[1.254s] colcon.colcon_core.environment Level 1 checking '/home/jloy/Desktop/robot-arm/dofbot_ws/install_color_sorting/dofbot_info/lib/python3.10/site-packages'
[1.254s] colcon.colcon_core.environment Level 1 checking '/home/jloy/Desktop/robot-arm/dofbot_ws/install_color_sorting/dofbot_info/bin'
[1.254s] colcon.colcon_core.shell INFO Creating package script '/home/jloy/Desktop/robot-arm/dofbot_ws/install_color_sorting/dofbot_info/share/dofbot_info/package.ps1'
[1.254s] colcon.colcon_core.shell INFO Creating package descriptor '/home/jloy/Desktop/robot-arm/dofbot_ws/install_color_sorting/dofbot_info/share/dofbot_info/package.dsv'
[1.255s] colcon.colcon_core.shell INFO Creating package script '/home/jloy/Desktop/robot-arm/dofbot_ws/install_color_sorting/dofbot_info/share/dofbot_info/package.sh'
[1.255s] colcon.colcon_core.shell INFO Creating package script '/home/jloy/Desktop/robot-arm/dofbot_ws/install_color_sorting/dofbot_info/share/dofbot_info/package.bash'
[1.255s] colcon.colcon_core.shell INFO Creating package script '/home/jloy/Desktop/robot-arm/dofbot_ws/install_color_sorting/dofbot_info/share/dofbot_info/package.zsh'
[1.255s] colcon.colcon_core.environment Level 1 create_file_with_runtime_dependencies(/home/jloy/Desktop/robot-arm/dofbot_ws/install_color_sorting/dofbot_info/share/colcon-core/packages/dofbot_info)
[1.781s] colcon.colcon_parallel_executor.executor.parallel DEBUG closing loop
[1.781s] colcon.colcon_parallel_executor.executor.parallel DEBUG loop closed
[1.781s] colcon.colcon_parallel_executor.executor.parallel DEBUG run_until_complete finished with '1'
[1.781s] colcon.colcon_core.event_reactor DEBUG joining thread
[1.786s] colcon.colcon_core.plugin_system INFO Skipping extension 'colcon_notification.desktop_notification.terminal_notifier': Not used on non-Darwin systems
[1.786s] colcon.colcon_core.plugin_system INFO Skipping extension 'colcon_notification.desktop_notification.win32': Not used on non-Windows systems
[1.786s] colcon.colcon_notification.desktop_notification INFO Sending desktop notification using 'notify2'
[1.786s] colcon.colcon_notification.desktop_notification.notify2 DEBUG Failed to initialize notify2: org.freedesktop.DBus.Error.AccessDenied: Failed to connect to socket /run/user/1000/bus: Operation not permitted
[1.786s] colcon.colcon_core.event_reactor DEBUG joined thread
[1.786s] colcon.colcon_core.shell INFO Creating prefix script '/home/jloy/Desktop/robot-arm/dofbot_ws/install_color_sorting/local_setup.ps1'
[1.787s] colcon.colcon_core.shell INFO Creating prefix util module '/home/jloy/Desktop/robot-arm/dofbot_ws/install_color_sorting/_local_setup_util_ps1.py'
[1.788s] colcon.colcon_core.shell INFO Creating prefix chain script '/home/jloy/Desktop/robot-arm/dofbot_ws/install_color_sorting/setup.ps1'
[1.789s] colcon.colcon_core.shell INFO Creating prefix script '/home/jloy/Desktop/robot-arm/dofbot_ws/install_color_sorting/local_setup.sh'
[1.790s] colcon.colcon_core.shell INFO Creating prefix util module '/home/jloy/Desktop/robot-arm/dofbot_ws/install_color_sorting/_local_setup_util_sh.py'
[1.790s] colcon.colcon_core.shell INFO Creating prefix chain script '/home/jloy/Desktop/robot-arm/dofbot_ws/install_color_sorting/setup.sh'
[1.790s] colcon.colcon_core.shell INFO Creating prefix script '/home/jloy/Desktop/robot-arm/dofbot_ws/install_color_sorting/local_setup.bash'
[1.791s] colcon.colcon_core.shell INFO Creating prefix chain script '/home/jloy/Desktop/robot-arm/dofbot_ws/install_color_sorting/setup.bash'
[1.791s] colcon.colcon_core.shell INFO Creating prefix script '/home/jloy/Desktop/robot-arm/dofbot_ws/install_color_sorting/local_setup.zsh'
[1.791s] colcon.colcon_core.shell INFO Creating prefix chain script '/home/jloy/Desktop/robot-arm/dofbot_ws/install_color_sorting/setup.zsh'
