[0.063s] colcon DEBUG Command line arguments: ['/usr/bin/colcon', '--log-base', 'log_color_sorting', 'build', '--build-base', 'build_color_sorting', '--install-base', 'install_color_sorting', '--packages-select', 'dofbot_info', 'dofbot_sorting_3d', '--event-handlers', 'console_cohesion+']
[0.063s] colcon DEBUG Parsed command line arguments: Namespace(log_base='log_color_sorting', log_level=None, verb_name='build', build_base='/home/jloy/Desktop/robot-arm/dofbot_ws/build_color_sorting', install_base='/home/jloy/Desktop/robot-arm/dofbot_ws/install_color_sorting', merge_install=False, symlink_install=False, test_result_base=None, continue_on_error=False, executor='parallel', parallel_workers=16, event_handlers=['console_cohesion+'], ignore_user_meta=False, metas=['./colcon.meta'], base_paths=['.'], packages_ignore=None, packages_ignore_regex=None, paths=None, packages_up_to=None, packages_up_to_regex=None, packages_above=None, packages_above_and_dependencies=None, packages_above_depth=None, packages_select_by_dep=None, packages_skip_by_dep=None, packages_skip_up_to=None, packages_select_build_failed=False, packages_skip_build_finished=False, packages_select_test_failures=False, packages_skip_test_passed=False, packages_select=['dofbot_info', 'dofbot_sorting_3d'], packages_skip=None, packages_select_regex=None, packages_skip_regex=None, packages_start=None, packages_end=None, allow_overriding=[], cmake_args=None, cmake_target=None, cmake_target_skip_unavailable=False, cmake_clean_cache=False, cmake_clean_first=False, cmake_force_configure=False, ament_cmake_args=None, catkin_cmake_args=None, catkin_skip_building_tests=False, mixin_files=None, mixin=None, verb_parser=<colcon_mixin.mixin.mixin_argument.MixinArgumentDecorator object at 0x7f8460f42da0>, verb_extension=<colcon_core.verb.build.BuildVerb object at 0x7f8460f427a0>, main=<bound method BuildVerb.main of <colcon_core.verb.build.BuildVerb object at 0x7f8460f427a0>>, mixin_verb=('build',))
[0.161s] colcon.colcon_core.package_discovery Level 1 discover_packages(colcon_meta) check parameters
[0.161s] colcon.colcon_core.package_discovery Level 1 discover_packages(recursive) check parameters
[0.161s] colcon.colcon_core.package_discovery Level 1 discover_packages(ignore) check parameters
[0.161s] colcon.colcon_core.package_discovery Level 1 discover_packages(path) check parameters
[0.161s] colcon.colcon_core.package_discovery Level 1 discover_packages(colcon_meta) discover
[0.161s] colcon.colcon_core.package_discovery Level 1 discover_packages(recursive) discover
[0.161s] colcon.colcon_core.package_discovery INFO Crawling recursively for packages in '/home/jloy/Desktop/robot-arm/dofbot_ws'
[0.161s] colcon.colcon_core.package_identification Level 1 _identify(.) by extensions ['ignore', 'ignore_ament_install']
[0.161s] colcon.colcon_core.package_identification Level 1 _identify(.) by extension 'ignore'
[0.161s] colcon.colcon_core.package_identification Level 1 _identify(.) by extension 'ignore_ament_install'
[0.161s] colcon.colcon_core.package_identification Level 1 _identify(.) by extensions ['colcon_pkg']
[0.161s] colcon.colcon_core.package_identification Level 1 _identify(.) by extension 'colcon_pkg'
[0.161s] colcon.colcon_core.package_identification Level 1 _identify(.) by extensions ['colcon_meta']
[0.161s] colcon.colcon_core.package_identification Level 1 _identify(.) by extension 'colcon_meta'
[0.161s] colcon.colcon_core.package_identification Level 1 _identify(.) by extensions ['ros']
[0.161s] colcon.colcon_core.package_identification Level 1 _identify(.) by extension 'ros'
[0.167s] colcon.colcon_core.package_identification Level 1 _identify(.) by extensions ['cmake', 'python']
[0.167s] colcon.colcon_core.package_identification Level 1 _identify(.) by extension 'cmake'
[0.168s] colcon.colcon_core.package_identification Level 1 _identify(.) by extension 'python'
[0.168s] colcon.colcon_core.package_identification Level 1 _identify(.) by extensions ['python_setup_py']
[0.168s] colcon.colcon_core.package_identification Level 1 _identify(.) by extension 'python_setup_py'
[0.168s] colcon.colcon_core.package_identification Level 1 _identify(5.Communication Protocol-Python Library) by extensions ['ignore', 'ignore_ament_install']
[0.168s] colcon.colcon_core.package_identification Level 1 _identify(5.Communication Protocol-Python Library) by extension 'ignore'
[0.168s] colcon.colcon_core.package_identification Level 1 _identify(5.Communication Protocol-Python Library) by extension 'ignore_ament_install'
[0.168s] colcon.colcon_core.package_identification Level 1 _identify(5.Communication Protocol-Python Library) by extensions ['colcon_pkg']
[0.168s] colcon.colcon_core.package_identification Level 1 _identify(5.Communication Protocol-Python Library) by extension 'colcon_pkg'
[0.168s] colcon.colcon_core.package_identification Level 1 _identify(5.Communication Protocol-Python Library) by extensions ['colcon_meta']
[0.168s] colcon.colcon_core.package_identification Level 1 _identify(5.Communication Protocol-Python Library) by extension 'colcon_meta'
[0.168s] colcon.colcon_core.package_identification Level 1 _identify(5.Communication Protocol-Python Library) by extensions ['ros']
[0.168s] colcon.colcon_core.package_identification Level 1 _identify(5.Communication Protocol-Python Library) by extension 'ros'
[0.168s] colcon.colcon_core.package_identification Level 1 _identify(5.Communication Protocol-Python Library) by extensions ['cmake', 'python']
[0.168s] colcon.colcon_core.package_identification Level 1 _identify(5.Communication Protocol-Python Library) by extension 'cmake'
[0.168s] colcon.colcon_core.package_identification Level 1 _identify(5.Communication Protocol-Python Library) by extension 'python'
[0.168s] colcon.colcon_core.package_identification Level 1 _identify(5.Communication Protocol-Python Library) by extensions ['python_setup_py']
[0.168s] colcon.colcon_core.package_identification Level 1 _identify(5.Communication Protocol-Python Library) by extension 'python_setup_py'
[0.168s] colcon.colcon_core.package_identification Level 1 _identify(5.Communication Protocol-Python Library/1.Install Python module) by extensions ['ignore', 'ignore_ament_install']
[0.168s] colcon.colcon_core.package_identification Level 1 _identify(5.Communication Protocol-Python Library/1.Install Python module) by extension 'ignore'
[0.168s] colcon.colcon_core.package_identification Level 1 _identify(5.Communication Protocol-Python Library/1.Install Python module) by extension 'ignore_ament_install'
[0.168s] colcon.colcon_core.package_identification Level 1 _identify(5.Communication Protocol-Python Library/1.Install Python module) by extensions ['colcon_pkg']
[0.168s] colcon.colcon_core.package_identification Level 1 _identify(5.Communication Protocol-Python Library/1.Install Python module) by extension 'colcon_pkg'
[0.168s] colcon.colcon_core.package_identification Level 1 _identify(5.Communication Protocol-Python Library/1.Install Python module) by extensions ['colcon_meta']
[0.168s] colcon.colcon_core.package_identification Level 1 _identify(5.Communication Protocol-Python Library/1.Install Python module) by extension 'colcon_meta'
[0.168s] colcon.colcon_core.package_identification Level 1 _identify(5.Communication Protocol-Python Library/1.Install Python module) by extensions ['ros']
[0.168s] colcon.colcon_core.package_identification Level 1 _identify(5.Communication Protocol-Python Library/1.Install Python module) by extension 'ros'
[0.168s] colcon.colcon_core.package_identification Level 1 _identify(5.Communication Protocol-Python Library/1.Install Python module) by extensions ['cmake', 'python']
[0.168s] colcon.colcon_core.package_identification Level 1 _identify(5.Communication Protocol-Python Library/1.Install Python module) by extension 'cmake'
[0.168s] colcon.colcon_core.package_identification Level 1 _identify(5.Communication Protocol-Python Library/1.Install Python module) by extension 'python'
[0.168s] colcon.colcon_core.package_identification Level 1 _identify(5.Communication Protocol-Python Library/1.Install Python module) by extensions ['python_setup_py']
[0.168s] colcon.colcon_core.package_identification Level 1 _identify(5.Communication Protocol-Python Library/1.Install Python module) by extension 'python_setup_py'
[0.168s] colcon.colcon_core.package_identification Level 1 _identify(5.Communication Protocol-Python Library/1.Install Python module/0.py_install) by extensions ['ignore', 'ignore_ament_install']
[0.168s] colcon.colcon_core.package_identification Level 1 _identify(5.Communication Protocol-Python Library/1.Install Python module/0.py_install) by extension 'ignore'
[0.168s] colcon.colcon_core.package_identification Level 1 _identify(5.Communication Protocol-Python Library/1.Install Python module/0.py_install) by extension 'ignore_ament_install'
[0.168s] colcon.colcon_core.package_identification Level 1 _identify(5.Communication Protocol-Python Library/1.Install Python module/0.py_install) by extensions ['colcon_pkg']
[0.168s] colcon.colcon_core.package_identification Level 1 _identify(5.Communication Protocol-Python Library/1.Install Python module/0.py_install) by extension 'colcon_pkg'
[0.168s] colcon.colcon_core.package_identification Level 1 _identify(5.Communication Protocol-Python Library/1.Install Python module/0.py_install) by extensions ['colcon_meta']
[0.168s] colcon.colcon_core.package_identification Level 1 _identify(5.Communication Protocol-Python Library/1.Install Python module/0.py_install) by extension 'colcon_meta'
[0.168s] colcon.colcon_core.package_identification Level 1 _identify(5.Communication Protocol-Python Library/1.Install Python module/0.py_install) by extensions ['ros']
[0.168s] colcon.colcon_core.package_identification Level 1 _identify(5.Communication Protocol-Python Library/1.Install Python module/0.py_install) by extension 'ros'
[0.168s] colcon.colcon_core.package_identification Level 1 _identify(5.Communication Protocol-Python Library/1.Install Python module/0.py_install) by extensions ['cmake', 'python']
[0.168s] colcon.colcon_core.package_identification Level 1 _identify(5.Communication Protocol-Python Library/1.Install Python module/0.py_install) by extension 'cmake'
[0.169s] colcon.colcon_core.package_identification Level 1 _identify(5.Communication Protocol-Python Library/1.Install Python module/0.py_install) by extension 'python'
[0.169s] colcon.colcon_core.package_identification Level 1 _identify(5.Communication Protocol-Python Library/1.Install Python module/0.py_install) by extensions ['python_setup_py']
[0.169s] colcon.colcon_core.package_identification Level 1 _identify(5.Communication Protocol-Python Library/1.Install Python module/0.py_install) by extension 'python_setup_py'
[0.308s] colcon.colcon_core.package_identification DEBUG Package '5.Communication Protocol-Python Library/1.Install Python module/0.py_install' with type 'python' and name 'Arm_Lib'
[0.308s] colcon.colcon_core.package_identification Level 1 _identify(5.Communication Protocol-Python Library/2.STM32 and virtual machine serial port protocol) by extensions ['ignore', 'ignore_ament_install']
[0.308s] colcon.colcon_core.package_identification Level 1 _identify(5.Communication Protocol-Python Library/2.STM32 and virtual machine serial port protocol) by extension 'ignore'
[0.308s] colcon.colcon_core.package_identification Level 1 _identify(5.Communication Protocol-Python Library/2.STM32 and virtual machine serial port protocol) by extension 'ignore_ament_install'
[0.308s] colcon.colcon_core.package_identification Level 1 _identify(5.Communication Protocol-Python Library/2.STM32 and virtual machine serial port protocol) by extensions ['colcon_pkg']
[0.308s] colcon.colcon_core.package_identification Level 1 _identify(5.Communication Protocol-Python Library/2.STM32 and virtual machine serial port protocol) by extension 'colcon_pkg'
[0.308s] colcon.colcon_core.package_identification Level 1 _identify(5.Communication Protocol-Python Library/2.STM32 and virtual machine serial port protocol) by extensions ['colcon_meta']
[0.308s] colcon.colcon_core.package_identification Level 1 _identify(5.Communication Protocol-Python Library/2.STM32 and virtual machine serial port protocol) by extension 'colcon_meta'
[0.308s] colcon.colcon_core.package_identification Level 1 _identify(5.Communication Protocol-Python Library/2.STM32 and virtual machine serial port protocol) by extensions ['ros']
[0.308s] colcon.colcon_core.package_identification Level 1 _identify(5.Communication Protocol-Python Library/2.STM32 and virtual machine serial port protocol) by extension 'ros'
[0.309s] colcon.colcon_core.package_identification Level 1 _identify(5.Communication Protocol-Python Library/2.STM32 and virtual machine serial port protocol) by extensions ['cmake', 'python']
[0.309s] colcon.colcon_core.package_identification Level 1 _identify(5.Communication Protocol-Python Library/2.STM32 and virtual machine serial port protocol) by extension 'cmake'
[0.309s] colcon.colcon_core.package_identification Level 1 _identify(5.Communication Protocol-Python Library/2.STM32 and virtual machine serial port protocol) by extension 'python'
[0.309s] colcon.colcon_core.package_identification Level 1 _identify(5.Communication Protocol-Python Library/2.STM32 and virtual machine serial port protocol) by extensions ['python_setup_py']
[0.309s] colcon.colcon_core.package_identification Level 1 _identify(5.Communication Protocol-Python Library/2.STM32 and virtual machine serial port protocol) by extension 'python_setup_py'
[0.309s] colcon.colcon_core.package_identification Level 1 _identify(5.Communication Protocol-Python Library/3.MCU coprocessor I2C communication protocol) by extensions ['ignore', 'ignore_ament_install']
[0.309s] colcon.colcon_core.package_identification Level 1 _identify(5.Communication Protocol-Python Library/3.MCU coprocessor I2C communication protocol) by extension 'ignore'
[0.309s] colcon.colcon_core.package_identification Level 1 _identify(5.Communication Protocol-Python Library/3.MCU coprocessor I2C communication protocol) by extension 'ignore_ament_install'
[0.309s] colcon.colcon_core.package_identification Level 1 _identify(5.Communication Protocol-Python Library/3.MCU coprocessor I2C communication protocol) by extensions ['colcon_pkg']
[0.309s] colcon.colcon_core.package_identification Level 1 _identify(5.Communication Protocol-Python Library/3.MCU coprocessor I2C communication protocol) by extension 'colcon_pkg'
[0.309s] colcon.colcon_core.package_identification Level 1 _identify(5.Communication Protocol-Python Library/3.MCU coprocessor I2C communication protocol) by extensions ['colcon_meta']
[0.309s] colcon.colcon_core.package_identification Level 1 _identify(5.Communication Protocol-Python Library/3.MCU coprocessor I2C communication protocol) by extension 'colcon_meta'
[0.309s] colcon.colcon_core.package_identification Level 1 _identify(5.Communication Protocol-Python Library/3.MCU coprocessor I2C communication protocol) by extensions ['ros']
[0.309s] colcon.colcon_core.package_identification Level 1 _identify(5.Communication Protocol-Python Library/3.MCU coprocessor I2C communication protocol) by extension 'ros'
[0.309s] colcon.colcon_core.package_identification Level 1 _identify(5.Communication Protocol-Python Library/3.MCU coprocessor I2C communication protocol) by extensions ['cmake', 'python']
[0.309s] colcon.colcon_core.package_identification Level 1 _identify(5.Communication Protocol-Python Library/3.MCU coprocessor I2C communication protocol) by extension 'cmake'
[0.309s] colcon.colcon_core.package_identification Level 1 _identify(5.Communication Protocol-Python Library/3.MCU coprocessor I2C communication protocol) by extension 'python'
[0.309s] colcon.colcon_core.package_identification Level 1 _identify(5.Communication Protocol-Python Library/3.MCU coprocessor I2C communication protocol) by extensions ['python_setup_py']
[0.309s] colcon.colcon_core.package_identification Level 1 _identify(5.Communication Protocol-Python Library/3.MCU coprocessor I2C communication protocol) by extension 'python_setup_py'
[0.309s] colcon.colcon_core.package_identification Level 1 _identify(5.Communication Protocol-Python Library/4.PC APP remote control communication protocol) by extensions ['ignore', 'ignore_ament_install']
[0.309s] colcon.colcon_core.package_identification Level 1 _identify(5.Communication Protocol-Python Library/4.PC APP remote control communication protocol) by extension 'ignore'
[0.309s] colcon.colcon_core.package_identification Level 1 _identify(5.Communication Protocol-Python Library/4.PC APP remote control communication protocol) by extension 'ignore_ament_install'
[0.309s] colcon.colcon_core.package_identification Level 1 _identify(5.Communication Protocol-Python Library/4.PC APP remote control communication protocol) by extensions ['colcon_pkg']
[0.309s] colcon.colcon_core.package_identification Level 1 _identify(5.Communication Protocol-Python Library/4.PC APP remote control communication protocol) by extension 'colcon_pkg'
[0.309s] colcon.colcon_core.package_identification Level 1 _identify(5.Communication Protocol-Python Library/4.PC APP remote control communication protocol) by extensions ['colcon_meta']
[0.309s] colcon.colcon_core.package_identification Level 1 _identify(5.Communication Protocol-Python Library/4.PC APP remote control communication protocol) by extension 'colcon_meta'
[0.309s] colcon.colcon_core.package_identification Level 1 _identify(5.Communication Protocol-Python Library/4.PC APP remote control communication protocol) by extensions ['ros']
[0.309s] colcon.colcon_core.package_identification Level 1 _identify(5.Communication Protocol-Python Library/4.PC APP remote control communication protocol) by extension 'ros'
[0.309s] colcon.colcon_core.package_identification Level 1 _identify(5.Communication Protocol-Python Library/4.PC APP remote control communication protocol) by extensions ['cmake', 'python']
[0.310s] colcon.colcon_core.package_identification Level 1 _identify(5.Communication Protocol-Python Library/4.PC APP remote control communication protocol) by extension 'cmake'
[0.310s] colcon.colcon_core.package_identification Level 1 _identify(5.Communication Protocol-Python Library/4.PC APP remote control communication protocol) by extension 'python'
[0.310s] colcon.colcon_core.package_identification Level 1 _identify(5.Communication Protocol-Python Library/4.PC APP remote control communication protocol) by extensions ['python_setup_py']
[0.310s] colcon.colcon_core.package_identification Level 1 _identify(5.Communication Protocol-Python Library/4.PC APP remote control communication protocol) by extension 'python_setup_py'
[0.310s] colcon.colcon_core.package_identification Level 1 _identify(build) by extensions ['ignore', 'ignore_ament_install']
[0.310s] colcon.colcon_core.package_identification Level 1 _identify(build) by extension 'ignore'
[0.310s] colcon.colcon_core.package_identification Level 1 _identify(build) ignored
[0.310s] colcon.colcon_core.package_identification Level 1 _identify(build_color_sorting) by extensions ['ignore', 'ignore_ament_install']
[0.310s] colcon.colcon_core.package_identification Level 1 _identify(build_color_sorting) by extension 'ignore'
[0.310s] colcon.colcon_core.package_identification Level 1 _identify(build_color_sorting) ignored
[0.310s] colcon.colcon_core.package_identification Level 1 _identify(install) by extensions ['ignore', 'ignore_ament_install']
[0.310s] colcon.colcon_core.package_identification Level 1 _identify(install) by extension 'ignore'
[0.310s] colcon.colcon_core.package_identification Level 1 _identify(install) ignored
[0.310s] colcon.colcon_core.package_identification Level 1 _identify(install_color_sorting) by extensions ['ignore', 'ignore_ament_install']
[0.310s] colcon.colcon_core.package_identification Level 1 _identify(install_color_sorting) by extension 'ignore'
[0.310s] colcon.colcon_core.package_identification Level 1 _identify(install_color_sorting) ignored
[0.310s] colcon.colcon_core.package_identification Level 1 _identify(log) by extensions ['ignore', 'ignore_ament_install']
[0.310s] colcon.colcon_core.package_identification Level 1 _identify(log) by extension 'ignore'
[0.311s] colcon.colcon_core.package_identification Level 1 _identify(log) ignored
[0.311s] colcon.colcon_core.package_identification Level 1 _identify(log_color_sorting) by extensions ['ignore', 'ignore_ament_install']
[0.311s] colcon.colcon_core.package_identification Level 1 _identify(log_color_sorting) by extension 'ignore'
[0.311s] colcon.colcon_core.package_identification Level 1 _identify(log_color_sorting) ignored
[0.311s] colcon.colcon_core.package_identification Level 1 _identify(src) by extensions ['ignore', 'ignore_ament_install']
[0.311s] colcon.colcon_core.package_identification Level 1 _identify(src) by extension 'ignore'
[0.311s] colcon.colcon_core.package_identification Level 1 _identify(src) by extension 'ignore_ament_install'
[0.311s] colcon.colcon_core.package_identification Level 1 _identify(src) by extensions ['colcon_pkg']
[0.311s] colcon.colcon_core.package_identification Level 1 _identify(src) by extension 'colcon_pkg'
[0.311s] colcon.colcon_core.package_identification Level 1 _identify(src) by extensions ['colcon_meta']
[0.311s] colcon.colcon_core.package_identification Level 1 _identify(src) by extension 'colcon_meta'
[0.311s] colcon.colcon_core.package_identification Level 1 _identify(src) by extensions ['ros']
[0.311s] colcon.colcon_core.package_identification Level 1 _identify(src) by extension 'ros'
[0.311s] colcon.colcon_core.package_identification Level 1 _identify(src) by extensions ['cmake', 'python']
[0.311s] colcon.colcon_core.package_identification Level 1 _identify(src) by extension 'cmake'
[0.314s] colcon.colcon_cmake.package_identification.cmake WARNING Ignoring 'src/CMakeLists.txt' since it seems to be a toplevel CMake file generated by 'catkin_make'
[0.314s] colcon.colcon_core.package_identification Level 1 _identify(src) by extension 'python'
[0.314s] colcon.colcon_core.package_identification Level 1 _identify(src) by extensions ['python_setup_py']
[0.314s] colcon.colcon_core.package_identification Level 1 _identify(src) by extension 'python_setup_py'
[0.314s] colcon.colcon_core.package_identification Level 1 _identify(src/dofbot_apriltag) by extensions ['ignore', 'ignore_ament_install']
[0.314s] colcon.colcon_core.package_identification Level 1 _identify(src/dofbot_apriltag) by extension 'ignore'
[0.314s] colcon.colcon_core.package_identification Level 1 _identify(src/dofbot_apriltag) by extension 'ignore_ament_install'
[0.314s] colcon.colcon_core.package_identification Level 1 _identify(src/dofbot_apriltag) by extensions ['colcon_pkg']
[0.314s] colcon.colcon_core.package_identification Level 1 _identify(src/dofbot_apriltag) by extension 'colcon_pkg'
[0.314s] colcon.colcon_core.package_identification Level 1 _identify(src/dofbot_apriltag) by extensions ['colcon_meta']
[0.314s] colcon.colcon_core.package_identification Level 1 _identify(src/dofbot_apriltag) by extension 'colcon_meta'
[0.314s] colcon.colcon_core.package_identification Level 1 _identify(src/dofbot_apriltag) by extensions ['ros']
[0.314s] colcon.colcon_core.package_identification Level 1 _identify(src/dofbot_apriltag) by extension 'ros'
[0.314s] colcon.colcon_core.package_identification Level 1 _identify(src/dofbot_apriltag) by extensions ['cmake', 'python']
[0.314s] colcon.colcon_core.package_identification Level 1 _identify(src/dofbot_apriltag) by extension 'cmake'
[0.314s] colcon.colcon_core.package_identification Level 1 _identify(src/dofbot_apriltag) by extension 'python'
[0.314s] colcon.colcon_core.package_identification Level 1 _identify(src/dofbot_apriltag) by extensions ['python_setup_py']
[0.314s] colcon.colcon_core.package_identification Level 1 _identify(src/dofbot_apriltag) by extension 'python_setup_py'
[0.314s] colcon.colcon_core.package_identification Level 1 _identify(src/dofbot_apriltag/scripts) by extensions ['ignore', 'ignore_ament_install']
[0.314s] colcon.colcon_core.package_identification Level 1 _identify(src/dofbot_apriltag/scripts) by extension 'ignore'
[0.314s] colcon.colcon_core.package_identification Level 1 _identify(src/dofbot_apriltag/scripts) by extension 'ignore_ament_install'
[0.314s] colcon.colcon_core.package_identification Level 1 _identify(src/dofbot_apriltag/scripts) by extensions ['colcon_pkg']
[0.314s] colcon.colcon_core.package_identification Level 1 _identify(src/dofbot_apriltag/scripts) by extension 'colcon_pkg'
[0.314s] colcon.colcon_core.package_identification Level 1 _identify(src/dofbot_apriltag/scripts) by extensions ['colcon_meta']
[0.314s] colcon.colcon_core.package_identification Level 1 _identify(src/dofbot_apriltag/scripts) by extension 'colcon_meta'
[0.314s] colcon.colcon_core.package_identification Level 1 _identify(src/dofbot_apriltag/scripts) by extensions ['ros']
[0.314s] colcon.colcon_core.package_identification Level 1 _identify(src/dofbot_apriltag/scripts) by extension 'ros'
[0.314s] colcon.colcon_core.package_identification Level 1 _identify(src/dofbot_apriltag/scripts) by extensions ['cmake', 'python']
[0.314s] colcon.colcon_core.package_identification Level 1 _identify(src/dofbot_apriltag/scripts) by extension 'cmake'
[0.314s] colcon.colcon_core.package_identification Level 1 _identify(src/dofbot_apriltag/scripts) by extension 'python'
[0.314s] colcon.colcon_core.package_identification Level 1 _identify(src/dofbot_apriltag/scripts) by extensions ['python_setup_py']
[0.314s] colcon.colcon_core.package_identification Level 1 _identify(src/dofbot_apriltag/scripts) by extension 'python_setup_py'
[0.314s] colcon.colcon_core.package_identification Level 1 _identify(src/dofbot_apriltag/scripts/__pycache__) by extensions ['ignore', 'ignore_ament_install']
[0.314s] colcon.colcon_core.package_identification Level 1 _identify(src/dofbot_apriltag/scripts/__pycache__) by extension 'ignore'
[0.315s] colcon.colcon_core.package_identification Level 1 _identify(src/dofbot_apriltag/scripts/__pycache__) by extension 'ignore_ament_install'
[0.315s] colcon.colcon_core.package_identification Level 1 _identify(src/dofbot_apriltag/scripts/__pycache__) by extensions ['colcon_pkg']
[0.315s] colcon.colcon_core.package_identification Level 1 _identify(src/dofbot_apriltag/scripts/__pycache__) by extension 'colcon_pkg'
[0.315s] colcon.colcon_core.package_identification Level 1 _identify(src/dofbot_apriltag/scripts/__pycache__) by extensions ['colcon_meta']
[0.315s] colcon.colcon_core.package_identification Level 1 _identify(src/dofbot_apriltag/scripts/__pycache__) by extension 'colcon_meta'
[0.315s] colcon.colcon_core.package_identification Level 1 _identify(src/dofbot_apriltag/scripts/__pycache__) by extensions ['ros']
[0.315s] colcon.colcon_core.package_identification Level 1 _identify(src/dofbot_apriltag/scripts/__pycache__) by extension 'ros'
[0.315s] colcon.colcon_core.package_identification Level 1 _identify(src/dofbot_apriltag/scripts/__pycache__) by extensions ['cmake', 'python']
[0.315s] colcon.colcon_core.package_identification Level 1 _identify(src/dofbot_apriltag/scripts/__pycache__) by extension 'cmake'
[0.315s] colcon.colcon_core.package_identification Level 1 _identify(src/dofbot_apriltag/scripts/__pycache__) by extension 'python'
[0.315s] colcon.colcon_core.package_identification Level 1 _identify(src/dofbot_apriltag/scripts/__pycache__) by extensions ['python_setup_py']
[0.315s] colcon.colcon_core.package_identification Level 1 _identify(src/dofbot_apriltag/scripts/__pycache__) by extension 'python_setup_py'
[0.315s] colcon.colcon_core.package_identification Level 1 _identify(src/dofbot_color_follow) by extensions ['ignore', 'ignore_ament_install']
[0.315s] colcon.colcon_core.package_identification Level 1 _identify(src/dofbot_color_follow) by extension 'ignore'
[0.315s] colcon.colcon_core.package_identification Level 1 _identify(src/dofbot_color_follow) by extension 'ignore_ament_install'
[0.315s] colcon.colcon_core.package_identification Level 1 _identify(src/dofbot_color_follow) by extensions ['colcon_pkg']
[0.315s] colcon.colcon_core.package_identification Level 1 _identify(src/dofbot_color_follow) by extension 'colcon_pkg'
[0.315s] colcon.colcon_core.package_identification Level 1 _identify(src/dofbot_color_follow) by extensions ['colcon_meta']
[0.315s] colcon.colcon_core.package_identification Level 1 _identify(src/dofbot_color_follow) by extension 'colcon_meta'
[0.315s] colcon.colcon_core.package_identification Level 1 _identify(src/dofbot_color_follow) by extensions ['ros']
[0.315s] colcon.colcon_core.package_identification Level 1 _identify(src/dofbot_color_follow) by extension 'ros'
[0.315s] colcon.colcon_core.package_identification Level 1 _identify(src/dofbot_color_follow) by extensions ['cmake', 'python']
[0.315s] colcon.colcon_core.package_identification Level 1 _identify(src/dofbot_color_follow) by extension 'cmake'
[0.315s] colcon.colcon_core.package_identification Level 1 _identify(src/dofbot_color_follow) by extension 'python'
[0.315s] colcon.colcon_core.package_identification Level 1 _identify(src/dofbot_color_follow) by extensions ['python_setup_py']
[0.315s] colcon.colcon_core.package_identification Level 1 _identify(src/dofbot_color_follow) by extension 'python_setup_py'
[0.315s] colcon.colcon_core.package_identification Level 1 _identify(src/dofbot_color_follow/__pycache__) by extensions ['ignore', 'ignore_ament_install']
[0.315s] colcon.colcon_core.package_identification Level 1 _identify(src/dofbot_color_follow/__pycache__) by extension 'ignore'
[0.315s] colcon.colcon_core.package_identification Level 1 _identify(src/dofbot_color_follow/__pycache__) by extension 'ignore_ament_install'
[0.315s] colcon.colcon_core.package_identification Level 1 _identify(src/dofbot_color_follow/__pycache__) by extensions ['colcon_pkg']
[0.315s] colcon.colcon_core.package_identification Level 1 _identify(src/dofbot_color_follow/__pycache__) by extension 'colcon_pkg'
[0.315s] colcon.colcon_core.package_identification Level 1 _identify(src/dofbot_color_follow/__pycache__) by extensions ['colcon_meta']
[0.315s] colcon.colcon_core.package_identification Level 1 _identify(src/dofbot_color_follow/__pycache__) by extension 'colcon_meta'
[0.315s] colcon.colcon_core.package_identification Level 1 _identify(src/dofbot_color_follow/__pycache__) by extensions ['ros']
[0.315s] colcon.colcon_core.package_identification Level 1 _identify(src/dofbot_color_follow/__pycache__) by extension 'ros'
[0.315s] colcon.colcon_core.package_identification Level 1 _identify(src/dofbot_color_follow/__pycache__) by extensions ['cmake', 'python']
[0.315s] colcon.colcon_core.package_identification Level 1 _identify(src/dofbot_color_follow/__pycache__) by extension 'cmake'
[0.315s] colcon.colcon_core.package_identification Level 1 _identify(src/dofbot_color_follow/__pycache__) by extension 'python'
[0.315s] colcon.colcon_core.package_identification Level 1 _identify(src/dofbot_color_follow/__pycache__) by extensions ['python_setup_py']
[0.315s] colcon.colcon_core.package_identification Level 1 _identify(src/dofbot_color_follow/__pycache__) by extension 'python_setup_py'
[0.315s] colcon.colcon_core.package_identification Level 1 _identify(src/dofbot_color_identify) by extensions ['ignore', 'ignore_ament_install']
[0.315s] colcon.colcon_core.package_identification Level 1 _identify(src/dofbot_color_identify) by extension 'ignore'
[0.315s] colcon.colcon_core.package_identification Level 1 _identify(src/dofbot_color_identify) by extension 'ignore_ament_install'
[0.315s] colcon.colcon_core.package_identification Level 1 _identify(src/dofbot_color_identify) by extensions ['colcon_pkg']
[0.315s] colcon.colcon_core.package_identification Level 1 _identify(src/dofbot_color_identify) by extension 'colcon_pkg'
[0.315s] colcon.colcon_core.package_identification Level 1 _identify(src/dofbot_color_identify) by extensions ['colcon_meta']
[0.315s] colcon.colcon_core.package_identification Level 1 _identify(src/dofbot_color_identify) by extension 'colcon_meta'
[0.315s] colcon.colcon_core.package_identification Level 1 _identify(src/dofbot_color_identify) by extensions ['ros']
[0.315s] colcon.colcon_core.package_identification Level 1 _identify(src/dofbot_color_identify) by extension 'ros'
[0.317s] colcon.colcon_core.package_identification DEBUG Package 'src/dofbot_color_identify' with type 'ros.catkin' and name 'dofbot_color_identify'
[0.317s] colcon.colcon_core.package_identification Level 1 _identify(src/dofbot_color_sorting) by extensions ['ignore', 'ignore_ament_install']
[0.317s] colcon.colcon_core.package_identification Level 1 _identify(src/dofbot_color_sorting) by extension 'ignore'
[0.317s] colcon.colcon_core.package_identification Level 1 _identify(src/dofbot_color_sorting) by extension 'ignore_ament_install'
[0.317s] colcon.colcon_core.package_identification Level 1 _identify(src/dofbot_color_sorting) by extensions ['colcon_pkg']
[0.317s] colcon.colcon_core.package_identification Level 1 _identify(src/dofbot_color_sorting) by extension 'colcon_pkg'
[0.317s] colcon.colcon_core.package_identification Level 1 _identify(src/dofbot_color_sorting) by extensions ['colcon_meta']
[0.317s] colcon.colcon_core.package_identification Level 1 _identify(src/dofbot_color_sorting) by extension 'colcon_meta'
[0.317s] colcon.colcon_core.package_identification Level 1 _identify(src/dofbot_color_sorting) by extensions ['ros']
[0.317s] colcon.colcon_core.package_identification Level 1 _identify(src/dofbot_color_sorting) by extension 'ros'
[0.317s] colcon.colcon_core.package_identification Level 1 _identify(src/dofbot_color_sorting) by extensions ['cmake', 'python']
[0.317s] colcon.colcon_core.package_identification Level 1 _identify(src/dofbot_color_sorting) by extension 'cmake'
[0.317s] colcon.colcon_core.package_identification Level 1 _identify(src/dofbot_color_sorting) by extension 'python'
[0.317s] colcon.colcon_core.package_identification Level 1 _identify(src/dofbot_color_sorting) by extensions ['python_setup_py']
[0.317s] colcon.colcon_core.package_identification Level 1 _identify(src/dofbot_color_sorting) by extension 'python_setup_py'
[0.317s] colcon.colcon_core.package_identification Level 1 _identify(src/dofbot_color_sorting/__pycache__) by extensions ['ignore', 'ignore_ament_install']
[0.317s] colcon.colcon_core.package_identification Level 1 _identify(src/dofbot_color_sorting/__pycache__) by extension 'ignore'
[0.317s] colcon.colcon_core.package_identification Level 1 _identify(src/dofbot_color_sorting/__pycache__) by extension 'ignore_ament_install'
[0.318s] colcon.colcon_core.package_identification Level 1 _identify(src/dofbot_color_sorting/__pycache__) by extensions ['colcon_pkg']
[0.318s] colcon.colcon_core.package_identification Level 1 _identify(src/dofbot_color_sorting/__pycache__) by extension 'colcon_pkg'
[0.318s] colcon.colcon_core.package_identification Level 1 _identify(src/dofbot_color_sorting/__pycache__) by extensions ['colcon_meta']
[0.318s] colcon.colcon_core.package_identification Level 1 _identify(src/dofbot_color_sorting/__pycache__) by extension 'colcon_meta'
[0.318s] colcon.colcon_core.package_identification Level 1 _identify(src/dofbot_color_sorting/__pycache__) by extensions ['ros']
[0.318s] colcon.colcon_core.package_identification Level 1 _identify(src/dofbot_color_sorting/__pycache__) by extension 'ros'
[0.318s] colcon.colcon_core.package_identification Level 1 _identify(src/dofbot_color_sorting/__pycache__) by extensions ['cmake', 'python']
[0.318s] colcon.colcon_core.package_identification Level 1 _identify(src/dofbot_color_sorting/__pycache__) by extension 'cmake'
[0.318s] colcon.colcon_core.package_identification Level 1 _identify(src/dofbot_color_sorting/__pycache__) by extension 'python'
[0.318s] colcon.colcon_core.package_identification Level 1 _identify(src/dofbot_color_sorting/__pycache__) by extensions ['python_setup_py']
[0.318s] colcon.colcon_core.package_identification Level 1 _identify(src/dofbot_color_sorting/__pycache__) by extension 'python_setup_py'
[0.318s] colcon.colcon_core.package_identification Level 1 _identify(src/dofbot_color_stacking) by extensions ['ignore', 'ignore_ament_install']
[0.318s] colcon.colcon_core.package_identification Level 1 _identify(src/dofbot_color_stacking) by extension 'ignore'
[0.318s] colcon.colcon_core.package_identification Level 1 _identify(src/dofbot_color_stacking) by extension 'ignore_ament_install'
[0.318s] colcon.colcon_core.package_identification Level 1 _identify(src/dofbot_color_stacking) by extensions ['colcon_pkg']
[0.318s] colcon.colcon_core.package_identification Level 1 _identify(src/dofbot_color_stacking) by extension 'colcon_pkg'
[0.318s] colcon.colcon_core.package_identification Level 1 _identify(src/dofbot_color_stacking) by extensions ['colcon_meta']
[0.318s] colcon.colcon_core.package_identification Level 1 _identify(src/dofbot_color_stacking) by extension 'colcon_meta'
[0.318s] colcon.colcon_core.package_identification Level 1 _identify(src/dofbot_color_stacking) by extensions ['ros']
[0.318s] colcon.colcon_core.package_identification Level 1 _identify(src/dofbot_color_stacking) by extension 'ros'
[0.318s] colcon.colcon_core.package_identification DEBUG Package 'src/dofbot_color_stacking' with type 'ros.catkin' and name 'dofbot_color_stacking'
[0.318s] colcon.colcon_core.package_identification Level 1 _identify(src/dofbot_driver) by extensions ['ignore', 'ignore_ament_install']
[0.318s] colcon.colcon_core.package_identification Level 1 _identify(src/dofbot_driver) by extension 'ignore'
[0.318s] colcon.colcon_core.package_identification Level 1 _identify(src/dofbot_driver) by extension 'ignore_ament_install'
[0.318s] colcon.colcon_core.package_identification Level 1 _identify(src/dofbot_driver) by extensions ['colcon_pkg']
[0.319s] colcon.colcon_core.package_identification Level 1 _identify(src/dofbot_driver) by extension 'colcon_pkg'
[0.319s] colcon.colcon_core.package_identification Level 1 _identify(src/dofbot_driver) by extensions ['colcon_meta']
[0.319s] colcon.colcon_core.package_identification Level 1 _identify(src/dofbot_driver) by extension 'colcon_meta'
[0.319s] colcon.colcon_core.package_identification Level 1 _identify(src/dofbot_driver) by extensions ['ros']
[0.319s] colcon.colcon_core.package_identification Level 1 _identify(src/dofbot_driver) by extension 'ros'
[0.319s] colcon.colcon_core.package_identification DEBUG Package 'src/dofbot_driver' with type 'ros.ament_python' and name 'dofbot_driver'
[0.319s] colcon.colcon_core.package_identification Level 1 _identify(src/dofbot_face_follow) by extensions ['ignore', 'ignore_ament_install']
[0.319s] colcon.colcon_core.package_identification Level 1 _identify(src/dofbot_face_follow) by extension 'ignore'
[0.319s] colcon.colcon_core.package_identification Level 1 _identify(src/dofbot_face_follow) by extension 'ignore_ament_install'
[0.319s] colcon.colcon_core.package_identification Level 1 _identify(src/dofbot_face_follow) by extensions ['colcon_pkg']
[0.319s] colcon.colcon_core.package_identification Level 1 _identify(src/dofbot_face_follow) by extension 'colcon_pkg'
[0.319s] colcon.colcon_core.package_identification Level 1 _identify(src/dofbot_face_follow) by extensions ['colcon_meta']
[0.319s] colcon.colcon_core.package_identification Level 1 _identify(src/dofbot_face_follow) by extension 'colcon_meta'
[0.319s] colcon.colcon_core.package_identification Level 1 _identify(src/dofbot_face_follow) by extensions ['ros']
[0.319s] colcon.colcon_core.package_identification Level 1 _identify(src/dofbot_face_follow) by extension 'ros'
[0.319s] colcon.colcon_core.package_identification DEBUG Package 'src/dofbot_face_follow' with type 'ros.catkin' and name 'dofbot_face_follow'
[0.320s] colcon.colcon_core.package_identification Level 1 _identify(src/dofbot_follow) by extensions ['ignore', 'ignore_ament_install']
[0.320s] colcon.colcon_core.package_identification Level 1 _identify(src/dofbot_follow) by extension 'ignore'
[0.320s] colcon.colcon_core.package_identification Level 1 _identify(src/dofbot_follow) by extension 'ignore_ament_install'
[0.320s] colcon.colcon_core.package_identification Level 1 _identify(src/dofbot_follow) by extensions ['colcon_pkg']
[0.320s] colcon.colcon_core.package_identification Level 1 _identify(src/dofbot_follow) by extension 'colcon_pkg'
[0.320s] colcon.colcon_core.package_identification Level 1 _identify(src/dofbot_follow) by extensions ['colcon_meta']
[0.320s] colcon.colcon_core.package_identification Level 1 _identify(src/dofbot_follow) by extension 'colcon_meta'
[0.320s] colcon.colcon_core.package_identification Level 1 _identify(src/dofbot_follow) by extensions ['ros']
[0.320s] colcon.colcon_core.package_identification Level 1 _identify(src/dofbot_follow) by extension 'ros'
[0.320s] colcon.colcon_core.package_identification DEBUG Package 'src/dofbot_follow' with type 'ros.ament_python' and name 'dofbot_follow'
[0.320s] colcon.colcon_core.package_identification Level 1 _identify(src/dofbot_garbage_yolov11) by extensions ['ignore', 'ignore_ament_install']
[0.320s] colcon.colcon_core.package_identification Level 1 _identify(src/dofbot_garbage_yolov11) by extension 'ignore'
[0.320s] colcon.colcon_core.package_identification Level 1 _identify(src/dofbot_garbage_yolov11) by extension 'ignore_ament_install'
[0.320s] colcon.colcon_core.package_identification Level 1 _identify(src/dofbot_garbage_yolov11) by extensions ['colcon_pkg']
[0.320s] colcon.colcon_core.package_identification Level 1 _identify(src/dofbot_garbage_yolov11) by extension 'colcon_pkg'
[0.320s] colcon.colcon_core.package_identification Level 1 _identify(src/dofbot_garbage_yolov11) by extensions ['colcon_meta']
[0.320s] colcon.colcon_core.package_identification Level 1 _identify(src/dofbot_garbage_yolov11) by extension 'colcon_meta'
[0.320s] colcon.colcon_core.package_identification Level 1 _identify(src/dofbot_garbage_yolov11) by extensions ['ros']
[0.320s] colcon.colcon_core.package_identification Level 1 _identify(src/dofbot_garbage_yolov11) by extension 'ros'
[0.320s] colcon.colcon_core.package_identification Level 1 _identify(src/dofbot_garbage_yolov11) by extensions ['cmake', 'python']
[0.320s] colcon.colcon_core.package_identification Level 1 _identify(src/dofbot_garbage_yolov11) by extension 'cmake'
[0.320s] colcon.colcon_core.package_identification Level 1 _identify(src/dofbot_garbage_yolov11) by extension 'python'
[0.320s] colcon.colcon_core.package_identification Level 1 _identify(src/dofbot_garbage_yolov11) by extensions ['python_setup_py']
[0.320s] colcon.colcon_core.package_identification Level 1 _identify(src/dofbot_garbage_yolov11) by extension 'python_setup_py'
[0.320s] colcon.colcon_core.package_identification Level 1 _identify(src/dofbot_garbage_yolov11/__pycache__) by extensions ['ignore', 'ignore_ament_install']
[0.320s] colcon.colcon_core.package_identification Level 1 _identify(src/dofbot_garbage_yolov11/__pycache__) by extension 'ignore'
[0.320s] colcon.colcon_core.package_identification Level 1 _identify(src/dofbot_garbage_yolov11/__pycache__) by extension 'ignore_ament_install'
[0.320s] colcon.colcon_core.package_identification Level 1 _identify(src/dofbot_garbage_yolov11/__pycache__) by extensions ['colcon_pkg']
[0.320s] colcon.colcon_core.package_identification Level 1 _identify(src/dofbot_garbage_yolov11/__pycache__) by extension 'colcon_pkg'
[0.320s] colcon.colcon_core.package_identification Level 1 _identify(src/dofbot_garbage_yolov11/__pycache__) by extensions ['colcon_meta']
[0.320s] colcon.colcon_core.package_identification Level 1 _identify(src/dofbot_garbage_yolov11/__pycache__) by extension 'colcon_meta'
[0.320s] colcon.colcon_core.package_identification Level 1 _identify(src/dofbot_garbage_yolov11/__pycache__) by extensions ['ros']
[0.320s] colcon.colcon_core.package_identification Level 1 _identify(src/dofbot_garbage_yolov11/__pycache__) by extension 'ros'
[0.321s] colcon.colcon_core.package_identification Level 1 _identify(src/dofbot_garbage_yolov11/__pycache__) by extensions ['cmake', 'python']
[0.321s] colcon.colcon_core.package_identification Level 1 _identify(src/dofbot_garbage_yolov11/__pycache__) by extension 'cmake'
[0.321s] colcon.colcon_core.package_identification Level 1 _identify(src/dofbot_garbage_yolov11/__pycache__) by extension 'python'
[0.321s] colcon.colcon_core.package_identification Level 1 _identify(src/dofbot_garbage_yolov11/__pycache__) by extensions ['python_setup_py']
[0.321s] colcon.colcon_core.package_identification Level 1 _identify(src/dofbot_garbage_yolov11/__pycache__) by extension 'python_setup_py'
[0.321s] colcon.colcon_core.package_identification Level 1 _identify(src/dofbot_info) by extensions ['ignore', 'ignore_ament_install']
[0.321s] colcon.colcon_core.package_identification Level 1 _identify(src/dofbot_info) by extension 'ignore'
[0.321s] colcon.colcon_core.package_identification Level 1 _identify(src/dofbot_info) by extension 'ignore_ament_install'
[0.321s] colcon.colcon_core.package_identification Level 1 _identify(src/dofbot_info) by extensions ['colcon_pkg']
[0.321s] colcon.colcon_core.package_identification Level 1 _identify(src/dofbot_info) by extension 'colcon_pkg'
[0.321s] colcon.colcon_core.package_identification Level 1 _identify(src/dofbot_info) by extensions ['colcon_meta']
[0.321s] colcon.colcon_core.package_identification Level 1 _identify(src/dofbot_info) by extension 'colcon_meta'
[0.321s] colcon.colcon_core.package_identification Level 1 _identify(src/dofbot_info) by extensions ['ros']
[0.321s] colcon.colcon_core.package_identification Level 1 _identify(src/dofbot_info) by extension 'ros'
[0.321s] colcon.colcon_core.package_identification DEBUG Package 'src/dofbot_info' with type 'ros.ament_cmake' and name 'dofbot_info'
[0.321s] colcon.colcon_core.package_identification Level 1 _identify(src/dofbot_interface) by extensions ['ignore', 'ignore_ament_install']
[0.321s] colcon.colcon_core.package_identification Level 1 _identify(src/dofbot_interface) by extension 'ignore'
[0.321s] colcon.colcon_core.package_identification Level 1 _identify(src/dofbot_interface) by extension 'ignore_ament_install'
[0.321s] colcon.colcon_core.package_identification Level 1 _identify(src/dofbot_interface) by extensions ['colcon_pkg']
[0.321s] colcon.colcon_core.package_identification Level 1 _identify(src/dofbot_interface) by extension 'colcon_pkg'
[0.321s] colcon.colcon_core.package_identification Level 1 _identify(src/dofbot_interface) by extensions ['colcon_meta']
[0.321s] colcon.colcon_core.package_identification Level 1 _identify(src/dofbot_interface) by extension 'colcon_meta'
[0.321s] colcon.colcon_core.package_identification Level 1 _identify(src/dofbot_interface) by extensions ['ros']
[0.321s] colcon.colcon_core.package_identification Level 1 _identify(src/dofbot_interface) by extension 'ros'
[0.322s] colcon.colcon_core.package_identification DEBUG Package 'src/dofbot_interface' with type 'ros.ament_cmake' and name 'dofbot_interface'
[0.322s] colcon.colcon_core.package_identification Level 1 _identify(src/dofbot_mediapipe) by extensions ['ignore', 'ignore_ament_install']
[0.322s] colcon.colcon_core.package_identification Level 1 _identify(src/dofbot_mediapipe) by extension 'ignore'
[0.322s] colcon.colcon_core.package_identification Level 1 _identify(src/dofbot_mediapipe) by extension 'ignore_ament_install'
[0.322s] colcon.colcon_core.package_identification Level 1 _identify(src/dofbot_mediapipe) by extensions ['colcon_pkg']
[0.322s] colcon.colcon_core.package_identification Level 1 _identify(src/dofbot_mediapipe) by extension 'colcon_pkg'
[0.322s] colcon.colcon_core.package_identification Level 1 _identify(src/dofbot_mediapipe) by extensions ['colcon_meta']
[0.322s] colcon.colcon_core.package_identification Level 1 _identify(src/dofbot_mediapipe) by extension 'colcon_meta'
[0.322s] colcon.colcon_core.package_identification Level 1 _identify(src/dofbot_mediapipe) by extensions ['ros']
[0.322s] colcon.colcon_core.package_identification Level 1 _identify(src/dofbot_mediapipe) by extension 'ros'
[0.322s] colcon.colcon_core.package_identification DEBUG Package 'src/dofbot_mediapipe' with type 'ros.ament_python' and name 'dofbot_mediapipe'
[0.322s] colcon.colcon_core.package_identification Level 1 _identify(src/dofbot_moveit) by extensions ['ignore', 'ignore_ament_install']
[0.322s] colcon.colcon_core.package_identification Level 1 _identify(src/dofbot_moveit) by extension 'ignore'
[0.322s] colcon.colcon_core.package_identification Level 1 _identify(src/dofbot_moveit) by extension 'ignore_ament_install'
[0.322s] colcon.colcon_core.package_identification Level 1 _identify(src/dofbot_moveit) by extensions ['colcon_pkg']
[0.322s] colcon.colcon_core.package_identification Level 1 _identify(src/dofbot_moveit) by extension 'colcon_pkg'
[0.322s] colcon.colcon_core.package_identification Level 1 _identify(src/dofbot_moveit) by extensions ['colcon_meta']
[0.322s] colcon.colcon_core.package_identification Level 1 _identify(src/dofbot_moveit) by extension 'colcon_meta'
[0.322s] colcon.colcon_core.package_identification Level 1 _identify(src/dofbot_moveit) by extensions ['ros']
[0.322s] colcon.colcon_core.package_identification Level 1 _identify(src/dofbot_moveit) by extension 'ros'
[0.323s] colcon.colcon_core.package_identification DEBUG Package 'src/dofbot_moveit' with type 'ros.ament_cmake' and name 'dofbot_moveit'
[0.323s] colcon.colcon_core.package_identification Level 1 _identify(src/dofbot_msgs) by extensions ['ignore', 'ignore_ament_install']
[0.323s] colcon.colcon_core.package_identification Level 1 _identify(src/dofbot_msgs) by extension 'ignore'
[0.323s] colcon.colcon_core.package_identification Level 1 _identify(src/dofbot_msgs) by extension 'ignore_ament_install'
[0.323s] colcon.colcon_core.package_identification Level 1 _identify(src/dofbot_msgs) by extensions ['colcon_pkg']
[0.323s] colcon.colcon_core.package_identification Level 1 _identify(src/dofbot_msgs) by extension 'colcon_pkg'
[0.323s] colcon.colcon_core.package_identification Level 1 _identify(src/dofbot_msgs) by extensions ['colcon_meta']
[0.323s] colcon.colcon_core.package_identification Level 1 _identify(src/dofbot_msgs) by extension 'colcon_meta'
[0.323s] colcon.colcon_core.package_identification Level 1 _identify(src/dofbot_msgs) by extensions ['ros']
[0.323s] colcon.colcon_core.package_identification Level 1 _identify(src/dofbot_msgs) by extension 'ros'
[0.323s] colcon.colcon_core.package_identification DEBUG Package 'src/dofbot_msgs' with type 'ros.ament_cmake' and name 'dofbot_msgs'
[0.324s] colcon.colcon_core.package_identification Level 1 _identify(src/dofbot_snake_follow) by extensions ['ignore', 'ignore_ament_install']
[0.324s] colcon.colcon_core.package_identification Level 1 _identify(src/dofbot_snake_follow) by extension 'ignore'
[0.324s] colcon.colcon_core.package_identification Level 1 _identify(src/dofbot_snake_follow) by extension 'ignore_ament_install'
[0.324s] colcon.colcon_core.package_identification Level 1 _identify(src/dofbot_snake_follow) by extensions ['colcon_pkg']
[0.324s] colcon.colcon_core.package_identification Level 1 _identify(src/dofbot_snake_follow) by extension 'colcon_pkg'
[0.324s] colcon.colcon_core.package_identification Level 1 _identify(src/dofbot_snake_follow) by extensions ['colcon_meta']
[0.324s] colcon.colcon_core.package_identification Level 1 _identify(src/dofbot_snake_follow) by extension 'colcon_meta'
[0.324s] colcon.colcon_core.package_identification Level 1 _identify(src/dofbot_snake_follow) by extensions ['ros']
[0.324s] colcon.colcon_core.package_identification Level 1 _identify(src/dofbot_snake_follow) by extension 'ros'
[0.324s] colcon.colcon_core.package_identification DEBUG Package 'src/dofbot_snake_follow' with type 'ros.catkin' and name 'dofbot_snake_follow'
[0.324s] colcon.colcon_core.package_identification Level 1 _identify(src/dofbot_sorting) by extensions ['ignore', 'ignore_ament_install']
[0.324s] colcon.colcon_core.package_identification Level 1 _identify(src/dofbot_sorting) by extension 'ignore'
[0.324s] colcon.colcon_core.package_identification Level 1 _identify(src/dofbot_sorting) by extension 'ignore_ament_install'
[0.324s] colcon.colcon_core.package_identification Level 1 _identify(src/dofbot_sorting) by extensions ['colcon_pkg']
[0.324s] colcon.colcon_core.package_identification Level 1 _identify(src/dofbot_sorting) by extension 'colcon_pkg'
[0.324s] colcon.colcon_core.package_identification Level 1 _identify(src/dofbot_sorting) by extensions ['colcon_meta']
[0.324s] colcon.colcon_core.package_identification Level 1 _identify(src/dofbot_sorting) by extension 'colcon_meta'
[0.324s] colcon.colcon_core.package_identification Level 1 _identify(src/dofbot_sorting) by extensions ['ros']
[0.324s] colcon.colcon_core.package_identification Level 1 _identify(src/dofbot_sorting) by extension 'ros'
[0.325s] colcon.colcon_core.package_identification DEBUG Package 'src/dofbot_sorting' with type 'ros.ament_python' and name 'dofbot_sorting'
[0.325s] colcon.colcon_core.package_identification Level 1 _identify(src/dofbot_sorting_3d) by extensions ['ignore', 'ignore_ament_install']
[0.325s] colcon.colcon_core.package_identification Level 1 _identify(src/dofbot_sorting_3d) by extension 'ignore'
[0.325s] colcon.colcon_core.package_identification Level 1 _identify(src/dofbot_sorting_3d) by extension 'ignore_ament_install'
[0.325s] colcon.colcon_core.package_identification Level 1 _identify(src/dofbot_sorting_3d) by extensions ['colcon_pkg']
[0.325s] colcon.colcon_core.package_identification Level 1 _identify(src/dofbot_sorting_3d) by extension 'colcon_pkg'
[0.325s] colcon.colcon_core.package_identification Level 1 _identify(src/dofbot_sorting_3d) by extensions ['colcon_meta']
[0.325s] colcon.colcon_core.package_identification Level 1 _identify(src/dofbot_sorting_3d) by extension 'colcon_meta'
[0.325s] colcon.colcon_core.package_identification Level 1 _identify(src/dofbot_sorting_3d) by extensions ['ros']
[0.325s] colcon.colcon_core.package_identification Level 1 _identify(src/dofbot_sorting_3d) by extension 'ros'
[0.325s] colcon.colcon_core.package_identification DEBUG Package 'src/dofbot_sorting_3d' with type 'ros.ament_python' and name 'dofbot_sorting_3d'
[0.325s] colcon.colcon_core.package_identification Level 1 _identify(src/dofbot_urdf) by extensions ['ignore', 'ignore_ament_install']
[0.325s] colcon.colcon_core.package_identification Level 1 _identify(src/dofbot_urdf) by extension 'ignore'
[0.325s] colcon.colcon_core.package_identification Level 1 _identify(src/dofbot_urdf) by extension 'ignore_ament_install'
[0.325s] colcon.colcon_core.package_identification Level 1 _identify(src/dofbot_urdf) by extensions ['colcon_pkg']
[0.325s] colcon.colcon_core.package_identification Level 1 _identify(src/dofbot_urdf) by extension 'colcon_pkg'
[0.325s] colcon.colcon_core.package_identification Level 1 _identify(src/dofbot_urdf) by extensions ['colcon_meta']
[0.325s] colcon.colcon_core.package_identification Level 1 _identify(src/dofbot_urdf) by extension 'colcon_meta'
[0.325s] colcon.colcon_core.package_identification Level 1 _identify(src/dofbot_urdf) by extensions ['ros']
[0.325s] colcon.colcon_core.package_identification Level 1 _identify(src/dofbot_urdf) by extension 'ros'
[0.326s] colcon.colcon_core.package_identification DEBUG Package 'src/dofbot_urdf' with type 'ros.ament_cmake' and name 'dofbot_urdf'
[0.326s] colcon.colcon_core.package_identification Level 1 _identify(src/dofbot_voice_ctrl) by extensions ['ignore', 'ignore_ament_install']
[0.326s] colcon.colcon_core.package_identification Level 1 _identify(src/dofbot_voice_ctrl) by extension 'ignore'
[0.326s] colcon.colcon_core.package_identification Level 1 _identify(src/dofbot_voice_ctrl) by extension 'ignore_ament_install'
[0.326s] colcon.colcon_core.package_identification Level 1 _identify(src/dofbot_voice_ctrl) by extensions ['colcon_pkg']
[0.326s] colcon.colcon_core.package_identification Level 1 _identify(src/dofbot_voice_ctrl) by extension 'colcon_pkg'
[0.326s] colcon.colcon_core.package_identification Level 1 _identify(src/dofbot_voice_ctrl) by extensions ['colcon_meta']
[0.326s] colcon.colcon_core.package_identification Level 1 _identify(src/dofbot_voice_ctrl) by extension 'colcon_meta'
[0.326s] colcon.colcon_core.package_identification Level 1 _identify(src/dofbot_voice_ctrl) by extensions ['ros']
[0.326s] colcon.colcon_core.package_identification Level 1 _identify(src/dofbot_voice_ctrl) by extension 'ros'
[0.326s] colcon.colcon_core.package_identification DEBUG Package 'src/dofbot_voice_ctrl' with type 'ros.ament_python' and name 'dofbot_voice_ctrl'
[0.326s] colcon.colcon_core.package_identification Level 1 _identify(src/dofbot_yolov11) by extensions ['ignore', 'ignore_ament_install']
[0.326s] colcon.colcon_core.package_identification Level 1 _identify(src/dofbot_yolov11) by extension 'ignore'
[0.326s] colcon.colcon_core.package_identification Level 1 _identify(src/dofbot_yolov11) by extension 'ignore_ament_install'
[0.326s] colcon.colcon_core.package_identification Level 1 _identify(src/dofbot_yolov11) by extensions ['colcon_pkg']
[0.326s] colcon.colcon_core.package_identification Level 1 _identify(src/dofbot_yolov11) by extension 'colcon_pkg'
[0.326s] colcon.colcon_core.package_identification Level 1 _identify(src/dofbot_yolov11) by extensions ['colcon_meta']
[0.326s] colcon.colcon_core.package_identification Level 1 _identify(src/dofbot_yolov11) by extension 'colcon_meta'
[0.326s] colcon.colcon_core.package_identification Level 1 _identify(src/dofbot_yolov11) by extensions ['ros']
[0.326s] colcon.colcon_core.package_identification Level 1 _identify(src/dofbot_yolov11) by extension 'ros'
[0.327s] colcon.colcon_core.package_identification DEBUG Package 'src/dofbot_yolov11' with type 'ros.ament_python' and name 'dofbot_yolov11'
[0.327s] colcon.colcon_core.package_identification Level 1 _identify(src/yahboom_speech) by extensions ['ignore', 'ignore_ament_install']
[0.327s] colcon.colcon_core.package_identification Level 1 _identify(src/yahboom_speech) by extension 'ignore'
[0.327s] colcon.colcon_core.package_identification Level 1 _identify(src/yahboom_speech) by extension 'ignore_ament_install'
[0.327s] colcon.colcon_core.package_identification Level 1 _identify(src/yahboom_speech) by extensions ['colcon_pkg']
[0.327s] colcon.colcon_core.package_identification Level 1 _identify(src/yahboom_speech) by extension 'colcon_pkg'
[0.327s] colcon.colcon_core.package_identification Level 1 _identify(src/yahboom_speech) by extensions ['colcon_meta']
[0.327s] colcon.colcon_core.package_identification Level 1 _identify(src/yahboom_speech) by extension 'colcon_meta'
[0.327s] colcon.colcon_core.package_identification Level 1 _identify(src/yahboom_speech) by extensions ['ros']
[0.327s] colcon.colcon_core.package_identification Level 1 _identify(src/yahboom_speech) by extension 'ros'
[0.327s] colcon.colcon_core.package_identification DEBUG Package 'src/yahboom_speech' with type 'ros.ament_python' and name 'yahboom_speech'
[0.327s] colcon.colcon_core.package_discovery Level 1 discover_packages(recursive) using defaults
[0.327s] colcon.colcon_core.package_discovery Level 1 discover_packages(ignore) discover
[0.327s] colcon.colcon_core.package_discovery Level 1 discover_packages(ignore) using defaults
[0.327s] colcon.colcon_core.package_discovery Level 1 discover_packages(path) discover
[0.327s] colcon.colcon_core.package_discovery Level 1 discover_packages(path) using defaults
[0.337s] colcon.colcon_core.package_selection INFO Skipping not selected package 'Arm_Lib' in '5.Communication Protocol-Python Library/1.Install Python module/0.py_install'
[0.337s] colcon.colcon_core.package_selection INFO Skipping not selected package 'dofbot_driver' in 'src/dofbot_driver'
[0.337s] colcon.colcon_core.package_selection INFO Skipping not selected package 'dofbot_face_follow' in 'src/dofbot_face_follow'
[0.337s] colcon.colcon_core.package_selection INFO Skipping not selected package 'dofbot_follow' in 'src/dofbot_follow'
[0.337s] colcon.colcon_core.package_selection INFO Skipping not selected package 'dofbot_interface' in 'src/dofbot_interface'
[0.337s] colcon.colcon_core.package_selection INFO Skipping not selected package 'dofbot_msgs' in 'src/dofbot_msgs'
[0.337s] colcon.colcon_core.package_selection INFO Skipping not selected package 'dofbot_sorting' in 'src/dofbot_sorting'
[0.337s] colcon.colcon_core.package_selection INFO Skipping not selected package 'dofbot_urdf' in 'src/dofbot_urdf'
[0.337s] colcon.colcon_core.package_selection INFO Skipping not selected package 'dofbot_voice_ctrl' in 'src/dofbot_voice_ctrl'
[0.337s] colcon.colcon_core.package_selection INFO Skipping not selected package 'dofbot_yolov11' in 'src/dofbot_yolov11'
[0.337s] colcon.colcon_core.package_selection INFO Skipping not selected package 'yahboom_speech' in 'src/yahboom_speech'
[0.337s] colcon.colcon_core.package_selection INFO Skipping not selected package 'dofbot_color_identify' in 'src/dofbot_color_identify'
[0.337s] colcon.colcon_core.package_selection INFO Skipping not selected package 'dofbot_color_stacking' in 'src/dofbot_color_stacking'
[0.337s] colcon.colcon_core.package_selection INFO Skipping not selected package 'dofbot_mediapipe' in 'src/dofbot_mediapipe'
[0.337s] colcon.colcon_core.package_selection INFO Skipping not selected package 'dofbot_moveit' in 'src/dofbot_moveit'
[0.337s] colcon.colcon_core.package_selection INFO Skipping not selected package 'dofbot_snake_follow' in 'src/dofbot_snake_follow'
[0.337s] colcon.colcon_core.package_discovery Level 1 discover_packages(prefix_path) check parameters
[0.337s] colcon.colcon_core.package_discovery Level 1 discover_packages(prefix_path) discover
[0.338s] colcon.colcon_installed_package_information.package_discovery DEBUG Found 3 installed packages in /home/jloy/Desktop/robot-arm/dofbot_ws/install_color_sorting
[0.338s] colcon.colcon_installed_package_information.package_discovery DEBUG Found 360 installed packages in /opt/ros/humble
[0.340s] colcon.colcon_core.package_discovery Level 1 discover_packages(prefix_path) using defaults
[0.361s] colcon.colcon_core.verb Level 5 set package 'dofbot_info' build argument 'cmake_args' from command line to 'None'
[0.361s] colcon.colcon_core.verb Level 5 set package 'dofbot_info' build argument 'cmake_target' from command line to 'None'
[0.361s] colcon.colcon_core.verb Level 5 set package 'dofbot_info' build argument 'cmake_target_skip_unavailable' from command line to 'False'
[0.361s] colcon.colcon_core.verb Level 5 set package 'dofbot_info' build argument 'cmake_clean_cache' from command line to 'False'
[0.361s] colcon.colcon_core.verb Level 5 set package 'dofbot_info' build argument 'cmake_clean_first' from command line to 'False'
[0.361s] colcon.colcon_core.verb Level 5 set package 'dofbot_info' build argument 'cmake_force_configure' from command line to 'False'
[0.361s] colcon.colcon_core.verb Level 5 set package 'dofbot_info' build argument 'ament_cmake_args' from command line to 'None'
[0.361s] colcon.colcon_core.verb Level 5 set package 'dofbot_info' build argument 'catkin_cmake_args' from command line to 'None'
[0.361s] colcon.colcon_core.verb Level 5 set package 'dofbot_info' build argument 'catkin_skip_building_tests' from command line to 'False'
[0.361s] colcon.colcon_core.verb DEBUG Building package 'dofbot_info' with the following arguments: {'ament_cmake_args': None, 'build_base': '/home/jloy/Desktop/robot-arm/dofbot_ws/build_color_sorting/dofbot_info', 'catkin_cmake_args': None, 'catkin_skip_building_tests': False, 'cmake_args': None, 'cmake_clean_cache': False, 'cmake_clean_first': False, 'cmake_force_configure': False, 'cmake_target': None, 'cmake_target_skip_unavailable': False, 'install_base': '/home/jloy/Desktop/robot-arm/dofbot_ws/install_color_sorting/dofbot_info', 'merge_install': False, 'path': '/home/jloy/Desktop/robot-arm/dofbot_ws/src/dofbot_info', 'symlink_install': False, 'test_result_base': None}
[0.361s] colcon.colcon_core.verb Level 5 set package 'dofbot_sorting_3d' build argument 'cmake_args' from command line to 'None'
[0.361s] colcon.colcon_core.verb Level 5 set package 'dofbot_sorting_3d' build argument 'cmake_target' from command line to 'None'
[0.361s] colcon.colcon_core.verb Level 5 set package 'dofbot_sorting_3d' build argument 'cmake_target_skip_unavailable' from command line to 'False'
[0.361s] colcon.colcon_core.verb Level 5 set package 'dofbot_sorting_3d' build argument 'cmake_clean_cache' from command line to 'False'
[0.361s] colcon.colcon_core.verb Level 5 set package 'dofbot_sorting_3d' build argument 'cmake_clean_first' from command line to 'False'
[0.361s] colcon.colcon_core.verb Level 5 set package 'dofbot_sorting_3d' build argument 'cmake_force_configure' from command line to 'False'
[0.361s] colcon.colcon_core.verb Level 5 set package 'dofbot_sorting_3d' build argument 'ament_cmake_args' from command line to 'None'
[0.361s] colcon.colcon_core.verb Level 5 set package 'dofbot_sorting_3d' build argument 'catkin_cmake_args' from command line to 'None'
[0.361s] colcon.colcon_core.verb Level 5 set package 'dofbot_sorting_3d' build argument 'catkin_skip_building_tests' from command line to 'False'
[0.361s] colcon.colcon_core.verb DEBUG Building package 'dofbot_sorting_3d' with the following arguments: {'ament_cmake_args': None, 'build_base': '/home/jloy/Desktop/robot-arm/dofbot_ws/build_color_sorting/dofbot_sorting_3d', 'catkin_cmake_args': None, 'catkin_skip_building_tests': False, 'cmake_args': None, 'cmake_clean_cache': False, 'cmake_clean_first': False, 'cmake_force_configure': False, 'cmake_target': None, 'cmake_target_skip_unavailable': False, 'install_base': '/home/jloy/Desktop/robot-arm/dofbot_ws/install_color_sorting/dofbot_sorting_3d', 'merge_install': False, 'path': '/home/jloy/Desktop/robot-arm/dofbot_ws/src/dofbot_sorting_3d', 'symlink_install': False, 'test_result_base': None}
[0.361s] colcon.colcon_core.executor INFO Executing jobs using 'parallel' executor
[0.362s] colcon.colcon_parallel_executor.executor.parallel DEBUG run_until_complete
[0.362s] colcon.colcon_ros.task.ament_cmake.build INFO Building ROS package in '/home/jloy/Desktop/robot-arm/dofbot_ws/src/dofbot_info' with build type 'ament_cmake'
[0.362s] colcon.colcon_cmake.task.cmake.build INFO Building CMake package in '/home/jloy/Desktop/robot-arm/dofbot_ws/src/dofbot_info'
[0.363s] colcon.colcon_core.plugin_system INFO Skipping extension 'colcon_core.shell.bat': Not used on non-Windows systems
[0.363s] colcon.colcon_core.shell INFO Skip shell extension 'powershell' for command environment: Not usable outside of PowerShell
[0.363s] colcon.colcon_core.shell DEBUG Skip shell extension 'dsv' for command environment
[0.365s] colcon.colcon_ros.task.ament_python.build INFO Building ROS package in '/home/jloy/Desktop/robot-arm/dofbot_ws/src/dofbot_sorting_3d' with build type 'ament_python'
[0.365s] colcon.colcon_core.shell Level 1 create_environment_hook('dofbot_sorting_3d', 'ament_prefix_path')
[0.365s] colcon.colcon_core.shell INFO Creating environment hook '/home/jloy/Desktop/robot-arm/dofbot_ws/install_color_sorting/dofbot_sorting_3d/share/dofbot_sorting_3d/hook/ament_prefix_path.ps1'
[0.366s] colcon.colcon_core.shell INFO Creating environment descriptor '/home/jloy/Desktop/robot-arm/dofbot_ws/install_color_sorting/dofbot_sorting_3d/share/dofbot_sorting_3d/hook/ament_prefix_path.dsv'
[0.366s] colcon.colcon_core.shell INFO Creating environment hook '/home/jloy/Desktop/robot-arm/dofbot_ws/install_color_sorting/dofbot_sorting_3d/share/dofbot_sorting_3d/hook/ament_prefix_path.sh'
[0.366s] colcon.colcon_core.shell INFO Skip shell extension 'powershell' for command environment: Not usable outside of PowerShell
[0.366s] colcon.colcon_core.shell DEBUG Skip shell extension 'dsv' for command environment
[0.370s] colcon.colcon_core.event_handler.log_command DEBUG Invoking command in '/home/jloy/Desktop/robot-arm/dofbot_ws/build_color_sorting/dofbot_info': CMAKE_PREFIX_PATH=${CMAKE_PREFIX_PATH}:/home/jloy/Desktop/robot-arm/dofbot_ws/install_color_sorting/dofbot_sorting_3d:/opt/ros/humble /usr/bin/cmake /home/jloy/Desktop/robot-arm/dofbot_ws/src/dofbot_info -DCMAKE_INSTALL_PREFIX=/home/jloy/Desktop/robot-arm/dofbot_ws/install_color_sorting/dofbot_info
[0.508s] colcon.colcon_core.task.python.build INFO Building Python package in '/home/jloy/Desktop/robot-arm/dofbot_ws/src/dofbot_sorting_3d'
[0.509s] colcon.colcon_core.shell INFO Skip shell extension 'powershell' for command environment: Not usable outside of PowerShell
[0.509s] colcon.colcon_core.shell DEBUG Skip shell extension 'dsv' for command environment
[0.657s] colcon.colcon_core.event_handler.log_command DEBUG Invoked command in '/home/jloy/Desktop/robot-arm/dofbot_ws/build_color_sorting/dofbot_info' returned '0': CMAKE_PREFIX_PATH=${CMAKE_PREFIX_PATH}:/home/jloy/Desktop/robot-arm/dofbot_ws/install_color_sorting/dofbot_sorting_3d:/opt/ros/humble /usr/bin/cmake /home/jloy/Desktop/robot-arm/dofbot_ws/src/dofbot_info -DCMAKE_INSTALL_PREFIX=/home/jloy/Desktop/robot-arm/dofbot_ws/install_color_sorting/dofbot_info
[0.659s] colcon.colcon_core.event_handler.log_command DEBUG Invoking command in '/home/jloy/Desktop/robot-arm/dofbot_ws/build_color_sorting/dofbot_info': CMAKE_PREFIX_PATH=${CMAKE_PREFIX_PATH}:/home/jloy/Desktop/robot-arm/dofbot_ws/install_color_sorting/dofbot_sorting_3d:/opt/ros/humble /usr/bin/cmake --build /home/jloy/Desktop/robot-arm/dofbot_ws/build_color_sorting/dofbot_info -- -j16 -l16
[0.706s] colcon.colcon_core.task.python.build DEBUG Available setuptools commands: build_py, test, build_clib, install_headers, egg_info, install_data, setopt, compile_catalog, install, bdist, easy_install, alias, bdist_wheel, clean, sdist, bdist_egg, symlink_data, dist_info, develop, install_lib, upload_docs, check, bdist_dumb, build, register, build_ext, install_scripts, install_egg_info, bdist_rpm, update_catalog, extract_messages, build_scripts, rotate, upload, init_catalog, saveopts
[0.707s] colcon.colcon_core.event_handler.log_command DEBUG Invoking command in '/home/jloy/Desktop/robot-arm/dofbot_ws/src/dofbot_sorting_3d': PYTHONPATH=/home/jloy/Desktop/robot-arm/dofbot_ws/build_color_sorting/dofbot_sorting_3d/prefix_override:/usr/lib/python3/dist-packages/colcon_core/task/python/colcon_distutils_commands:/home/jloy/Desktop/robot-arm/dofbot_ws/install_color_sorting/dofbot_sorting_3d/lib/python3.10/site-packages:${PYTHONPATH} /usr/bin/python3 -W ignore:setup.py install is deprecated -W ignore:easy_install command is deprecated setup.py egg_info --egg-base ../../build_color_sorting/dofbot_sorting_3d build --build-base /home/jloy/Desktop/robot-arm/dofbot_ws/build_color_sorting/dofbot_sorting_3d/build install --record /home/jloy/Desktop/robot-arm/dofbot_ws/build_color_sorting/dofbot_sorting_3d/install.log --install-scripts $base/lib/dofbot_sorting_3d --single-version-externally-managed install_data
[0.870s] colcon.colcon_core.event_handler.log_command DEBUG Invoked command in '/home/jloy/Desktop/robot-arm/dofbot_ws/src/dofbot_sorting_3d' returned '0': PYTHONPATH=/home/jloy/Desktop/robot-arm/dofbot_ws/build_color_sorting/dofbot_sorting_3d/prefix_override:/usr/lib/python3/dist-packages/colcon_core/task/python/colcon_distutils_commands:/home/jloy/Desktop/robot-arm/dofbot_ws/install_color_sorting/dofbot_sorting_3d/lib/python3.10/site-packages:${PYTHONPATH} /usr/bin/python3 -W ignore:setup.py install is deprecated -W ignore:easy_install command is deprecated setup.py egg_info --egg-base ../../build_color_sorting/dofbot_sorting_3d build --build-base /home/jloy/Desktop/robot-arm/dofbot_ws/build_color_sorting/dofbot_sorting_3d/build install --record /home/jloy/Desktop/robot-arm/dofbot_ws/build_color_sorting/dofbot_sorting_3d/install.log --install-scripts $base/lib/dofbot_sorting_3d --single-version-externally-managed install_data
[0.871s] colcon.colcon_core.environment Level 1 checking '/home/jloy/Desktop/robot-arm/dofbot_ws/install_color_sorting/dofbot_sorting_3d' for CMake module files
[0.871s] colcon.colcon_core.environment Level 1 checking '/home/jloy/Desktop/robot-arm/dofbot_ws/install_color_sorting/dofbot_sorting_3d' for CMake config files
[0.871s] colcon.colcon_core.environment Level 1 checking '/home/jloy/Desktop/robot-arm/dofbot_ws/install_color_sorting/dofbot_sorting_3d/lib'
[0.871s] colcon.colcon_core.environment Level 1 checking '/home/jloy/Desktop/robot-arm/dofbot_ws/install_color_sorting/dofbot_sorting_3d/bin'
[0.871s] colcon.colcon_core.environment Level 1 checking '/home/jloy/Desktop/robot-arm/dofbot_ws/install_color_sorting/dofbot_sorting_3d/lib/pkgconfig/dofbot_sorting_3d.pc'
[0.871s] colcon.colcon_core.environment Level 1 checking '/home/jloy/Desktop/robot-arm/dofbot_ws/install_color_sorting/dofbot_sorting_3d/lib/python3.10/site-packages'
[0.871s] colcon.colcon_core.shell Level 1 create_environment_hook('dofbot_sorting_3d', 'pythonpath')
[0.872s] colcon.colcon_core.shell INFO Creating environment hook '/home/jloy/Desktop/robot-arm/dofbot_ws/install_color_sorting/dofbot_sorting_3d/share/dofbot_sorting_3d/hook/pythonpath.ps1'
[0.872s] colcon.colcon_core.shell INFO Creating environment descriptor '/home/jloy/Desktop/robot-arm/dofbot_ws/install_color_sorting/dofbot_sorting_3d/share/dofbot_sorting_3d/hook/pythonpath.dsv'
[0.872s] colcon.colcon_core.shell INFO Creating environment hook '/home/jloy/Desktop/robot-arm/dofbot_ws/install_color_sorting/dofbot_sorting_3d/share/dofbot_sorting_3d/hook/pythonpath.sh'
[0.872s] colcon.colcon_core.environment Level 1 checking '/home/jloy/Desktop/robot-arm/dofbot_ws/install_color_sorting/dofbot_sorting_3d/bin'
[0.873s] colcon.colcon_core.environment Level 1 create_environment_scripts_only(dofbot_sorting_3d)
[0.873s] colcon.colcon_core.shell INFO Creating package script '/home/jloy/Desktop/robot-arm/dofbot_ws/install_color_sorting/dofbot_sorting_3d/share/dofbot_sorting_3d/package.ps1'
[0.873s] colcon.colcon_core.shell INFO Creating package descriptor '/home/jloy/Desktop/robot-arm/dofbot_ws/install_color_sorting/dofbot_sorting_3d/share/dofbot_sorting_3d/package.dsv'
[0.874s] colcon.colcon_core.shell INFO Creating package script '/home/jloy/Desktop/robot-arm/dofbot_ws/install_color_sorting/dofbot_sorting_3d/share/dofbot_sorting_3d/package.sh'
[0.874s] colcon.colcon_core.shell INFO Creating package script '/home/jloy/Desktop/robot-arm/dofbot_ws/install_color_sorting/dofbot_sorting_3d/share/dofbot_sorting_3d/package.bash'
[0.874s] colcon.colcon_core.shell INFO Creating package script '/home/jloy/Desktop/robot-arm/dofbot_ws/install_color_sorting/dofbot_sorting_3d/share/dofbot_sorting_3d/package.zsh'
[0.875s] colcon.colcon_core.environment Level 1 create_file_with_runtime_dependencies(/home/jloy/Desktop/robot-arm/dofbot_ws/install_color_sorting/dofbot_sorting_3d/share/colcon-core/packages/dofbot_sorting_3d)
[3.007s] colcon.colcon_core.event_handler.log_command DEBUG Invoked command in '/home/jloy/Desktop/robot-arm/dofbot_ws/build_color_sorting/dofbot_info' returned '2': CMAKE_PREFIX_PATH=${CMAKE_PREFIX_PATH}:/home/jloy/Desktop/robot-arm/dofbot_ws/install_color_sorting/dofbot_sorting_3d:/opt/ros/humble /usr/bin/cmake --build /home/jloy/Desktop/robot-arm/dofbot_ws/build_color_sorting/dofbot_info -- -j16 -l16
[3.008s] colcon.colcon_core.environment Level 1 create_environment_scripts_only(dofbot_info)
[3.008s] colcon.colcon_core.environment Level 1 checking '/home/jloy/Desktop/robot-arm/dofbot_ws/install_color_sorting/dofbot_info' for CMake module files
[3.008s] colcon.colcon_core.environment Level 1 checking '/home/jloy/Desktop/robot-arm/dofbot_ws/install_color_sorting/dofbot_info' for CMake config files
[3.008s] colcon.colcon_core.environment Level 1 checking '/home/jloy/Desktop/robot-arm/dofbot_ws/install_color_sorting/dofbot_info/bin'
[3.008s] colcon.colcon_core.environment Level 1 checking '/home/jloy/Desktop/robot-arm/dofbot_ws/install_color_sorting/dofbot_info/lib/pkgconfig/dofbot_info.pc'
[3.009s] colcon.colcon_core.environment Level 1 checking '/home/jloy/Desktop/robot-arm/dofbot_ws/install_color_sorting/dofbot_info/lib/python3.10/site-packages'
[3.009s] colcon.colcon_core.environment Level 1 checking '/home/jloy/Desktop/robot-arm/dofbot_ws/install_color_sorting/dofbot_info/bin'
[3.009s] colcon.colcon_core.shell INFO Creating package script '/home/jloy/Desktop/robot-arm/dofbot_ws/install_color_sorting/dofbot_info/share/dofbot_info/package.ps1'
[3.010s] colcon.colcon_core.shell INFO Creating package descriptor '/home/jloy/Desktop/robot-arm/dofbot_ws/install_color_sorting/dofbot_info/share/dofbot_info/package.dsv'
[3.010s] colcon.colcon_core.shell INFO Creating package script '/home/jloy/Desktop/robot-arm/dofbot_ws/install_color_sorting/dofbot_info/share/dofbot_info/package.sh'
[3.010s] colcon.colcon_core.shell INFO Creating package script '/home/jloy/Desktop/robot-arm/dofbot_ws/install_color_sorting/dofbot_info/share/dofbot_info/package.bash'
[3.011s] colcon.colcon_core.shell INFO Creating package script '/home/jloy/Desktop/robot-arm/dofbot_ws/install_color_sorting/dofbot_info/share/dofbot_info/package.zsh'
[3.011s] colcon.colcon_core.environment Level 1 create_file_with_runtime_dependencies(/home/jloy/Desktop/robot-arm/dofbot_ws/install_color_sorting/dofbot_info/share/colcon-core/packages/dofbot_info)
[3.021s] colcon.colcon_parallel_executor.executor.parallel DEBUG closing loop
[3.021s] colcon.colcon_parallel_executor.executor.parallel DEBUG loop closed
[3.021s] colcon.colcon_parallel_executor.executor.parallel DEBUG run_until_complete finished with '2'
[3.021s] colcon.colcon_core.event_reactor DEBUG joining thread
[3.024s] colcon.colcon_core.plugin_system INFO Skipping extension 'colcon_notification.desktop_notification.terminal_notifier': Not used on non-Darwin systems
[3.024s] colcon.colcon_core.plugin_system INFO Skipping extension 'colcon_notification.desktop_notification.win32': Not used on non-Windows systems
[3.024s] colcon.colcon_notification.desktop_notification INFO Sending desktop notification using 'notify2'
[3.024s] colcon.colcon_notification.desktop_notification.notify2 DEBUG Failed to initialize notify2: org.freedesktop.DBus.Error.AccessDenied: Failed to connect to socket /run/user/1000/bus: Operation not permitted
[3.024s] colcon.colcon_core.event_reactor DEBUG joined thread
[3.025s] colcon.colcon_core.shell INFO Creating prefix script '/home/jloy/Desktop/robot-arm/dofbot_ws/install_color_sorting/local_setup.ps1'
[3.025s] colcon.colcon_core.shell INFO Creating prefix util module '/home/jloy/Desktop/robot-arm/dofbot_ws/install_color_sorting/_local_setup_util_ps1.py'
[3.026s] colcon.colcon_core.shell INFO Creating prefix chain script '/home/jloy/Desktop/robot-arm/dofbot_ws/install_color_sorting/setup.ps1'
[3.026s] colcon.colcon_core.shell INFO Creating prefix script '/home/jloy/Desktop/robot-arm/dofbot_ws/install_color_sorting/local_setup.sh'
[3.026s] colcon.colcon_core.shell INFO Creating prefix util module '/home/jloy/Desktop/robot-arm/dofbot_ws/install_color_sorting/_local_setup_util_sh.py'
[3.027s] colcon.colcon_core.shell INFO Creating prefix chain script '/home/jloy/Desktop/robot-arm/dofbot_ws/install_color_sorting/setup.sh'
[3.027s] colcon.colcon_core.shell INFO Creating prefix script '/home/jloy/Desktop/robot-arm/dofbot_ws/install_color_sorting/local_setup.bash'
[3.027s] colcon.colcon_core.shell INFO Creating prefix chain script '/home/jloy/Desktop/robot-arm/dofbot_ws/install_color_sorting/setup.bash'
[3.028s] colcon.colcon_core.shell INFO Creating prefix script '/home/jloy/Desktop/robot-arm/dofbot_ws/install_color_sorting/local_setup.zsh'
[3.028s] colcon.colcon_core.shell INFO Creating prefix chain script '/home/jloy/Desktop/robot-arm/dofbot_ws/install_color_sorting/setup.zsh'
