[0.005s] Invoking command in '/home/jloy/Desktop/robot-arm/dofbot_ws/build_color_sorting/dofbot_interface': CMAKE_PREFIX_PATH=/opt/ros/humble /usr/bin/cmake --build /home/jloy/Desktop/robot-arm/dofbot_ws/build_color_sorting/dofbot_interface -- -j16 -l16
[0.035s] [  1%] Generating C code for ROS interfaces
[0.037s] [  2%] Generating Rust code for ROS interfaces
[0.042s] [  2%] Built target ament_cmake_python_copy_dofbot_interface
[0.043s] [  2%] Generating C++ code for ROS interfaces
[0.180s] running egg_info
[0.181s] creating dofbot_interface.egg-info
[0.181s] writing dofbot_interface.egg-info/PKG-INFO
[0.181s] writing dependency_links to dofbot_interface.egg-info/dependency_links.txt
[0.181s] writing top-level names to dofbot_interface.egg-info/top_level.txt
[0.181s] writing manifest file 'dofbot_interface.egg-info/SOURCES.txt'
[0.182s] reading manifest file 'dofbot_interface.egg-info/SOURCES.txt'
[0.183s] writing manifest file 'dofbot_interface.egg-info/SOURCES.txt'
[0.203s] [  2%] Built target ament_cmake_python_build_dofbot_interface_egg
[0.312s] [  2%] Built target dofbot_interface__rs
[0.554s] [  3%] Building C object CMakeFiles/dofbot_interface__rosidl_generator_c.dir/rosidl_generator_c/dofbot_interface/msg/detail/joint_info__functions.c.o
[0.554s] [  4%] Building C object CMakeFiles/dofbot_interface__rosidl_generator_c.dir/rosidl_generator_c/dofbot_interface/srv/detail/kinemarics__functions.c.o
[0.554s] [  5%] Building C object CMakeFiles/dofbot_interface__rosidl_generator_c.dir/rosidl_generator_c/dofbot_interface/msg/detail/position__functions.c.o
[0.554s] [  5%] Building C object CMakeFiles/dofbot_interface__rosidl_generator_c.dir/rosidl_generator_c/dofbot_interface/msg/detail/arm_joint__functions.c.o
[0.554s] [  5%] Built target dofbot_interface__cpp
[0.554s] [  6%] Building C object CMakeFiles/dofbot_interface__rosidl_generator_c.dir/rosidl_generator_c/dofbot_interface/srv/detail/dofbot_pro_kinemarics__functions.c.o
[0.554s] [  7%] Building C object CMakeFiles/dofbot_interface__rosidl_generator_c.dir/rosidl_generator_c/dofbot_interface/msg/detail/image_msg__functions.c.o
[0.554s] [  8%] Building C object CMakeFiles/dofbot_interface__rosidl_generator_c.dir/rosidl_generator_c/dofbot_interface/srv/detail/cur_joint__functions.c.o
[0.555s] [  9%] Building C object CMakeFiles/dofbot_interface__rosidl_generator_c.dir/rosidl_generator_c/dofbot_interface/msg/detail/pos_info__functions.c.o
[0.555s] [ 10%] Building C object CMakeFiles/dofbot_interface__rosidl_generator_c.dir/rosidl_generator_c/dofbot_interface/msg/detail/yolov11_detect__functions.c.o
[0.557s] [ 11%] Building C object CMakeFiles/dofbot_interface__rosidl_generator_c.dir/rosidl_generator_c/dofbot_interface/msg/detail/width_info__functions.c.o
[0.557s] [ 12%] Building C object CMakeFiles/dofbot_interface__rosidl_generator_c.dir/rosidl_generator_c/dofbot_interface/msg/detail/april_tag_info__functions.c.o
[0.564s] [ 13%] Generating C++ type support dispatch for ROS interfaces
[0.564s] [ 14%] Generating C++ type support for eProsima Fast-RTPS
[0.564s] [ 15%] Generating C++ introspection for ROS interfaces
[0.617s] [ 16%] Linking C shared library libdofbot_interface__rosidl_generator_c.so
[0.650s] [ 16%] Built target dofbot_interface__rosidl_generator_c
[0.656s] [ 18%] Generating C introspection for ROS interfaces
[0.656s] [ 18%] Generating C type support dispatch for ROS interfaces
[0.656s] [ 19%] Generating C type support for eProsima Fast-RTPS
[0.898s] [ 20%] Building CXX object CMakeFiles/dofbot_interface__rosidl_typesupport_cpp.dir/rosidl_typesupport_cpp/dofbot_interface/srv/kinemarics__type_support.cpp.o
[0.898s] [ 21%] Building CXX object CMakeFiles/dofbot_interface__rosidl_typesupport_cpp.dir/rosidl_typesupport_cpp/dofbot_interface/srv/dofbot_pro_kinemarics__type_support.cpp.o
[0.900s] [ 22%] Building CXX object CMakeFiles/dofbot_interface__rosidl_typesupport_cpp.dir/rosidl_typesupport_cpp/dofbot_interface/srv/cur_joint__type_support.cpp.o
[0.900s] [ 23%] Building CXX object CMakeFiles/dofbot_interface__rosidl_typesupport_cpp.dir/rosidl_typesupport_cpp/dofbot_interface/msg/arm_joint__type_support.cpp.o
[0.900s] [ 21%] Building CXX object CMakeFiles/dofbot_interface__rosidl_typesupport_cpp.dir/rosidl_typesupport_cpp/dofbot_interface/msg/joint_info__type_support.cpp.o
[0.900s] [ 25%] Building CXX object CMakeFiles/dofbot_interface__rosidl_typesupport_cpp.dir/rosidl_typesupport_cpp/dofbot_interface/msg/position__type_support.cpp.o
[0.900s] [ 25%] Building CXX object CMakeFiles/dofbot_interface__rosidl_typesupport_cpp.dir/rosidl_typesupport_cpp/dofbot_interface/msg/pos_info__type_support.cpp.o
[0.901s] [ 26%] Building CXX object CMakeFiles/dofbot_interface__rosidl_typesupport_cpp.dir/rosidl_typesupport_cpp/dofbot_interface/msg/image_msg__type_support.cpp.o
[0.901s] [ 27%] Building CXX object CMakeFiles/dofbot_interface__rosidl_typesupport_cpp.dir/rosidl_typesupport_cpp/dofbot_interface/msg/april_tag_info__type_support.cpp.o
[0.902s] [ 28%] Building CXX object CMakeFiles/dofbot_interface__rosidl_typesupport_cpp.dir/rosidl_typesupport_cpp/dofbot_interface/msg/width_info__type_support.cpp.o
[0.903s] [ 29%] Building CXX object CMakeFiles/dofbot_interface__rosidl_typesupport_cpp.dir/rosidl_typesupport_cpp/dofbot_interface/msg/yolov11_detect__type_support.cpp.o
[1.116s] [ 29%] Building CXX object CMakeFiles/dofbot_interface__rosidl_typesupport_c.dir/rosidl_typesupport_c/dofbot_interface/srv/kinemarics__type_support.cpp.o
[1.149s] [ 30%] Building CXX object CMakeFiles/dofbot_interface__rosidl_typesupport_c.dir/rosidl_typesupport_c/dofbot_interface/srv/cur_joint__type_support.cpp.o
[1.152s] [ 31%] Building CXX object CMakeFiles/dofbot_interface__rosidl_typesupport_c.dir/rosidl_typesupport_c/dofbot_interface/srv/dofbot_pro_kinemarics__type_support.cpp.o
[1.155s] [ 32%] Building CXX object CMakeFiles/dofbot_interface__rosidl_typesupport_c.dir/rosidl_typesupport_c/dofbot_interface/msg/joint_info__type_support.cpp.o
[1.165s] [ 33%] Building CXX object CMakeFiles/dofbot_interface__rosidl_typesupport_c.dir/rosidl_typesupport_c/dofbot_interface/msg/pos_info__type_support.cpp.o
[1.169s] [ 34%] Building CXX object CMakeFiles/dofbot_interface__rosidl_typesupport_introspection_cpp.dir/rosidl_typesupport_introspection_cpp/dofbot_interface/srv/detail/kinemarics__type_support.cpp.o
[1.171s] [ 35%] Building CXX object CMakeFiles/dofbot_interface__rosidl_typesupport_introspection_cpp.dir/rosidl_typesupport_introspection_cpp/dofbot_interface/srv/detail/cur_joint__type_support.cpp.o
[1.176s] [ 36%] Building CXX object CMakeFiles/dofbot_interface__rosidl_typesupport_introspection_cpp.dir/rosidl_typesupport_introspection_cpp/dofbot_interface/srv/detail/dofbot_pro_kinemarics__type_support.cpp.o
[1.182s] [ 37%] Building CXX object CMakeFiles/dofbot_interface__rosidl_typesupport_c.dir/rosidl_typesupport_c/dofbot_interface/msg/position__type_support.cpp.o
[1.183s] [ 38%] Building CXX object CMakeFiles/dofbot_interface__rosidl_typesupport_c.dir/rosidl_typesupport_c/dofbot_interface/msg/arm_joint__type_support.cpp.o
[1.183s] [ 38%] Building CXX object CMakeFiles/dofbot_interface__rosidl_typesupport_introspection_cpp.dir/rosidl_typesupport_introspection_cpp/dofbot_interface/msg/detail/joint_info__type_support.cpp.o
[1.185s] [ 39%] Building CXX object CMakeFiles/dofbot_interface__rosidl_typesupport_introspection_cpp.dir/rosidl_typesupport_introspection_cpp/dofbot_interface/msg/detail/pos_info__type_support.cpp.o
[1.186s] [ 40%] Building CXX object CMakeFiles/dofbot_interface__rosidl_typesupport_introspection_cpp.dir/rosidl_typesupport_introspection_cpp/dofbot_interface/msg/detail/position__type_support.cpp.o
[1.187s] [ 41%] Linking CXX shared library libdofbot_interface__rosidl_typesupport_cpp.so
[1.198s] [ 43%] Building CXX object CMakeFiles/dofbot_interface__rosidl_typesupport_introspection_cpp.dir/rosidl_typesupport_introspection_cpp/dofbot_interface/msg/detail/image_msg__type_support.cpp.o
[1.198s] [ 43%] Building CXX object CMakeFiles/dofbot_interface__rosidl_typesupport_introspection_cpp.dir/rosidl_typesupport_introspection_cpp/dofbot_interface/msg/detail/arm_joint__type_support.cpp.o
[1.198s] [ 44%] Building CXX object CMakeFiles/dofbot_interface__rosidl_typesupport_c.dir/rosidl_typesupport_c/dofbot_interface/msg/image_msg__type_support.cpp.o
[1.199s] [ 45%] Building CXX object CMakeFiles/dofbot_interface__rosidl_typesupport_introspection_cpp.dir/rosidl_typesupport_introspection_cpp/dofbot_interface/msg/detail/width_info__type_support.cpp.o
[1.219s] [ 46%] Building CXX object CMakeFiles/dofbot_interface__rosidl_typesupport_introspection_cpp.dir/rosidl_typesupport_introspection_cpp/dofbot_interface/msg/detail/april_tag_info__type_support.cpp.o
[1.219s] [ 47%] Building CXX object CMakeFiles/dofbot_interface__rosidl_typesupport_c.dir/rosidl_typesupport_c/dofbot_interface/msg/width_info__type_support.cpp.o
[1.226s] [ 47%] Built target dofbot_interface__rosidl_typesupport_cpp
[1.227s] [ 48%] Building CXX object CMakeFiles/dofbot_interface__rosidl_typesupport_introspection_cpp.dir/rosidl_typesupport_introspection_cpp/dofbot_interface/msg/detail/yolov11_detect__type_support.cpp.o
[1.229s] [ 49%] Building CXX object CMakeFiles/dofbot_interface__rosidl_typesupport_fastrtps_cpp.dir/rosidl_typesupport_fastrtps_cpp/dofbot_interface/srv/detail/dds_fastrtps/kinemarics__type_support.cpp.o
[1.237s] [ 49%] Building CXX object CMakeFiles/dofbot_interface__rosidl_typesupport_c.dir/rosidl_typesupport_c/dofbot_interface/msg/april_tag_info__type_support.cpp.o
[1.253s] [ 50%] Building CXX object CMakeFiles/dofbot_interface__rosidl_typesupport_fastrtps_cpp.dir/rosidl_typesupport_fastrtps_cpp/dofbot_interface/srv/detail/dds_fastrtps/cur_joint__type_support.cpp.o
[1.263s] [ 50%] Building C object CMakeFiles/dofbot_interface__rosidl_typesupport_introspection_c.dir/rosidl_typesupport_introspection_c/dofbot_interface/srv/detail/kinemarics__type_support.c.o
[1.276s] [ 51%] Building CXX object CMakeFiles/dofbot_interface__rosidl_typesupport_c.dir/rosidl_typesupport_c/dofbot_interface/msg/yolov11_detect__type_support.cpp.o
[1.307s] [ 52%] Linking CXX shared library libdofbot_interface__rosidl_typesupport_c.so
[1.319s] [ 53%] Building C object CMakeFiles/dofbot_interface__rosidl_typesupport_introspection_c.dir/rosidl_typesupport_introspection_c/dofbot_interface/srv/detail/cur_joint__type_support.c.o
[1.359s] [ 53%] Built target dofbot_interface__rosidl_typesupport_c
[1.361s] [ 54%] Building C object CMakeFiles/dofbot_interface__rosidl_typesupport_introspection_c.dir/rosidl_typesupport_introspection_c/dofbot_interface/srv/detail/dofbot_pro_kinemarics__type_support.c.o
[1.370s] [ 55%] Building C object CMakeFiles/dofbot_interface__rosidl_typesupport_introspection_c.dir/rosidl_typesupport_introspection_c/dofbot_interface/msg/detail/joint_info__type_support.c.o
[1.418s] [ 57%] Building C object CMakeFiles/dofbot_interface__rosidl_typesupport_introspection_c.dir/rosidl_typesupport_introspection_c/dofbot_interface/msg/detail/pos_info__type_support.c.o
[1.418s] [ 57%] Building CXX object CMakeFiles/dofbot_interface__rosidl_typesupport_fastrtps_cpp.dir/rosidl_typesupport_fastrtps_cpp/dofbot_interface/srv/detail/dds_fastrtps/dofbot_pro_kinemarics__type_support.cpp.o
[1.453s] [ 58%] Building C object CMakeFiles/dofbot_interface__rosidl_typesupport_introspection_c.dir/rosidl_typesupport_introspection_c/dofbot_interface/msg/detail/position__type_support.c.o
[1.491s] [ 59%] Building C object CMakeFiles/dofbot_interface__rosidl_typesupport_introspection_c.dir/rosidl_typesupport_introspection_c/dofbot_interface/msg/detail/arm_joint__type_support.c.o
[1.528s] [ 60%] Building CXX object CMakeFiles/dofbot_interface__rosidl_typesupport_fastrtps_cpp.dir/rosidl_typesupport_fastrtps_cpp/dofbot_interface/msg/detail/dds_fastrtps/pos_info__type_support.cpp.o
[1.528s] [ 60%] Building CXX object CMakeFiles/dofbot_interface__rosidl_typesupport_fastrtps_cpp.dir/rosidl_typesupport_fastrtps_cpp/dofbot_interface/msg/detail/dds_fastrtps/joint_info__type_support.cpp.o
[1.533s] [ 61%] Building CXX object CMakeFiles/dofbot_interface__rosidl_typesupport_fastrtps_cpp.dir/rosidl_typesupport_fastrtps_cpp/dofbot_interface/msg/detail/dds_fastrtps/position__type_support.cpp.o
[1.537s] [ 62%] Building C object CMakeFiles/dofbot_interface__rosidl_typesupport_introspection_c.dir/rosidl_typesupport_introspection_c/dofbot_interface/msg/detail/image_msg__type_support.c.o
[1.539s] [ 62%] Building CXX object CMakeFiles/dofbot_interface__rosidl_typesupport_fastrtps_c.dir/rosidl_typesupport_fastrtps_c/dofbot_interface/srv/detail/kinemarics__type_support_c.cpp.o
[1.542s] [ 63%] Building CXX object CMakeFiles/dofbot_interface__rosidl_typesupport_fastrtps_c.dir/rosidl_typesupport_fastrtps_c/dofbot_interface/srv/detail/cur_joint__type_support_c.cpp.o
[1.548s] [ 64%] Building C object CMakeFiles/dofbot_interface__rosidl_typesupport_introspection_c.dir/rosidl_typesupport_introspection_c/dofbot_interface/msg/detail/width_info__type_support.c.o
[1.551s] [ 65%] Building CXX object CMakeFiles/dofbot_interface__rosidl_typesupport_fastrtps_cpp.dir/rosidl_typesupport_fastrtps_cpp/dofbot_interface/msg/detail/dds_fastrtps/arm_joint__type_support.cpp.o
[1.558s] [ 66%] Building CXX object CMakeFiles/dofbot_interface__rosidl_typesupport_fastrtps_cpp.dir/rosidl_typesupport_fastrtps_cpp/dofbot_interface/msg/detail/dds_fastrtps/image_msg__type_support.cpp.o
[1.562s] [ 66%] Building C object CMakeFiles/dofbot_interface__rosidl_typesupport_introspection_c.dir/rosidl_typesupport_introspection_c/dofbot_interface/msg/detail/april_tag_info__type_support.c.o
[1.563s] [ 67%] Building CXX object CMakeFiles/dofbot_interface__rosidl_typesupport_fastrtps_c.dir/rosidl_typesupport_fastrtps_c/dofbot_interface/srv/detail/dofbot_pro_kinemarics__type_support_c.cpp.o
[1.571s] [ 68%] Building C object CMakeFiles/dofbot_interface__rosidl_typesupport_introspection_c.dir/rosidl_typesupport_introspection_c/dofbot_interface/msg/detail/yolov11_detect__type_support.c.o
[1.594s] [ 69%] Building CXX object CMakeFiles/dofbot_interface__rosidl_typesupport_fastrtps_c.dir/rosidl_typesupport_fastrtps_c/dofbot_interface/msg/detail/joint_info__type_support_c.cpp.o
[1.601s] [ 70%] Building CXX object CMakeFiles/dofbot_interface__rosidl_typesupport_fastrtps_cpp.dir/rosidl_typesupport_fastrtps_cpp/dofbot_interface/msg/detail/dds_fastrtps/width_info__type_support.cpp.o
[1.606s] [ 71%] Building CXX object CMakeFiles/dofbot_interface__rosidl_typesupport_fastrtps_cpp.dir/rosidl_typesupport_fastrtps_cpp/dofbot_interface/msg/detail/dds_fastrtps/april_tag_info__type_support.cpp.o
[1.614s] [ 72%] Linking C shared library libdofbot_interface__rosidl_typesupport_introspection_c.so
[1.634s] [ 73%] Linking CXX shared library libdofbot_interface__rosidl_typesupport_introspection_cpp.so
[1.643s] [ 74%] Building CXX object CMakeFiles/dofbot_interface__rosidl_typesupport_fastrtps_cpp.dir/rosidl_typesupport_fastrtps_cpp/dofbot_interface/msg/detail/dds_fastrtps/yolov11_detect__type_support.cpp.o
[1.648s] [ 74%] Built target dofbot_interface__rosidl_typesupport_introspection_c
[1.670s] [ 75%] Building CXX object CMakeFiles/dofbot_interface__rosidl_typesupport_fastrtps_c.dir/rosidl_typesupport_fastrtps_c/dofbot_interface/msg/detail/pos_info__type_support_c.cpp.o
[1.700s] [ 76%] Building CXX object CMakeFiles/dofbot_interface__rosidl_typesupport_fastrtps_c.dir/rosidl_typesupport_fastrtps_c/dofbot_interface/msg/detail/position__type_support_c.cpp.o
[1.723s] [ 76%] Built target dofbot_interface__rosidl_typesupport_introspection_cpp
[1.734s] [ 77%] Building CXX object CMakeFiles/dofbot_interface__rosidl_typesupport_fastrtps_c.dir/rosidl_typesupport_fastrtps_c/dofbot_interface/msg/detail/arm_joint__type_support_c.cpp.o
[1.804s] [ 78%] Building CXX object CMakeFiles/dofbot_interface__rosidl_typesupport_fastrtps_c.dir/rosidl_typesupport_fastrtps_c/dofbot_interface/msg/detail/image_msg__type_support_c.cpp.o
[1.859s] [ 79%] Building CXX object CMakeFiles/dofbot_interface__rosidl_typesupport_fastrtps_c.dir/rosidl_typesupport_fastrtps_c/dofbot_interface/msg/detail/width_info__type_support_c.cpp.o
[1.885s] [ 79%] Building CXX object CMakeFiles/dofbot_interface__rosidl_typesupport_fastrtps_c.dir/rosidl_typesupport_fastrtps_c/dofbot_interface/msg/detail/april_tag_info__type_support_c.cpp.o
[1.898s] [ 80%] Building CXX object CMakeFiles/dofbot_interface__rosidl_typesupport_fastrtps_c.dir/rosidl_typesupport_fastrtps_c/dofbot_interface/msg/detail/yolov11_detect__type_support_c.cpp.o
[2.049s] [ 81%] Linking CXX shared library libdofbot_interface__rosidl_typesupport_fastrtps_cpp.so
[2.095s] [ 81%] Built target dofbot_interface__rosidl_typesupport_fastrtps_cpp
[2.097s] [ 82%] Linking CXX shared library libdofbot_interface__rosidl_typesupport_fastrtps_c.so
[2.138s] [ 82%] Built target dofbot_interface__rosidl_typesupport_fastrtps_c
[2.151s] [ 82%] Built target dofbot_interface
[2.164s] [ 83%] Generating Python code for ROS interfaces
[3.003s] [ 83%] Built target dofbot_interface__py
[3.016s] [ 85%] Building C object CMakeFiles/dofbot_interface__rosidl_generator_py.dir/rosidl_generator_py/dofbot_interface/msg/_image_msg_s.c.o
[3.016s] [ 85%] Building C object CMakeFiles/dofbot_interface__rosidl_generator_py.dir/rosidl_generator_py/dofbot_interface/msg/_yolov11_detect_s.c.o
[3.016s] [ 85%] Building C object CMakeFiles/dofbot_interface__rosidl_generator_py.dir/rosidl_generator_py/dofbot_interface/msg/_joint_info_s.c.o
[3.016s] [ 86%] Building C object CMakeFiles/dofbot_interface__rosidl_generator_py.dir/rosidl_generator_py/dofbot_interface/msg/_pos_info_s.c.o
[3.016s] [ 90%] Building C object CMakeFiles/dofbot_interface__rosidl_generator_py.dir/rosidl_generator_py/dofbot_interface/srv/_kinemarics_s.c.o
[3.016s] [ 90%] Building C object CMakeFiles/dofbot_interface__rosidl_generator_py.dir/rosidl_generator_py/dofbot_interface/srv/_dofbot_pro_kinemarics_s.c.o
[3.016s] [ 90%] Building C object CMakeFiles/dofbot_interface__rosidl_generator_py.dir/rosidl_generator_py/dofbot_interface/msg/_position_s.c.o
[3.016s] [ 90%] Building C object CMakeFiles/dofbot_interface__rosidl_generator_py.dir/rosidl_generator_py/dofbot_interface/msg/_arm_joint_s.c.o
[3.017s] [ 91%] Building C object CMakeFiles/dofbot_interface__rosidl_generator_py.dir/rosidl_generator_py/dofbot_interface/srv/_cur_joint_s.c.o
[3.017s] [ 92%] Building C object CMakeFiles/dofbot_interface__rosidl_generator_py.dir/rosidl_generator_py/dofbot_interface/msg/_width_info_s.c.o
[3.017s] [ 93%] Building C object CMakeFiles/dofbot_interface__rosidl_generator_py.dir/rosidl_generator_py/dofbot_interface/msg/_april_tag_info_s.c.o
[3.124s] [ 94%] Linking C shared library rosidl_generator_py/dofbot_interface/libdofbot_interface__rosidl_generator_py.so
[3.147s] [ 94%] Built target dofbot_interface__rosidl_generator_py
[3.159s] [ 96%] Building C object CMakeFiles/dofbot_interface__rosidl_typesupport_introspection_c__pyext.dir/rosidl_generator_py/dofbot_interface/_dofbot_interface_s.ep.rosidl_typesupport_introspection_c.c.o
[3.159s] [ 96%] Building C object CMakeFiles/dofbot_interface__rosidl_typesupport_c__pyext.dir/rosidl_generator_py/dofbot_interface/_dofbot_interface_s.ep.rosidl_typesupport_c.c.o
[3.159s] [ 97%] Building C object CMakeFiles/dofbot_interface__rosidl_typesupport_fastrtps_c__pyext.dir/rosidl_generator_py/dofbot_interface/_dofbot_interface_s.ep.rosidl_typesupport_fastrtps_c.c.o
[3.239s] [ 99%] Linking C shared library rosidl_generator_py/dofbot_interface/dofbot_interface_s__rosidl_typesupport_introspection_c.cpython-310-x86_64-linux-gnu.so
[3.239s] [ 99%] Linking C shared library rosidl_generator_py/dofbot_interface/dofbot_interface_s__rosidl_typesupport_fastrtps_c.cpython-310-x86_64-linux-gnu.so
[3.239s] [100%] Linking C shared library rosidl_generator_py/dofbot_interface/dofbot_interface_s__rosidl_typesupport_c.cpython-310-x86_64-linux-gnu.so
[3.261s] [100%] Built target dofbot_interface__rosidl_typesupport_c__pyext
[3.261s] [100%] Built target dofbot_interface__rosidl_typesupport_fastrtps_c__pyext
[3.261s] [100%] Built target dofbot_interface__rosidl_typesupport_introspection_c__pyext
[3.268s] Invoked command in '/home/jloy/Desktop/robot-arm/dofbot_ws/build_color_sorting/dofbot_interface' returned '0': CMAKE_PREFIX_PATH=/opt/ros/humble /usr/bin/cmake --build /home/jloy/Desktop/robot-arm/dofbot_ws/build_color_sorting/dofbot_interface -- -j16 -l16
[3.273s] Invoking command in '/home/jloy/Desktop/robot-arm/dofbot_ws/build_color_sorting/dofbot_interface': CMAKE_PREFIX_PATH=/opt/ros/humble /usr/bin/cmake --install /home/jloy/Desktop/robot-arm/dofbot_ws/build_color_sorting/dofbot_interface
[3.277s] -- Install configuration: ""
[3.277s] -- Installing: /home/jloy/Desktop/robot-arm/dofbot_ws/install_color_sorting/dofbot_interface/share/ament_index/resource_index/rosidl_interfaces/dofbot_interface
[3.277s] -- Installing: /home/jloy/Desktop/robot-arm/dofbot_ws/install_color_sorting/dofbot_interface/include/dofbot_interface/dofbot_interface
[3.278s] -- Installing: /home/jloy/Desktop/robot-arm/dofbot_ws/install_color_sorting/dofbot_interface/include/dofbot_interface/dofbot_interface/msg
[3.278s] -- Installing: /home/jloy/Desktop/robot-arm/dofbot_ws/install_color_sorting/dofbot_interface/include/dofbot_interface/dofbot_interface/msg/joint_info.h
[3.278s] -- Installing: /home/jloy/Desktop/robot-arm/dofbot_ws/install_color_sorting/dofbot_interface/include/dofbot_interface/dofbot_interface/msg/detail
[3.278s] -- Installing: /home/jloy/Desktop/robot-arm/dofbot_ws/install_color_sorting/dofbot_interface/include/dofbot_interface/dofbot_interface/msg/detail/position__functions.h
[3.278s] -- Installing: /home/jloy/Desktop/robot-arm/dofbot_ws/install_color_sorting/dofbot_interface/include/dofbot_interface/dofbot_interface/msg/detail/pos_info__functions.c
[3.278s] -- Installing: /home/jloy/Desktop/robot-arm/dofbot_ws/install_color_sorting/dofbot_interface/include/dofbot_interface/dofbot_interface/msg/detail/width_info__functions.c
[3.278s] -- Installing: /home/jloy/Desktop/robot-arm/dofbot_ws/install_color_sorting/dofbot_interface/include/dofbot_interface/dofbot_interface/msg/detail/joint_info__functions.c
[3.278s] -- Installing: /home/jloy/Desktop/robot-arm/dofbot_ws/install_color_sorting/dofbot_interface/include/dofbot_interface/dofbot_interface/msg/detail/pos_info__struct.h
[3.278s] -- Installing: /home/jloy/Desktop/robot-arm/dofbot_ws/install_color_sorting/dofbot_interface/include/dofbot_interface/dofbot_interface/msg/detail/position__struct.h
[3.278s] -- Installing: /home/jloy/Desktop/robot-arm/dofbot_ws/install_color_sorting/dofbot_interface/include/dofbot_interface/dofbot_interface/msg/detail/arm_joint__functions.h
[3.279s] -- Installing: /home/jloy/Desktop/robot-arm/dofbot_ws/install_color_sorting/dofbot_interface/include/dofbot_interface/dofbot_interface/msg/detail/position__type_support.h
[3.279s] -- Installing: /home/jloy/Desktop/robot-arm/dofbot_ws/install_color_sorting/dofbot_interface/include/dofbot_interface/dofbot_interface/msg/detail/width_info__functions.h
[3.279s] -- Installing: /home/jloy/Desktop/robot-arm/dofbot_ws/install_color_sorting/dofbot_interface/include/dofbot_interface/dofbot_interface/msg/detail/pos_info__functions.h
[3.279s] -- Installing: /home/jloy/Desktop/robot-arm/dofbot_ws/install_color_sorting/dofbot_interface/include/dofbot_interface/dofbot_interface/msg/detail/yolov11_detect__type_support.h
[3.279s] -- Installing: /home/jloy/Desktop/robot-arm/dofbot_ws/install_color_sorting/dofbot_interface/include/dofbot_interface/dofbot_interface/msg/detail/april_tag_info__struct.h
[3.279s] -- Installing: /home/jloy/Desktop/robot-arm/dofbot_ws/install_color_sorting/dofbot_interface/include/dofbot_interface/dofbot_interface/msg/detail/image_msg__struct.h
[3.279s] -- Installing: /home/jloy/Desktop/robot-arm/dofbot_ws/install_color_sorting/dofbot_interface/include/dofbot_interface/dofbot_interface/msg/detail/image_msg__functions.h
[3.279s] -- Installing: /home/jloy/Desktop/robot-arm/dofbot_ws/install_color_sorting/dofbot_interface/include/dofbot_interface/dofbot_interface/msg/detail/joint_info__type_support.h
[3.279s] -- Installing: /home/jloy/Desktop/robot-arm/dofbot_ws/install_color_sorting/dofbot_interface/include/dofbot_interface/dofbot_interface/msg/detail/width_info__type_support.h
[3.279s] -- Installing: /home/jloy/Desktop/robot-arm/dofbot_ws/install_color_sorting/dofbot_interface/include/dofbot_interface/dofbot_interface/msg/detail/image_msg__functions.c
[3.279s] -- Installing: /home/jloy/Desktop/robot-arm/dofbot_ws/install_color_sorting/dofbot_interface/include/dofbot_interface/dofbot_interface/msg/detail/joint_info__struct.h
[3.279s] -- Installing: /home/jloy/Desktop/robot-arm/dofbot_ws/install_color_sorting/dofbot_interface/include/dofbot_interface/dofbot_interface/msg/detail/arm_joint__type_support.h
[3.279s] -- Installing: /home/jloy/Desktop/robot-arm/dofbot_ws/install_color_sorting/dofbot_interface/include/dofbot_interface/dofbot_interface/msg/detail/yolov11_detect__struct.h
[3.279s] -- Installing: /home/jloy/Desktop/robot-arm/dofbot_ws/install_color_sorting/dofbot_interface/include/dofbot_interface/dofbot_interface/msg/detail/april_tag_info__functions.c
[3.279s] -- Installing: /home/jloy/Desktop/robot-arm/dofbot_ws/install_color_sorting/dofbot_interface/include/dofbot_interface/dofbot_interface/msg/detail/april_tag_info__type_support.h
[3.279s] -- Installing: /home/jloy/Desktop/robot-arm/dofbot_ws/install_color_sorting/dofbot_interface/include/dofbot_interface/dofbot_interface/msg/detail/pos_info__type_support.h
[3.279s] -- Installing: /home/jloy/Desktop/robot-arm/dofbot_ws/install_color_sorting/dofbot_interface/include/dofbot_interface/dofbot_interface/msg/detail/joint_info__functions.h
[3.279s] -- Installing: /home/jloy/Desktop/robot-arm/dofbot_ws/install_color_sorting/dofbot_interface/include/dofbot_interface/dofbot_interface/msg/detail/arm_joint__struct.h
[3.279s] -- Installing: /home/jloy/Desktop/robot-arm/dofbot_ws/install_color_sorting/dofbot_interface/include/dofbot_interface/dofbot_interface/msg/detail/april_tag_info__functions.h
[3.280s] -- Installing: /home/jloy/Desktop/robot-arm/dofbot_ws/install_color_sorting/dofbot_interface/include/dofbot_interface/dofbot_interface/msg/detail/yolov11_detect__functions.h
[3.280s] -- Installing: /home/jloy/Desktop/robot-arm/dofbot_ws/install_color_sorting/dofbot_interface/include/dofbot_interface/dofbot_interface/msg/detail/arm_joint__functions.c
[3.280s] -- Installing: /home/jloy/Desktop/robot-arm/dofbot_ws/install_color_sorting/dofbot_interface/include/dofbot_interface/dofbot_interface/msg/detail/position__functions.c
[3.280s] -- Installing: /home/jloy/Desktop/robot-arm/dofbot_ws/install_color_sorting/dofbot_interface/include/dofbot_interface/dofbot_interface/msg/detail/image_msg__type_support.h
[3.280s] -- Installing: /home/jloy/Desktop/robot-arm/dofbot_ws/install_color_sorting/dofbot_interface/include/dofbot_interface/dofbot_interface/msg/detail/width_info__struct.h
[3.280s] -- Installing: /home/jloy/Desktop/robot-arm/dofbot_ws/install_color_sorting/dofbot_interface/include/dofbot_interface/dofbot_interface/msg/detail/yolov11_detect__functions.c
[3.280s] -- Installing: /home/jloy/Desktop/robot-arm/dofbot_ws/install_color_sorting/dofbot_interface/include/dofbot_interface/dofbot_interface/msg/yolov11_detect.h
[3.280s] -- Installing: /home/jloy/Desktop/robot-arm/dofbot_ws/install_color_sorting/dofbot_interface/include/dofbot_interface/dofbot_interface/msg/arm_joint.h
[3.280s] -- Installing: /home/jloy/Desktop/robot-arm/dofbot_ws/install_color_sorting/dofbot_interface/include/dofbot_interface/dofbot_interface/msg/rosidl_generator_c__visibility_control.h
[3.280s] -- Installing: /home/jloy/Desktop/robot-arm/dofbot_ws/install_color_sorting/dofbot_interface/include/dofbot_interface/dofbot_interface/msg/position.h
[3.280s] -- Installing: /home/jloy/Desktop/robot-arm/dofbot_ws/install_color_sorting/dofbot_interface/include/dofbot_interface/dofbot_interface/msg/image_msg.h
[3.280s] -- Installing: /home/jloy/Desktop/robot-arm/dofbot_ws/install_color_sorting/dofbot_interface/include/dofbot_interface/dofbot_interface/msg/april_tag_info.h
[3.280s] -- Installing: /home/jloy/Desktop/robot-arm/dofbot_ws/install_color_sorting/dofbot_interface/include/dofbot_interface/dofbot_interface/msg/pos_info.h
[3.280s] -- Installing: /home/jloy/Desktop/robot-arm/dofbot_ws/install_color_sorting/dofbot_interface/include/dofbot_interface/dofbot_interface/msg/width_info.h
[3.280s] -- Installing: /home/jloy/Desktop/robot-arm/dofbot_ws/install_color_sorting/dofbot_interface/include/dofbot_interface/dofbot_interface/srv
[3.280s] -- Installing: /home/jloy/Desktop/robot-arm/dofbot_ws/install_color_sorting/dofbot_interface/include/dofbot_interface/dofbot_interface/srv/cur_joint.h
[3.280s] -- Installing: /home/jloy/Desktop/robot-arm/dofbot_ws/install_color_sorting/dofbot_interface/include/dofbot_interface/dofbot_interface/srv/dofbot_pro_kinemarics.h
[3.280s] -- Installing: /home/jloy/Desktop/robot-arm/dofbot_ws/install_color_sorting/dofbot_interface/include/dofbot_interface/dofbot_interface/srv/detail
[3.280s] -- Installing: /home/jloy/Desktop/robot-arm/dofbot_ws/install_color_sorting/dofbot_interface/include/dofbot_interface/dofbot_interface/srv/detail/kinemarics__functions.h
[3.281s] -- Installing: /home/jloy/Desktop/robot-arm/dofbot_ws/install_color_sorting/dofbot_interface/include/dofbot_interface/dofbot_interface/srv/detail/cur_joint__functions.c
[3.281s] -- Installing: /home/jloy/Desktop/robot-arm/dofbot_ws/install_color_sorting/dofbot_interface/include/dofbot_interface/dofbot_interface/srv/detail/cur_joint__struct.h
[3.281s] -- Installing: /home/jloy/Desktop/robot-arm/dofbot_ws/install_color_sorting/dofbot_interface/include/dofbot_interface/dofbot_interface/srv/detail/kinemarics__struct.h
[3.281s] -- Installing: /home/jloy/Desktop/robot-arm/dofbot_ws/install_color_sorting/dofbot_interface/include/dofbot_interface/dofbot_interface/srv/detail/kinemarics__functions.c
[3.281s] -- Installing: /home/jloy/Desktop/robot-arm/dofbot_ws/install_color_sorting/dofbot_interface/include/dofbot_interface/dofbot_interface/srv/detail/kinemarics__type_support.h
[3.281s] -- Installing: /home/jloy/Desktop/robot-arm/dofbot_ws/install_color_sorting/dofbot_interface/include/dofbot_interface/dofbot_interface/srv/detail/cur_joint__functions.h
[3.281s] -- Installing: /home/jloy/Desktop/robot-arm/dofbot_ws/install_color_sorting/dofbot_interface/include/dofbot_interface/dofbot_interface/srv/detail/dofbot_pro_kinemarics__functions.h
[3.281s] -- Installing: /home/jloy/Desktop/robot-arm/dofbot_ws/install_color_sorting/dofbot_interface/include/dofbot_interface/dofbot_interface/srv/detail/dofbot_pro_kinemarics__functions.c
[3.281s] -- Installing: /home/jloy/Desktop/robot-arm/dofbot_ws/install_color_sorting/dofbot_interface/include/dofbot_interface/dofbot_interface/srv/detail/dofbot_pro_kinemarics__type_support.h
[3.282s] -- Installing: /home/jloy/Desktop/robot-arm/dofbot_ws/install_color_sorting/dofbot_interface/include/dofbot_interface/dofbot_interface/srv/detail/cur_joint__type_support.h
[3.282s] -- Installing: /home/jloy/Desktop/robot-arm/dofbot_ws/install_color_sorting/dofbot_interface/include/dofbot_interface/dofbot_interface/srv/detail/dofbot_pro_kinemarics__struct.h
[3.282s] -- Installing: /home/jloy/Desktop/robot-arm/dofbot_ws/install_color_sorting/dofbot_interface/include/dofbot_interface/dofbot_interface/srv/kinemarics.h
[3.282s] -- Installing: /home/jloy/Desktop/robot-arm/dofbot_ws/install_color_sorting/dofbot_interface/share/dofbot_interface/environment/library_path.sh
[3.282s] -- Installing: /home/jloy/Desktop/robot-arm/dofbot_ws/install_color_sorting/dofbot_interface/share/dofbot_interface/environment/library_path.dsv
[3.282s] -- Installing: /home/jloy/Desktop/robot-arm/dofbot_ws/install_color_sorting/dofbot_interface/lib/libdofbot_interface__rosidl_generator_c.so
[3.282s] -- Set runtime path of "/home/jloy/Desktop/robot-arm/dofbot_ws/install_color_sorting/dofbot_interface/lib/libdofbot_interface__rosidl_generator_c.so" to ""
[3.282s] -- Up-to-date: /home/jloy/Desktop/robot-arm/dofbot_ws/install_color_sorting/dofbot_interface/include/dofbot_interface/dofbot_interface
[3.282s] -- Up-to-date: /home/jloy/Desktop/robot-arm/dofbot_ws/install_color_sorting/dofbot_interface/include/dofbot_interface/dofbot_interface/msg
[3.283s] -- Installing: /home/jloy/Desktop/robot-arm/dofbot_ws/install_color_sorting/dofbot_interface/include/dofbot_interface/dofbot_interface/msg/rosidl_typesupport_fastrtps_c__visibility_control.h
[3.283s] -- Up-to-date: /home/jloy/Desktop/robot-arm/dofbot_ws/install_color_sorting/dofbot_interface/include/dofbot_interface/dofbot_interface/msg/detail
[3.283s] -- Installing: /home/jloy/Desktop/robot-arm/dofbot_ws/install_color_sorting/dofbot_interface/include/dofbot_interface/dofbot_interface/msg/detail/position__rosidl_typesupport_fastrtps_c.h
[3.283s] -- Installing: /home/jloy/Desktop/robot-arm/dofbot_ws/install_color_sorting/dofbot_interface/include/dofbot_interface/dofbot_interface/msg/detail/image_msg__rosidl_typesupport_fastrtps_c.h
[3.283s] -- Installing: /home/jloy/Desktop/robot-arm/dofbot_ws/install_color_sorting/dofbot_interface/include/dofbot_interface/dofbot_interface/msg/detail/april_tag_info__rosidl_typesupport_fastrtps_c.h
[3.283s] -- Installing: /home/jloy/Desktop/robot-arm/dofbot_ws/install_color_sorting/dofbot_interface/include/dofbot_interface/dofbot_interface/msg/detail/width_info__rosidl_typesupport_fastrtps_c.h
[3.283s] -- Installing: /home/jloy/Desktop/robot-arm/dofbot_ws/install_color_sorting/dofbot_interface/include/dofbot_interface/dofbot_interface/msg/detail/pos_info__rosidl_typesupport_fastrtps_c.h
[3.283s] -- Installing: /home/jloy/Desktop/robot-arm/dofbot_ws/install_color_sorting/dofbot_interface/include/dofbot_interface/dofbot_interface/msg/detail/arm_joint__rosidl_typesupport_fastrtps_c.h
[3.283s] -- Installing: /home/jloy/Desktop/robot-arm/dofbot_ws/install_color_sorting/dofbot_interface/include/dofbot_interface/dofbot_interface/msg/detail/joint_info__rosidl_typesupport_fastrtps_c.h
[3.283s] -- Installing: /home/jloy/Desktop/robot-arm/dofbot_ws/install_color_sorting/dofbot_interface/include/dofbot_interface/dofbot_interface/msg/detail/yolov11_detect__rosidl_typesupport_fastrtps_c.h
[3.283s] -- Up-to-date: /home/jloy/Desktop/robot-arm/dofbot_ws/install_color_sorting/dofbot_interface/include/dofbot_interface/dofbot_interface/srv
[3.284s] -- Up-to-date: /home/jloy/Desktop/robot-arm/dofbot_ws/install_color_sorting/dofbot_interface/include/dofbot_interface/dofbot_interface/srv/detail
[3.284s] -- Installing: /home/jloy/Desktop/robot-arm/dofbot_ws/install_color_sorting/dofbot_interface/include/dofbot_interface/dofbot_interface/srv/detail/dofbot_pro_kinemarics__rosidl_typesupport_fastrtps_c.h
[3.284s] -- Installing: /home/jloy/Desktop/robot-arm/dofbot_ws/install_color_sorting/dofbot_interface/include/dofbot_interface/dofbot_interface/srv/detail/cur_joint__rosidl_typesupport_fastrtps_c.h
[3.284s] -- Installing: /home/jloy/Desktop/robot-arm/dofbot_ws/install_color_sorting/dofbot_interface/include/dofbot_interface/dofbot_interface/srv/detail/kinemarics__rosidl_typesupport_fastrtps_c.h
[3.284s] -- Installing: /home/jloy/Desktop/robot-arm/dofbot_ws/install_color_sorting/dofbot_interface/lib/libdofbot_interface__rosidl_typesupport_fastrtps_c.so
[3.284s] -- Set runtime path of "/home/jloy/Desktop/robot-arm/dofbot_ws/install_color_sorting/dofbot_interface/lib/libdofbot_interface__rosidl_typesupport_fastrtps_c.so" to ""
[3.284s] -- Up-to-date: /home/jloy/Desktop/robot-arm/dofbot_ws/install_color_sorting/dofbot_interface/include/dofbot_interface/dofbot_interface
[3.284s] -- Up-to-date: /home/jloy/Desktop/robot-arm/dofbot_ws/install_color_sorting/dofbot_interface/include/dofbot_interface/dofbot_interface/msg
[3.284s] -- Installing: /home/jloy/Desktop/robot-arm/dofbot_ws/install_color_sorting/dofbot_interface/include/dofbot_interface/dofbot_interface/msg/pos_info.hpp
[3.284s] -- Installing: /home/jloy/Desktop/robot-arm/dofbot_ws/install_color_sorting/dofbot_interface/include/dofbot_interface/dofbot_interface/msg/rosidl_generator_cpp__visibility_control.hpp
[3.284s] -- Installing: /home/jloy/Desktop/robot-arm/dofbot_ws/install_color_sorting/dofbot_interface/include/dofbot_interface/dofbot_interface/msg/april_tag_info.hpp
[3.284s] -- Installing: /home/jloy/Desktop/robot-arm/dofbot_ws/install_color_sorting/dofbot_interface/include/dofbot_interface/dofbot_interface/msg/width_info.hpp
[3.284s] -- Up-to-date: /home/jloy/Desktop/robot-arm/dofbot_ws/install_color_sorting/dofbot_interface/include/dofbot_interface/dofbot_interface/msg/detail
[3.284s] -- Installing: /home/jloy/Desktop/robot-arm/dofbot_ws/install_color_sorting/dofbot_interface/include/dofbot_interface/dofbot_interface/msg/detail/joint_info__struct.hpp
[3.284s] -- Installing: /home/jloy/Desktop/robot-arm/dofbot_ws/install_color_sorting/dofbot_interface/include/dofbot_interface/dofbot_interface/msg/detail/arm_joint__type_support.hpp
[3.284s] -- Installing: /home/jloy/Desktop/robot-arm/dofbot_ws/install_color_sorting/dofbot_interface/include/dofbot_interface/dofbot_interface/msg/detail/width_info__type_support.hpp
[3.284s] -- Installing: /home/jloy/Desktop/robot-arm/dofbot_ws/install_color_sorting/dofbot_interface/include/dofbot_interface/dofbot_interface/msg/detail/position__type_support.hpp
[3.284s] -- Installing: /home/jloy/Desktop/robot-arm/dofbot_ws/install_color_sorting/dofbot_interface/include/dofbot_interface/dofbot_interface/msg/detail/april_tag_info__traits.hpp
[3.284s] -- Installing: /home/jloy/Desktop/robot-arm/dofbot_ws/install_color_sorting/dofbot_interface/include/dofbot_interface/dofbot_interface/msg/detail/width_info__traits.hpp
[3.284s] -- Installing: /home/jloy/Desktop/robot-arm/dofbot_ws/install_color_sorting/dofbot_interface/include/dofbot_interface/dofbot_interface/msg/detail/position__traits.hpp
[3.284s] -- Installing: /home/jloy/Desktop/robot-arm/dofbot_ws/install_color_sorting/dofbot_interface/include/dofbot_interface/dofbot_interface/msg/detail/position__struct.hpp
[3.284s] -- Installing: /home/jloy/Desktop/robot-arm/dofbot_ws/install_color_sorting/dofbot_interface/include/dofbot_interface/dofbot_interface/msg/detail/width_info__struct.hpp
[3.284s] -- Installing: /home/jloy/Desktop/robot-arm/dofbot_ws/install_color_sorting/dofbot_interface/include/dofbot_interface/dofbot_interface/msg/detail/arm_joint__builder.hpp
[3.285s] -- Installing: /home/jloy/Desktop/robot-arm/dofbot_ws/install_color_sorting/dofbot_interface/include/dofbot_interface/dofbot_interface/msg/detail/width_info__builder.hpp
[3.285s] -- Installing: /home/jloy/Desktop/robot-arm/dofbot_ws/install_color_sorting/dofbot_interface/include/dofbot_interface/dofbot_interface/msg/detail/joint_info__type_support.hpp
[3.285s] -- Installing: /home/jloy/Desktop/robot-arm/dofbot_ws/install_color_sorting/dofbot_interface/include/dofbot_interface/dofbot_interface/msg/detail/pos_info__traits.hpp
[3.285s] -- Installing: /home/jloy/Desktop/robot-arm/dofbot_ws/install_color_sorting/dofbot_interface/include/dofbot_interface/dofbot_interface/msg/detail/image_msg__traits.hpp
[3.285s] -- Installing: /home/jloy/Desktop/robot-arm/dofbot_ws/install_color_sorting/dofbot_interface/include/dofbot_interface/dofbot_interface/msg/detail/joint_info__builder.hpp
[3.285s] -- Installing: /home/jloy/Desktop/robot-arm/dofbot_ws/install_color_sorting/dofbot_interface/include/dofbot_interface/dofbot_interface/msg/detail/image_msg__type_support.hpp
[3.285s] -- Installing: /home/jloy/Desktop/robot-arm/dofbot_ws/install_color_sorting/dofbot_interface/include/dofbot_interface/dofbot_interface/msg/detail/april_tag_info__builder.hpp
[3.285s] -- Installing: /home/jloy/Desktop/robot-arm/dofbot_ws/install_color_sorting/dofbot_interface/include/dofbot_interface/dofbot_interface/msg/detail/yolov11_detect__traits.hpp
[3.285s] -- Installing: /home/jloy/Desktop/robot-arm/dofbot_ws/install_color_sorting/dofbot_interface/include/dofbot_interface/dofbot_interface/msg/detail/yolov11_detect__builder.hpp
[3.285s] -- Installing: /home/jloy/Desktop/robot-arm/dofbot_ws/install_color_sorting/dofbot_interface/include/dofbot_interface/dofbot_interface/msg/detail/pos_info__struct.hpp
[3.285s] -- Installing: /home/jloy/Desktop/robot-arm/dofbot_ws/install_color_sorting/dofbot_interface/include/dofbot_interface/dofbot_interface/msg/detail/pos_info__builder.hpp
[3.285s] -- Installing: /home/jloy/Desktop/robot-arm/dofbot_ws/install_color_sorting/dofbot_interface/include/dofbot_interface/dofbot_interface/msg/detail/april_tag_info__type_support.hpp
[3.285s] -- Installing: /home/jloy/Desktop/robot-arm/dofbot_ws/install_color_sorting/dofbot_interface/include/dofbot_interface/dofbot_interface/msg/detail/arm_joint__struct.hpp
[3.285s] -- Installing: /home/jloy/Desktop/robot-arm/dofbot_ws/install_color_sorting/dofbot_interface/include/dofbot_interface/dofbot_interface/msg/detail/image_msg__builder.hpp
[3.285s] -- Installing: /home/jloy/Desktop/robot-arm/dofbot_ws/install_color_sorting/dofbot_interface/include/dofbot_interface/dofbot_interface/msg/detail/position__builder.hpp
[3.286s] -- Installing: /home/jloy/Desktop/robot-arm/dofbot_ws/install_color_sorting/dofbot_interface/include/dofbot_interface/dofbot_interface/msg/detail/yolov11_detect__type_support.hpp
[3.286s] -- Installing: /home/jloy/Desktop/robot-arm/dofbot_ws/install_color_sorting/dofbot_interface/include/dofbot_interface/dofbot_interface/msg/detail/yolov11_detect__struct.hpp
[3.286s] -- Installing: /home/jloy/Desktop/robot-arm/dofbot_ws/install_color_sorting/dofbot_interface/include/dofbot_interface/dofbot_interface/msg/detail/joint_info__traits.hpp
[3.286s] -- Installing: /home/jloy/Desktop/robot-arm/dofbot_ws/install_color_sorting/dofbot_interface/include/dofbot_interface/dofbot_interface/msg/detail/pos_info__type_support.hpp
[3.286s] -- Installing: /home/jloy/Desktop/robot-arm/dofbot_ws/install_color_sorting/dofbot_interface/include/dofbot_interface/dofbot_interface/msg/detail/arm_joint__traits.hpp
[3.286s] -- Installing: /home/jloy/Desktop/robot-arm/dofbot_ws/install_color_sorting/dofbot_interface/include/dofbot_interface/dofbot_interface/msg/detail/image_msg__struct.hpp
[3.286s] -- Installing: /home/jloy/Desktop/robot-arm/dofbot_ws/install_color_sorting/dofbot_interface/include/dofbot_interface/dofbot_interface/msg/detail/april_tag_info__struct.hpp
[3.286s] -- Installing: /home/jloy/Desktop/robot-arm/dofbot_ws/install_color_sorting/dofbot_interface/include/dofbot_interface/dofbot_interface/msg/arm_joint.hpp
[3.286s] -- Installing: /home/jloy/Desktop/robot-arm/dofbot_ws/install_color_sorting/dofbot_interface/include/dofbot_interface/dofbot_interface/msg/position.hpp
[3.286s] -- Installing: /home/jloy/Desktop/robot-arm/dofbot_ws/install_color_sorting/dofbot_interface/include/dofbot_interface/dofbot_interface/msg/yolov11_detect.hpp
[3.286s] -- Installing: /home/jloy/Desktop/robot-arm/dofbot_ws/install_color_sorting/dofbot_interface/include/dofbot_interface/dofbot_interface/msg/joint_info.hpp
[3.286s] -- Installing: /home/jloy/Desktop/robot-arm/dofbot_ws/install_color_sorting/dofbot_interface/include/dofbot_interface/dofbot_interface/msg/image_msg.hpp
[3.286s] -- Up-to-date: /home/jloy/Desktop/robot-arm/dofbot_ws/install_color_sorting/dofbot_interface/include/dofbot_interface/dofbot_interface/srv
[3.286s] -- Installing: /home/jloy/Desktop/robot-arm/dofbot_ws/install_color_sorting/dofbot_interface/include/dofbot_interface/dofbot_interface/srv/cur_joint.hpp
[3.286s] -- Up-to-date: /home/jloy/Desktop/robot-arm/dofbot_ws/install_color_sorting/dofbot_interface/include/dofbot_interface/dofbot_interface/srv/detail
[3.287s] -- Installing: /home/jloy/Desktop/robot-arm/dofbot_ws/install_color_sorting/dofbot_interface/include/dofbot_interface/dofbot_interface/srv/detail/kinemarics__type_support.hpp
[3.287s] -- Installing: /home/jloy/Desktop/robot-arm/dofbot_ws/install_color_sorting/dofbot_interface/include/dofbot_interface/dofbot_interface/srv/detail/kinemarics__traits.hpp
[3.287s] -- Installing: /home/jloy/Desktop/robot-arm/dofbot_ws/install_color_sorting/dofbot_interface/include/dofbot_interface/dofbot_interface/srv/detail/dofbot_pro_kinemarics__type_support.hpp
[3.287s] -- Installing: /home/jloy/Desktop/robot-arm/dofbot_ws/install_color_sorting/dofbot_interface/include/dofbot_interface/dofbot_interface/srv/detail/cur_joint__struct.hpp
[3.287s] -- Installing: /home/jloy/Desktop/robot-arm/dofbot_ws/install_color_sorting/dofbot_interface/include/dofbot_interface/dofbot_interface/srv/detail/cur_joint__traits.hpp
[3.287s] -- Installing: /home/jloy/Desktop/robot-arm/dofbot_ws/install_color_sorting/dofbot_interface/include/dofbot_interface/dofbot_interface/srv/detail/kinemarics__struct.hpp
[3.287s] -- Installing: /home/jloy/Desktop/robot-arm/dofbot_ws/install_color_sorting/dofbot_interface/include/dofbot_interface/dofbot_interface/srv/detail/dofbot_pro_kinemarics__struct.hpp
[3.287s] -- Installing: /home/jloy/Desktop/robot-arm/dofbot_ws/install_color_sorting/dofbot_interface/include/dofbot_interface/dofbot_interface/srv/detail/cur_joint__type_support.hpp
[3.287s] -- Installing: /home/jloy/Desktop/robot-arm/dofbot_ws/install_color_sorting/dofbot_interface/include/dofbot_interface/dofbot_interface/srv/detail/kinemarics__builder.hpp
[3.287s] -- Installing: /home/jloy/Desktop/robot-arm/dofbot_ws/install_color_sorting/dofbot_interface/include/dofbot_interface/dofbot_interface/srv/detail/dofbot_pro_kinemarics__traits.hpp
[3.287s] -- Installing: /home/jloy/Desktop/robot-arm/dofbot_ws/install_color_sorting/dofbot_interface/include/dofbot_interface/dofbot_interface/srv/detail/dofbot_pro_kinemarics__builder.hpp
[3.287s] -- Installing: /home/jloy/Desktop/robot-arm/dofbot_ws/install_color_sorting/dofbot_interface/include/dofbot_interface/dofbot_interface/srv/detail/cur_joint__builder.hpp
[3.287s] -- Installing: /home/jloy/Desktop/robot-arm/dofbot_ws/install_color_sorting/dofbot_interface/include/dofbot_interface/dofbot_interface/srv/dofbot_pro_kinemarics.hpp
[3.287s] -- Installing: /home/jloy/Desktop/robot-arm/dofbot_ws/install_color_sorting/dofbot_interface/include/dofbot_interface/dofbot_interface/srv/kinemarics.hpp
[3.287s] -- Up-to-date: /home/jloy/Desktop/robot-arm/dofbot_ws/install_color_sorting/dofbot_interface/include/dofbot_interface/dofbot_interface
[3.287s] -- Up-to-date: /home/jloy/Desktop/robot-arm/dofbot_ws/install_color_sorting/dofbot_interface/include/dofbot_interface/dofbot_interface/msg
[3.287s] -- Installing: /home/jloy/Desktop/robot-arm/dofbot_ws/install_color_sorting/dofbot_interface/include/dofbot_interface/dofbot_interface/msg/rosidl_typesupport_fastrtps_cpp__visibility_control.h
[3.288s] -- Up-to-date: /home/jloy/Desktop/robot-arm/dofbot_ws/install_color_sorting/dofbot_interface/include/dofbot_interface/dofbot_interface/msg/detail
[3.288s] -- Installing: /home/jloy/Desktop/robot-arm/dofbot_ws/install_color_sorting/dofbot_interface/include/dofbot_interface/dofbot_interface/msg/detail/yolov11_detect__rosidl_typesupport_fastrtps_cpp.hpp
[3.288s] -- Installing: /home/jloy/Desktop/robot-arm/dofbot_ws/install_color_sorting/dofbot_interface/include/dofbot_interface/dofbot_interface/msg/detail/april_tag_info__rosidl_typesupport_fastrtps_cpp.hpp
[3.288s] -- Installing: /home/jloy/Desktop/robot-arm/dofbot_ws/install_color_sorting/dofbot_interface/include/dofbot_interface/dofbot_interface/msg/detail/width_info__rosidl_typesupport_fastrtps_cpp.hpp
[3.288s] -- Installing: /home/jloy/Desktop/robot-arm/dofbot_ws/install_color_sorting/dofbot_interface/include/dofbot_interface/dofbot_interface/msg/detail/pos_info__rosidl_typesupport_fastrtps_cpp.hpp
[3.288s] -- Installing: /home/jloy/Desktop/robot-arm/dofbot_ws/install_color_sorting/dofbot_interface/include/dofbot_interface/dofbot_interface/msg/detail/position__rosidl_typesupport_fastrtps_cpp.hpp
[3.288s] -- Installing: /home/jloy/Desktop/robot-arm/dofbot_ws/install_color_sorting/dofbot_interface/include/dofbot_interface/dofbot_interface/msg/detail/arm_joint__rosidl_typesupport_fastrtps_cpp.hpp
[3.288s] -- Installing: /home/jloy/Desktop/robot-arm/dofbot_ws/install_color_sorting/dofbot_interface/include/dofbot_interface/dofbot_interface/msg/detail/image_msg__rosidl_typesupport_fastrtps_cpp.hpp
[3.288s] -- Installing: /home/jloy/Desktop/robot-arm/dofbot_ws/install_color_sorting/dofbot_interface/include/dofbot_interface/dofbot_interface/msg/detail/joint_info__rosidl_typesupport_fastrtps_cpp.hpp
[3.288s] -- Installing: /home/jloy/Desktop/robot-arm/dofbot_ws/install_color_sorting/dofbot_interface/include/dofbot_interface/dofbot_interface/msg/detail/dds_fastrtps
[3.288s] -- Up-to-date: /home/jloy/Desktop/robot-arm/dofbot_ws/install_color_sorting/dofbot_interface/include/dofbot_interface/dofbot_interface/srv
[3.288s] -- Up-to-date: /home/jloy/Desktop/robot-arm/dofbot_ws/install_color_sorting/dofbot_interface/include/dofbot_interface/dofbot_interface/srv/detail
[3.288s] -- Installing: /home/jloy/Desktop/robot-arm/dofbot_ws/install_color_sorting/dofbot_interface/include/dofbot_interface/dofbot_interface/srv/detail/cur_joint__rosidl_typesupport_fastrtps_cpp.hpp
[3.288s] -- Installing: /home/jloy/Desktop/robot-arm/dofbot_ws/install_color_sorting/dofbot_interface/include/dofbot_interface/dofbot_interface/srv/detail/dofbot_pro_kinemarics__rosidl_typesupport_fastrtps_cpp.hpp
[3.288s] -- Installing: /home/jloy/Desktop/robot-arm/dofbot_ws/install_color_sorting/dofbot_interface/include/dofbot_interface/dofbot_interface/srv/detail/kinemarics__rosidl_typesupport_fastrtps_cpp.hpp
[3.288s] -- Installing: /home/jloy/Desktop/robot-arm/dofbot_ws/install_color_sorting/dofbot_interface/include/dofbot_interface/dofbot_interface/srv/detail/dds_fastrtps
[3.288s] -- Installing: /home/jloy/Desktop/robot-arm/dofbot_ws/install_color_sorting/dofbot_interface/lib/libdofbot_interface__rosidl_typesupport_fastrtps_cpp.so
[3.288s] -- Set runtime path of "/home/jloy/Desktop/robot-arm/dofbot_ws/install_color_sorting/dofbot_interface/lib/libdofbot_interface__rosidl_typesupport_fastrtps_cpp.so" to ""
[3.288s] -- Up-to-date: /home/jloy/Desktop/robot-arm/dofbot_ws/install_color_sorting/dofbot_interface/include/dofbot_interface/dofbot_interface
[3.288s] -- Up-to-date: /home/jloy/Desktop/robot-arm/dofbot_ws/install_color_sorting/dofbot_interface/include/dofbot_interface/dofbot_interface/msg
[3.288s] -- Installing: /home/jloy/Desktop/robot-arm/dofbot_ws/install_color_sorting/dofbot_interface/include/dofbot_interface/dofbot_interface/msg/rosidl_typesupport_introspection_c__visibility_control.h
[3.288s] -- Up-to-date: /home/jloy/Desktop/robot-arm/dofbot_ws/install_color_sorting/dofbot_interface/include/dofbot_interface/dofbot_interface/msg/detail
[3.289s] -- Installing: /home/jloy/Desktop/robot-arm/dofbot_ws/install_color_sorting/dofbot_interface/include/dofbot_interface/dofbot_interface/msg/detail/yolov11_detect__rosidl_typesupport_introspection_c.h
[3.289s] -- Installing: /home/jloy/Desktop/robot-arm/dofbot_ws/install_color_sorting/dofbot_interface/include/dofbot_interface/dofbot_interface/msg/detail/pos_info__type_support.c
[3.289s] -- Installing: /home/jloy/Desktop/robot-arm/dofbot_ws/install_color_sorting/dofbot_interface/include/dofbot_interface/dofbot_interface/msg/detail/joint_info__rosidl_typesupport_introspection_c.h
[3.289s] -- Installing: /home/jloy/Desktop/robot-arm/dofbot_ws/install_color_sorting/dofbot_interface/include/dofbot_interface/dofbot_interface/msg/detail/joint_info__type_support.c
[3.289s] -- Installing: /home/jloy/Desktop/robot-arm/dofbot_ws/install_color_sorting/dofbot_interface/include/dofbot_interface/dofbot_interface/msg/detail/april_tag_info__rosidl_typesupport_introspection_c.h
[3.289s] -- Installing: /home/jloy/Desktop/robot-arm/dofbot_ws/install_color_sorting/dofbot_interface/include/dofbot_interface/dofbot_interface/msg/detail/arm_joint__rosidl_typesupport_introspection_c.h
[3.289s] -- Installing: /home/jloy/Desktop/robot-arm/dofbot_ws/install_color_sorting/dofbot_interface/include/dofbot_interface/dofbot_interface/msg/detail/arm_joint__type_support.c
[3.289s] -- Installing: /home/jloy/Desktop/robot-arm/dofbot_ws/install_color_sorting/dofbot_interface/include/dofbot_interface/dofbot_interface/msg/detail/image_msg__type_support.c
[3.289s] -- Installing: /home/jloy/Desktop/robot-arm/dofbot_ws/install_color_sorting/dofbot_interface/include/dofbot_interface/dofbot_interface/msg/detail/width_info__rosidl_typesupport_introspection_c.h
[3.289s] -- Installing: /home/jloy/Desktop/robot-arm/dofbot_ws/install_color_sorting/dofbot_interface/include/dofbot_interface/dofbot_interface/msg/detail/image_msg__rosidl_typesupport_introspection_c.h
[3.289s] -- Installing: /home/jloy/Desktop/robot-arm/dofbot_ws/install_color_sorting/dofbot_interface/include/dofbot_interface/dofbot_interface/msg/detail/position__type_support.c
[3.289s] -- Installing: /home/jloy/Desktop/robot-arm/dofbot_ws/install_color_sorting/dofbot_interface/include/dofbot_interface/dofbot_interface/msg/detail/pos_info__rosidl_typesupport_introspection_c.h
[3.289s] -- Installing: /home/jloy/Desktop/robot-arm/dofbot_ws/install_color_sorting/dofbot_interface/include/dofbot_interface/dofbot_interface/msg/detail/position__rosidl_typesupport_introspection_c.h
[3.289s] -- Installing: /home/jloy/Desktop/robot-arm/dofbot_ws/install_color_sorting/dofbot_interface/include/dofbot_interface/dofbot_interface/msg/detail/april_tag_info__type_support.c
[3.289s] -- Installing: /home/jloy/Desktop/robot-arm/dofbot_ws/install_color_sorting/dofbot_interface/include/dofbot_interface/dofbot_interface/msg/detail/width_info__type_support.c
[3.289s] -- Installing: /home/jloy/Desktop/robot-arm/dofbot_ws/install_color_sorting/dofbot_interface/include/dofbot_interface/dofbot_interface/msg/detail/yolov11_detect__type_support.c
[3.289s] -- Up-to-date: /home/jloy/Desktop/robot-arm/dofbot_ws/install_color_sorting/dofbot_interface/include/dofbot_interface/dofbot_interface/srv
[3.289s] -- Up-to-date: /home/jloy/Desktop/robot-arm/dofbot_ws/install_color_sorting/dofbot_interface/include/dofbot_interface/dofbot_interface/srv/detail
[3.289s] -- Installing: /home/jloy/Desktop/robot-arm/dofbot_ws/install_color_sorting/dofbot_interface/include/dofbot_interface/dofbot_interface/srv/detail/dofbot_pro_kinemarics__type_support.c
[3.289s] -- Installing: /home/jloy/Desktop/robot-arm/dofbot_ws/install_color_sorting/dofbot_interface/include/dofbot_interface/dofbot_interface/srv/detail/kinemarics__rosidl_typesupport_introspection_c.h
[3.289s] -- Installing: /home/jloy/Desktop/robot-arm/dofbot_ws/install_color_sorting/dofbot_interface/include/dofbot_interface/dofbot_interface/srv/detail/dofbot_pro_kinemarics__rosidl_typesupport_introspection_c.h
[3.289s] -- Installing: /home/jloy/Desktop/robot-arm/dofbot_ws/install_color_sorting/dofbot_interface/include/dofbot_interface/dofbot_interface/srv/detail/kinemarics__type_support.c
[3.289s] -- Installing: /home/jloy/Desktop/robot-arm/dofbot_ws/install_color_sorting/dofbot_interface/include/dofbot_interface/dofbot_interface/srv/detail/cur_joint__type_support.c
[3.289s] -- Installing: /home/jloy/Desktop/robot-arm/dofbot_ws/install_color_sorting/dofbot_interface/include/dofbot_interface/dofbot_interface/srv/detail/cur_joint__rosidl_typesupport_introspection_c.h
[3.289s] -- Installing: /home/jloy/Desktop/robot-arm/dofbot_ws/install_color_sorting/dofbot_interface/lib/libdofbot_interface__rosidl_typesupport_introspection_c.so
[3.289s] -- Set runtime path of "/home/jloy/Desktop/robot-arm/dofbot_ws/install_color_sorting/dofbot_interface/lib/libdofbot_interface__rosidl_typesupport_introspection_c.so" to ""
[3.289s] -- Installing: /home/jloy/Desktop/robot-arm/dofbot_ws/install_color_sorting/dofbot_interface/lib/libdofbot_interface__rosidl_typesupport_c.so
[3.290s] -- Set runtime path of "/home/jloy/Desktop/robot-arm/dofbot_ws/install_color_sorting/dofbot_interface/lib/libdofbot_interface__rosidl_typesupport_c.so" to ""
[3.290s] -- Up-to-date: /home/jloy/Desktop/robot-arm/dofbot_ws/install_color_sorting/dofbot_interface/include/dofbot_interface/dofbot_interface
[3.290s] -- Up-to-date: /home/jloy/Desktop/robot-arm/dofbot_ws/install_color_sorting/dofbot_interface/include/dofbot_interface/dofbot_interface/msg
[3.290s] -- Up-to-date: /home/jloy/Desktop/robot-arm/dofbot_ws/install_color_sorting/dofbot_interface/include/dofbot_interface/dofbot_interface/msg/detail
[3.290s] -- Installing: /home/jloy/Desktop/robot-arm/dofbot_ws/install_color_sorting/dofbot_interface/include/dofbot_interface/dofbot_interface/msg/detail/pos_info__rosidl_typesupport_introspection_cpp.hpp
[3.290s] -- Installing: /home/jloy/Desktop/robot-arm/dofbot_ws/install_color_sorting/dofbot_interface/include/dofbot_interface/dofbot_interface/msg/detail/position__rosidl_typesupport_introspection_cpp.hpp
[3.290s] -- Installing: /home/jloy/Desktop/robot-arm/dofbot_ws/install_color_sorting/dofbot_interface/include/dofbot_interface/dofbot_interface/msg/detail/joint_info__rosidl_typesupport_introspection_cpp.hpp
[3.290s] -- Installing: /home/jloy/Desktop/robot-arm/dofbot_ws/install_color_sorting/dofbot_interface/include/dofbot_interface/dofbot_interface/msg/detail/position__type_support.cpp
[3.290s] -- Installing: /home/jloy/Desktop/robot-arm/dofbot_ws/install_color_sorting/dofbot_interface/include/dofbot_interface/dofbot_interface/msg/detail/arm_joint__rosidl_typesupport_introspection_cpp.hpp
[3.290s] -- Installing: /home/jloy/Desktop/robot-arm/dofbot_ws/install_color_sorting/dofbot_interface/include/dofbot_interface/dofbot_interface/msg/detail/arm_joint__type_support.cpp
[3.290s] -- Installing: /home/jloy/Desktop/robot-arm/dofbot_ws/install_color_sorting/dofbot_interface/include/dofbot_interface/dofbot_interface/msg/detail/joint_info__type_support.cpp
[3.290s] -- Installing: /home/jloy/Desktop/robot-arm/dofbot_ws/install_color_sorting/dofbot_interface/include/dofbot_interface/dofbot_interface/msg/detail/width_info__type_support.cpp
[3.290s] -- Installing: /home/jloy/Desktop/robot-arm/dofbot_ws/install_color_sorting/dofbot_interface/include/dofbot_interface/dofbot_interface/msg/detail/yolov11_detect__type_support.cpp
[3.290s] -- Installing: /home/jloy/Desktop/robot-arm/dofbot_ws/install_color_sorting/dofbot_interface/include/dofbot_interface/dofbot_interface/msg/detail/image_msg__type_support.cpp
[3.290s] -- Installing: /home/jloy/Desktop/robot-arm/dofbot_ws/install_color_sorting/dofbot_interface/include/dofbot_interface/dofbot_interface/msg/detail/yolov11_detect__rosidl_typesupport_introspection_cpp.hpp
[3.290s] -- Installing: /home/jloy/Desktop/robot-arm/dofbot_ws/install_color_sorting/dofbot_interface/include/dofbot_interface/dofbot_interface/msg/detail/pos_info__type_support.cpp
[3.290s] -- Installing: /home/jloy/Desktop/robot-arm/dofbot_ws/install_color_sorting/dofbot_interface/include/dofbot_interface/dofbot_interface/msg/detail/width_info__rosidl_typesupport_introspection_cpp.hpp
[3.290s] -- Installing: /home/jloy/Desktop/robot-arm/dofbot_ws/install_color_sorting/dofbot_interface/include/dofbot_interface/dofbot_interface/msg/detail/april_tag_info__type_support.cpp
[3.290s] -- Installing: /home/jloy/Desktop/robot-arm/dofbot_ws/install_color_sorting/dofbot_interface/include/dofbot_interface/dofbot_interface/msg/detail/image_msg__rosidl_typesupport_introspection_cpp.hpp
[3.290s] -- Installing: /home/jloy/Desktop/robot-arm/dofbot_ws/install_color_sorting/dofbot_interface/include/dofbot_interface/dofbot_interface/msg/detail/april_tag_info__rosidl_typesupport_introspection_cpp.hpp
[3.290s] -- Up-to-date: /home/jloy/Desktop/robot-arm/dofbot_ws/install_color_sorting/dofbot_interface/include/dofbot_interface/dofbot_interface/srv
[3.290s] -- Up-to-date: /home/jloy/Desktop/robot-arm/dofbot_ws/install_color_sorting/dofbot_interface/include/dofbot_interface/dofbot_interface/srv/detail
[3.290s] -- Installing: /home/jloy/Desktop/robot-arm/dofbot_ws/install_color_sorting/dofbot_interface/include/dofbot_interface/dofbot_interface/srv/detail/kinemarics__rosidl_typesupport_introspection_cpp.hpp
[3.290s] -- Installing: /home/jloy/Desktop/robot-arm/dofbot_ws/install_color_sorting/dofbot_interface/include/dofbot_interface/dofbot_interface/srv/detail/dofbot_pro_kinemarics__rosidl_typesupport_introspection_cpp.hpp
[3.290s] -- Installing: /home/jloy/Desktop/robot-arm/dofbot_ws/install_color_sorting/dofbot_interface/include/dofbot_interface/dofbot_interface/srv/detail/cur_joint__type_support.cpp
[3.290s] -- Installing: /home/jloy/Desktop/robot-arm/dofbot_ws/install_color_sorting/dofbot_interface/include/dofbot_interface/dofbot_interface/srv/detail/dofbot_pro_kinemarics__type_support.cpp
[3.290s] -- Installing: /home/jloy/Desktop/robot-arm/dofbot_ws/install_color_sorting/dofbot_interface/include/dofbot_interface/dofbot_interface/srv/detail/kinemarics__type_support.cpp
[3.291s] -- Installing: /home/jloy/Desktop/robot-arm/dofbot_ws/install_color_sorting/dofbot_interface/include/dofbot_interface/dofbot_interface/srv/detail/cur_joint__rosidl_typesupport_introspection_cpp.hpp
[3.291s] -- Installing: /home/jloy/Desktop/robot-arm/dofbot_ws/install_color_sorting/dofbot_interface/lib/libdofbot_interface__rosidl_typesupport_introspection_cpp.so
[3.291s] -- Set runtime path of "/home/jloy/Desktop/robot-arm/dofbot_ws/install_color_sorting/dofbot_interface/lib/libdofbot_interface__rosidl_typesupport_introspection_cpp.so" to ""
[3.291s] -- Installing: /home/jloy/Desktop/robot-arm/dofbot_ws/install_color_sorting/dofbot_interface/lib/libdofbot_interface__rosidl_typesupport_cpp.so
[3.291s] -- Set runtime path of "/home/jloy/Desktop/robot-arm/dofbot_ws/install_color_sorting/dofbot_interface/lib/libdofbot_interface__rosidl_typesupport_cpp.so" to ""
[3.291s] -- Installing: /home/jloy/Desktop/robot-arm/dofbot_ws/install_color_sorting/dofbot_interface/share/dofbot_interface/environment/pythonpath.sh
[3.291s] -- Installing: /home/jloy/Desktop/robot-arm/dofbot_ws/install_color_sorting/dofbot_interface/share/dofbot_interface/environment/pythonpath.dsv
[3.291s] -- Installing: /home/jloy/Desktop/robot-arm/dofbot_ws/install_color_sorting/dofbot_interface/local/lib/python3.10/dist-packages/dofbot_interface-0.0.0-py3.10.egg-info
[3.291s] -- Installing: /home/jloy/Desktop/robot-arm/dofbot_ws/install_color_sorting/dofbot_interface/local/lib/python3.10/dist-packages/dofbot_interface-0.0.0-py3.10.egg-info/PKG-INFO
[3.291s] -- Installing: /home/jloy/Desktop/robot-arm/dofbot_ws/install_color_sorting/dofbot_interface/local/lib/python3.10/dist-packages/dofbot_interface-0.0.0-py3.10.egg-info/dependency_links.txt
[3.291s] -- Installing: /home/jloy/Desktop/robot-arm/dofbot_ws/install_color_sorting/dofbot_interface/local/lib/python3.10/dist-packages/dofbot_interface-0.0.0-py3.10.egg-info/SOURCES.txt
[3.291s] -- Installing: /home/jloy/Desktop/robot-arm/dofbot_ws/install_color_sorting/dofbot_interface/local/lib/python3.10/dist-packages/dofbot_interface-0.0.0-py3.10.egg-info/top_level.txt
[3.291s] -- Installing: /home/jloy/Desktop/robot-arm/dofbot_ws/install_color_sorting/dofbot_interface/local/lib/python3.10/dist-packages/dofbot_interface
[3.291s] -- Installing: /home/jloy/Desktop/robot-arm/dofbot_ws/install_color_sorting/dofbot_interface/local/lib/python3.10/dist-packages/dofbot_interface/dofbot_interface_s__rosidl_typesupport_introspection_c.cpython-310-x86_64-linux-gnu.so
[3.291s] -- Installing: /home/jloy/Desktop/robot-arm/dofbot_ws/install_color_sorting/dofbot_interface/local/lib/python3.10/dist-packages/dofbot_interface/msg
[3.291s] -- Installing: /home/jloy/Desktop/robot-arm/dofbot_ws/install_color_sorting/dofbot_interface/local/lib/python3.10/dist-packages/dofbot_interface/msg/_width_info_s.c
[3.291s] -- Installing: /home/jloy/Desktop/robot-arm/dofbot_ws/install_color_sorting/dofbot_interface/local/lib/python3.10/dist-packages/dofbot_interface/msg/_arm_joint_s.c
[3.291s] -- Installing: /home/jloy/Desktop/robot-arm/dofbot_ws/install_color_sorting/dofbot_interface/local/lib/python3.10/dist-packages/dofbot_interface/msg/_arm_joint.py
[3.291s] -- Installing: /home/jloy/Desktop/robot-arm/dofbot_ws/install_color_sorting/dofbot_interface/local/lib/python3.10/dist-packages/dofbot_interface/msg/_pos_info.py
[3.291s] -- Installing: /home/jloy/Desktop/robot-arm/dofbot_ws/install_color_sorting/dofbot_interface/local/lib/python3.10/dist-packages/dofbot_interface/msg/_yolov11_detect_s.c
[3.291s] -- Installing: /home/jloy/Desktop/robot-arm/dofbot_ws/install_color_sorting/dofbot_interface/local/lib/python3.10/dist-packages/dofbot_interface/msg/_yolov11_detect.py
[3.291s] -- Installing: /home/jloy/Desktop/robot-arm/dofbot_ws/install_color_sorting/dofbot_interface/local/lib/python3.10/dist-packages/dofbot_interface/msg/_joint_info.py
[3.291s] -- Installing: /home/jloy/Desktop/robot-arm/dofbot_ws/install_color_sorting/dofbot_interface/local/lib/python3.10/dist-packages/dofbot_interface/msg/_position_s.c
[3.291s] -- Installing: /home/jloy/Desktop/robot-arm/dofbot_ws/install_color_sorting/dofbot_interface/local/lib/python3.10/dist-packages/dofbot_interface/msg/_position.py
[3.291s] -- Installing: /home/jloy/Desktop/robot-arm/dofbot_ws/install_color_sorting/dofbot_interface/local/lib/python3.10/dist-packages/dofbot_interface/msg/__init__.py
[3.291s] -- Installing: /home/jloy/Desktop/robot-arm/dofbot_ws/install_color_sorting/dofbot_interface/local/lib/python3.10/dist-packages/dofbot_interface/msg/_width_info.py
[3.291s] -- Installing: /home/jloy/Desktop/robot-arm/dofbot_ws/install_color_sorting/dofbot_interface/local/lib/python3.10/dist-packages/dofbot_interface/msg/_pos_info_s.c
[3.291s] -- Installing: /home/jloy/Desktop/robot-arm/dofbot_ws/install_color_sorting/dofbot_interface/local/lib/python3.10/dist-packages/dofbot_interface/msg/_image_msg.py
[3.291s] -- Installing: /home/jloy/Desktop/robot-arm/dofbot_ws/install_color_sorting/dofbot_interface/local/lib/python3.10/dist-packages/dofbot_interface/msg/_april_tag_info_s.c
[3.291s] -- Installing: /home/jloy/Desktop/robot-arm/dofbot_ws/install_color_sorting/dofbot_interface/local/lib/python3.10/dist-packages/dofbot_interface/msg/_joint_info_s.c
[3.291s] -- Installing: /home/jloy/Desktop/robot-arm/dofbot_ws/install_color_sorting/dofbot_interface/local/lib/python3.10/dist-packages/dofbot_interface/msg/_april_tag_info.py
[3.291s] -- Installing: /home/jloy/Desktop/robot-arm/dofbot_ws/install_color_sorting/dofbot_interface/local/lib/python3.10/dist-packages/dofbot_interface/msg/_image_msg_s.c
[3.291s] -- Installing: /home/jloy/Desktop/robot-arm/dofbot_ws/install_color_sorting/dofbot_interface/local/lib/python3.10/dist-packages/dofbot_interface/_dofbot_interface_s.ep.rosidl_typesupport_fastrtps_c.c
[3.292s] -- Installing: /home/jloy/Desktop/robot-arm/dofbot_ws/install_color_sorting/dofbot_interface/local/lib/python3.10/dist-packages/dofbot_interface/_dofbot_interface_s.ep.rosidl_typesupport_c.c
[3.292s] -- Installing: /home/jloy/Desktop/robot-arm/dofbot_ws/install_color_sorting/dofbot_interface/local/lib/python3.10/dist-packages/dofbot_interface/__init__.py
[3.292s] -- Installing: /home/jloy/Desktop/robot-arm/dofbot_ws/install_color_sorting/dofbot_interface/local/lib/python3.10/dist-packages/dofbot_interface/dofbot_interface_s__rosidl_typesupport_c.cpython-310-x86_64-linux-gnu.so
[3.292s] -- Installing: /home/jloy/Desktop/robot-arm/dofbot_ws/install_color_sorting/dofbot_interface/local/lib/python3.10/dist-packages/dofbot_interface/dofbot_interface_s__rosidl_typesupport_fastrtps_c.cpython-310-x86_64-linux-gnu.so
[3.292s] -- Installing: /home/jloy/Desktop/robot-arm/dofbot_ws/install_color_sorting/dofbot_interface/local/lib/python3.10/dist-packages/dofbot_interface/_dofbot_interface_s.ep.rosidl_typesupport_introspection_c.c
[3.292s] -- Installing: /home/jloy/Desktop/robot-arm/dofbot_ws/install_color_sorting/dofbot_interface/local/lib/python3.10/dist-packages/dofbot_interface/libdofbot_interface__rosidl_generator_py.so
[3.292s] -- Installing: /home/jloy/Desktop/robot-arm/dofbot_ws/install_color_sorting/dofbot_interface/local/lib/python3.10/dist-packages/dofbot_interface/srv
[3.292s] -- Installing: /home/jloy/Desktop/robot-arm/dofbot_ws/install_color_sorting/dofbot_interface/local/lib/python3.10/dist-packages/dofbot_interface/srv/_dofbot_pro_kinemarics_s.c
[3.292s] -- Installing: /home/jloy/Desktop/robot-arm/dofbot_ws/install_color_sorting/dofbot_interface/local/lib/python3.10/dist-packages/dofbot_interface/srv/_cur_joint.py
[3.292s] -- Installing: /home/jloy/Desktop/robot-arm/dofbot_ws/install_color_sorting/dofbot_interface/local/lib/python3.10/dist-packages/dofbot_interface/srv/_kinemarics.py
[3.292s] -- Installing: /home/jloy/Desktop/robot-arm/dofbot_ws/install_color_sorting/dofbot_interface/local/lib/python3.10/dist-packages/dofbot_interface/srv/__init__.py
[3.292s] -- Installing: /home/jloy/Desktop/robot-arm/dofbot_ws/install_color_sorting/dofbot_interface/local/lib/python3.10/dist-packages/dofbot_interface/srv/_dofbot_pro_kinemarics.py
[3.292s] -- Installing: /home/jloy/Desktop/robot-arm/dofbot_ws/install_color_sorting/dofbot_interface/local/lib/python3.10/dist-packages/dofbot_interface/srv/_cur_joint_s.c
[3.292s] -- Installing: /home/jloy/Desktop/robot-arm/dofbot_ws/install_color_sorting/dofbot_interface/local/lib/python3.10/dist-packages/dofbot_interface/srv/_kinemarics_s.c
[3.318s] Listing '/home/jloy/Desktop/robot-arm/dofbot_ws/install_color_sorting/dofbot_interface/local/lib/python3.10/dist-packages/dofbot_interface'...
[3.318s] Compiling '/home/jloy/Desktop/robot-arm/dofbot_ws/install_color_sorting/dofbot_interface/local/lib/python3.10/dist-packages/dofbot_interface/__init__.py'...
[3.318s] Listing '/home/jloy/Desktop/robot-arm/dofbot_ws/install_color_sorting/dofbot_interface/local/lib/python3.10/dist-packages/dofbot_interface/msg'...
[3.318s] Compiling '/home/jloy/Desktop/robot-arm/dofbot_ws/install_color_sorting/dofbot_interface/local/lib/python3.10/dist-packages/dofbot_interface/msg/__init__.py'...
[3.318s] Compiling '/home/jloy/Desktop/robot-arm/dofbot_ws/install_color_sorting/dofbot_interface/local/lib/python3.10/dist-packages/dofbot_interface/msg/_april_tag_info.py'...
[3.318s] Compiling '/home/jloy/Desktop/robot-arm/dofbot_ws/install_color_sorting/dofbot_interface/local/lib/python3.10/dist-packages/dofbot_interface/msg/_arm_joint.py'...
[3.318s] Compiling '/home/jloy/Desktop/robot-arm/dofbot_ws/install_color_sorting/dofbot_interface/local/lib/python3.10/dist-packages/dofbot_interface/msg/_image_msg.py'...
[3.319s] Compiling '/home/jloy/Desktop/robot-arm/dofbot_ws/install_color_sorting/dofbot_interface/local/lib/python3.10/dist-packages/dofbot_interface/msg/_joint_info.py'...
[3.319s] Compiling '/home/jloy/Desktop/robot-arm/dofbot_ws/install_color_sorting/dofbot_interface/local/lib/python3.10/dist-packages/dofbot_interface/msg/_pos_info.py'...
[3.319s] Compiling '/home/jloy/Desktop/robot-arm/dofbot_ws/install_color_sorting/dofbot_interface/local/lib/python3.10/dist-packages/dofbot_interface/msg/_position.py'...
[3.319s] Compiling '/home/jloy/Desktop/robot-arm/dofbot_ws/install_color_sorting/dofbot_interface/local/lib/python3.10/dist-packages/dofbot_interface/msg/_width_info.py'...
[3.319s] Compiling '/home/jloy/Desktop/robot-arm/dofbot_ws/install_color_sorting/dofbot_interface/local/lib/python3.10/dist-packages/dofbot_interface/msg/_yolov11_detect.py'...
[3.319s] Listing '/home/jloy/Desktop/robot-arm/dofbot_ws/install_color_sorting/dofbot_interface/local/lib/python3.10/dist-packages/dofbot_interface/srv'...
[3.319s] Compiling '/home/jloy/Desktop/robot-arm/dofbot_ws/install_color_sorting/dofbot_interface/local/lib/python3.10/dist-packages/dofbot_interface/srv/__init__.py'...
[3.319s] Compiling '/home/jloy/Desktop/robot-arm/dofbot_ws/install_color_sorting/dofbot_interface/local/lib/python3.10/dist-packages/dofbot_interface/srv/_cur_joint.py'...
[3.319s] Compiling '/home/jloy/Desktop/robot-arm/dofbot_ws/install_color_sorting/dofbot_interface/local/lib/python3.10/dist-packages/dofbot_interface/srv/_dofbot_pro_kinemarics.py'...
[3.319s] Compiling '/home/jloy/Desktop/robot-arm/dofbot_ws/install_color_sorting/dofbot_interface/local/lib/python3.10/dist-packages/dofbot_interface/srv/_kinemarics.py'...
[3.321s] -- Installing: /home/jloy/Desktop/robot-arm/dofbot_ws/install_color_sorting/dofbot_interface/local/lib/python3.10/dist-packages/dofbot_interface/dofbot_interface_s__rosidl_typesupport_fastrtps_c.cpython-310-x86_64-linux-gnu.so
[3.321s] -- Set runtime path of "/home/jloy/Desktop/robot-arm/dofbot_ws/install_color_sorting/dofbot_interface/local/lib/python3.10/dist-packages/dofbot_interface/dofbot_interface_s__rosidl_typesupport_fastrtps_c.cpython-310-x86_64-linux-gnu.so" to ""
[3.321s] -- Installing: /home/jloy/Desktop/robot-arm/dofbot_ws/install_color_sorting/dofbot_interface/local/lib/python3.10/dist-packages/dofbot_interface/dofbot_interface_s__rosidl_typesupport_introspection_c.cpython-310-x86_64-linux-gnu.so
[3.322s] -- Set runtime path of "/home/jloy/Desktop/robot-arm/dofbot_ws/install_color_sorting/dofbot_interface/local/lib/python3.10/dist-packages/dofbot_interface/dofbot_interface_s__rosidl_typesupport_introspection_c.cpython-310-x86_64-linux-gnu.so" to ""
[3.322s] -- Installing: /home/jloy/Desktop/robot-arm/dofbot_ws/install_color_sorting/dofbot_interface/local/lib/python3.10/dist-packages/dofbot_interface/dofbot_interface_s__rosidl_typesupport_c.cpython-310-x86_64-linux-gnu.so
[3.322s] -- Set runtime path of "/home/jloy/Desktop/robot-arm/dofbot_ws/install_color_sorting/dofbot_interface/local/lib/python3.10/dist-packages/dofbot_interface/dofbot_interface_s__rosidl_typesupport_c.cpython-310-x86_64-linux-gnu.so" to ""
[3.322s] -- Installing: /home/jloy/Desktop/robot-arm/dofbot_ws/install_color_sorting/dofbot_interface/lib/libdofbot_interface__rosidl_generator_py.so
[3.322s] -- Set runtime path of "/home/jloy/Desktop/robot-arm/dofbot_ws/install_color_sorting/dofbot_interface/lib/libdofbot_interface__rosidl_generator_py.so" to ""
[3.323s] -- Installing: /home/jloy/Desktop/robot-arm/dofbot_ws/install_color_sorting/dofbot_interface/share/dofbot_interface/rust
[3.323s] -- Installing: /home/jloy/Desktop/robot-arm/dofbot_ws/install_color_sorting/dofbot_interface/share/dofbot_interface/rust/Cargo.toml
[3.323s] -- Installing: /home/jloy/Desktop/robot-arm/dofbot_ws/install_color_sorting/dofbot_interface/share/dofbot_interface/rust/src
[3.323s] -- Installing: /home/jloy/Desktop/robot-arm/dofbot_ws/install_color_sorting/dofbot_interface/share/dofbot_interface/rust/src/msg.rs
[3.323s] -- Installing: /home/jloy/Desktop/robot-arm/dofbot_ws/install_color_sorting/dofbot_interface/share/dofbot_interface/rust/src/msg
[3.323s] -- Installing: /home/jloy/Desktop/robot-arm/dofbot_ws/install_color_sorting/dofbot_interface/share/dofbot_interface/rust/src/msg/rmw.rs
[3.323s] -- Installing: /home/jloy/Desktop/robot-arm/dofbot_ws/install_color_sorting/dofbot_interface/share/dofbot_interface/rust/src/lib.rs
[3.323s] -- Installing: /home/jloy/Desktop/robot-arm/dofbot_ws/install_color_sorting/dofbot_interface/share/dofbot_interface/rust/src/srv.rs
[3.323s] -- Installing: /home/jloy/Desktop/robot-arm/dofbot_ws/install_color_sorting/dofbot_interface/share/dofbot_interface/rust/src/srv
[3.323s] -- Installing: /home/jloy/Desktop/robot-arm/dofbot_ws/install_color_sorting/dofbot_interface/share/dofbot_interface/rust/src/srv/rmw.rs
[3.323s] -- Installing: /home/jloy/Desktop/robot-arm/dofbot_ws/install_color_sorting/dofbot_interface/share/dofbot_interface/rust/build.rs
[3.323s] -- Installing: /home/jloy/Desktop/robot-arm/dofbot_ws/install_color_sorting/dofbot_interface/share/dofbot_interface/srv/Kinemarics.idl
[3.323s] -- Installing: /home/jloy/Desktop/robot-arm/dofbot_ws/install_color_sorting/dofbot_interface/share/dofbot_interface/srv/CurJoint.idl
[3.323s] -- Installing: /home/jloy/Desktop/robot-arm/dofbot_ws/install_color_sorting/dofbot_interface/share/dofbot_interface/srv/DofbotProKinemarics.idl
[3.324s] -- Installing: /home/jloy/Desktop/robot-arm/dofbot_ws/install_color_sorting/dofbot_interface/share/dofbot_interface/msg/JointInfo.idl
[3.324s] -- Installing: /home/jloy/Desktop/robot-arm/dofbot_ws/install_color_sorting/dofbot_interface/share/dofbot_interface/msg/PosInfo.idl
[3.324s] -- Installing: /home/jloy/Desktop/robot-arm/dofbot_ws/install_color_sorting/dofbot_interface/share/dofbot_interface/msg/Position.idl
[3.324s] -- Installing: /home/jloy/Desktop/robot-arm/dofbot_ws/install_color_sorting/dofbot_interface/share/dofbot_interface/msg/ArmJoint.idl
[3.324s] -- Installing: /home/jloy/Desktop/robot-arm/dofbot_ws/install_color_sorting/dofbot_interface/share/dofbot_interface/msg/ImageMsg.idl
[3.324s] -- Installing: /home/jloy/Desktop/robot-arm/dofbot_ws/install_color_sorting/dofbot_interface/share/dofbot_interface/msg/WidthInfo.idl
[3.324s] -- Installing: /home/jloy/Desktop/robot-arm/dofbot_ws/install_color_sorting/dofbot_interface/share/dofbot_interface/msg/AprilTagInfo.idl
[3.324s] -- Installing: /home/jloy/Desktop/robot-arm/dofbot_ws/install_color_sorting/dofbot_interface/share/dofbot_interface/msg/Yolov11Detect.idl
[3.324s] -- Installing: /home/jloy/Desktop/robot-arm/dofbot_ws/install_color_sorting/dofbot_interface/share/dofbot_interface/srv/Kinemarics.srv
[3.324s] -- Installing: /home/jloy/Desktop/robot-arm/dofbot_ws/install_color_sorting/dofbot_interface/share/dofbot_interface/srv/Kinemarics_Request.msg
[3.324s] -- Installing: /home/jloy/Desktop/robot-arm/dofbot_ws/install_color_sorting/dofbot_interface/share/dofbot_interface/srv/Kinemarics_Response.msg
[3.324s] -- Installing: /home/jloy/Desktop/robot-arm/dofbot_ws/install_color_sorting/dofbot_interface/share/dofbot_interface/srv/CurJoint.srv
[3.324s] -- Installing: /home/jloy/Desktop/robot-arm/dofbot_ws/install_color_sorting/dofbot_interface/share/dofbot_interface/srv/CurJoint_Request.msg
[3.324s] -- Installing: /home/jloy/Desktop/robot-arm/dofbot_ws/install_color_sorting/dofbot_interface/share/dofbot_interface/srv/CurJoint_Response.msg
[3.324s] -- Installing: /home/jloy/Desktop/robot-arm/dofbot_ws/install_color_sorting/dofbot_interface/share/dofbot_interface/srv/DofbotProKinemarics.srv
[3.325s] -- Installing: /home/jloy/Desktop/robot-arm/dofbot_ws/install_color_sorting/dofbot_interface/share/dofbot_interface/srv/DofbotProKinemarics_Request.msg
[3.325s] -- Installing: /home/jloy/Desktop/robot-arm/dofbot_ws/install_color_sorting/dofbot_interface/share/dofbot_interface/srv/DofbotProKinemarics_Response.msg
[3.325s] -- Installing: /home/jloy/Desktop/robot-arm/dofbot_ws/install_color_sorting/dofbot_interface/share/dofbot_interface/msg/JointInfo.msg
[3.325s] -- Installing: /home/jloy/Desktop/robot-arm/dofbot_ws/install_color_sorting/dofbot_interface/share/dofbot_interface/msg/PosInfo.msg
[3.325s] -- Installing: /home/jloy/Desktop/robot-arm/dofbot_ws/install_color_sorting/dofbot_interface/share/dofbot_interface/msg/Position.msg
[3.325s] -- Installing: /home/jloy/Desktop/robot-arm/dofbot_ws/install_color_sorting/dofbot_interface/share/dofbot_interface/msg/ArmJoint.msg
[3.325s] -- Installing: /home/jloy/Desktop/robot-arm/dofbot_ws/install_color_sorting/dofbot_interface/share/dofbot_interface/msg/ImageMsg.msg
[3.325s] -- Installing: /home/jloy/Desktop/robot-arm/dofbot_ws/install_color_sorting/dofbot_interface/share/dofbot_interface/msg/WidthInfo.msg
[3.325s] -- Installing: /home/jloy/Desktop/robot-arm/dofbot_ws/install_color_sorting/dofbot_interface/share/dofbot_interface/msg/AprilTagInfo.msg
[3.325s] -- Installing: /home/jloy/Desktop/robot-arm/dofbot_ws/install_color_sorting/dofbot_interface/share/dofbot_interface/msg/Yolov11Detect.msg
[3.325s] -- Up-to-date: /home/jloy/Desktop/robot-arm/dofbot_ws/install_color_sorting/dofbot_interface/share/dofbot_interface/msg
[3.325s] -- Up-to-date: /home/jloy/Desktop/robot-arm/dofbot_ws/install_color_sorting/dofbot_interface/share/dofbot_interface/msg/Position.msg
[3.325s] -- Installing: /home/jloy/Desktop/robot-arm/dofbot_ws/install_color_sorting/dofbot_interface/share/dofbot_interface/msg/joint_info.msg
[3.325s] -- Up-to-date: /home/jloy/Desktop/robot-arm/dofbot_ws/install_color_sorting/dofbot_interface/share/dofbot_interface/msg/ArmJoint.msg
[3.325s] -- Up-to-date: /home/jloy/Desktop/robot-arm/dofbot_ws/install_color_sorting/dofbot_interface/share/dofbot_interface/msg/WidthInfo.msg
[3.325s] -- Up-to-date: /home/jloy/Desktop/robot-arm/dofbot_ws/install_color_sorting/dofbot_interface/share/dofbot_interface/msg/PosInfo.msg
[3.326s] -- Installing: /home/jloy/Desktop/robot-arm/dofbot_ws/install_color_sorting/dofbot_interface/share/dofbot_interface/msg/CenterXY.msg
[3.326s] -- Installing: /home/jloy/Desktop/robot-arm/dofbot_ws/install_color_sorting/dofbot_interface/share/dofbot_interface/msg/pos_info.msg
[3.326s] -- Up-to-date: /home/jloy/Desktop/robot-arm/dofbot_ws/install_color_sorting/dofbot_interface/share/dofbot_interface/msg/ImageMsg.msg
[3.326s] -- Up-to-date: /home/jloy/Desktop/robot-arm/dofbot_ws/install_color_sorting/dofbot_interface/share/dofbot_interface/msg/AprilTagInfo.msg
[3.326s] -- Installing: /home/jloy/Desktop/robot-arm/dofbot_ws/install_color_sorting/dofbot_interface/share/dofbot_interface/msg/.ipynb_checkpoints
[3.326s] -- Installing: /home/jloy/Desktop/robot-arm/dofbot_ws/install_color_sorting/dofbot_interface/share/dofbot_interface/msg/.ipynb_checkpoints/Position-checkpoint.msg
[3.326s] -- Installing: /home/jloy/Desktop/robot-arm/dofbot_ws/install_color_sorting/dofbot_interface/share/dofbot_interface/msg/.ipynb_checkpoints/Posinfo-checkpoint.msg
[3.326s] -- Installing: /home/jloy/Desktop/robot-arm/dofbot_ws/install_color_sorting/dofbot_interface/share/dofbot_interface/msg/.ipynb_checkpoints/JointInfo-checkpoint.msg
[3.326s] -- Installing: /home/jloy/Desktop/robot-arm/dofbot_ws/install_color_sorting/dofbot_interface/share/dofbot_interface/msg/.ipynb_checkpoints/CurJoints-checkpoint.msg
[3.326s] -- Installing: /home/jloy/Desktop/robot-arm/dofbot_ws/install_color_sorting/dofbot_interface/share/dofbot_interface/msg/.ipynb_checkpoints/WidthInfo-checkpoint.msg
[3.327s] -- Installing: /home/jloy/Desktop/robot-arm/dofbot_ws/install_color_sorting/dofbot_interface/share/dofbot_interface/msg/.ipynb_checkpoints/TargetXYRoll-checkpoint.msg
[3.327s] -- Installing: /home/jloy/Desktop/robot-arm/dofbot_ws/install_color_sorting/dofbot_interface/share/dofbot_interface/msg/.ipynb_checkpoints/joint_info-checkpoint.msg
[3.327s] -- Installing: /home/jloy/Desktop/robot-arm/dofbot_ws/install_color_sorting/dofbot_interface/share/dofbot_interface/msg/.ipynb_checkpoints/ArmJoint-checkpoint.msg
[3.327s] -- Installing: /home/jloy/Desktop/robot-arm/dofbot_ws/install_color_sorting/dofbot_interface/share/dofbot_interface/msg/.ipynb_checkpoints/CenterXY-checkpoint.msg
[3.327s] -- Installing: /home/jloy/Desktop/robot-arm/dofbot_ws/install_color_sorting/dofbot_interface/share/dofbot_interface/msg/.ipynb_checkpoints/pos_info-checkpoint.msg
[3.327s] -- Installing: /home/jloy/Desktop/robot-arm/dofbot_ws/install_color_sorting/dofbot_interface/share/dofbot_interface/msg/.ipynb_checkpoints/ShapeInfo-checkpoint.msg
[3.327s] -- Installing: /home/jloy/Desktop/robot-arm/dofbot_ws/install_color_sorting/dofbot_interface/share/dofbot_interface/msg/.ipynb_checkpoints/AprilTagInfo-checkpoint.msg
[3.327s] -- Up-to-date: /home/jloy/Desktop/robot-arm/dofbot_ws/install_color_sorting/dofbot_interface/share/dofbot_interface/msg/JointInfo.msg
[3.328s] -- Up-to-date: /home/jloy/Desktop/robot-arm/dofbot_ws/install_color_sorting/dofbot_interface/share/dofbot_interface/msg/Yolov11Detect.msg
[3.328s] -- Installing: /home/jloy/Desktop/robot-arm/dofbot_ws/install_color_sorting/dofbot_interface/share/dofbot_interface/msg/ShapeInfo.msg
[3.329s] -- Up-to-date: /home/jloy/Desktop/robot-arm/dofbot_ws/install_color_sorting/dofbot_interface/share/dofbot_interface/srv
[3.329s] -- Up-to-date: /home/jloy/Desktop/robot-arm/dofbot_ws/install_color_sorting/dofbot_interface/share/dofbot_interface/srv/DofbotProKinemarics.srv
[3.329s] -- Up-to-date: /home/jloy/Desktop/robot-arm/dofbot_ws/install_color_sorting/dofbot_interface/share/dofbot_interface/srv/CurJoint.srv
[3.329s] -- Up-to-date: /home/jloy/Desktop/robot-arm/dofbot_ws/install_color_sorting/dofbot_interface/share/dofbot_interface/srv/Kinemarics.srv
[3.329s] -- Installing: /home/jloy/Desktop/robot-arm/dofbot_ws/install_color_sorting/dofbot_interface/share/dofbot_interface/srv/.ipynb_checkpoints
[3.330s] -- Installing: /home/jloy/Desktop/robot-arm/dofbot_ws/install_color_sorting/dofbot_interface/share/dofbot_interface/srv/.ipynb_checkpoints/Kinemarics-checkpoint.srv
[3.330s] -- Installing: /home/jloy/Desktop/robot-arm/dofbot_ws/install_color_sorting/dofbot_interface/share/dofbot_interface/srv/.ipynb_checkpoints/DofbotProKinemarics-checkpoint.srv
[3.330s] -- Installing: /home/jloy/Desktop/robot-arm/dofbot_ws/install_color_sorting/dofbot_interface/share/ament_index/resource_index/package_run_dependencies/dofbot_interface
[3.330s] -- Installing: /home/jloy/Desktop/robot-arm/dofbot_ws/install_color_sorting/dofbot_interface/share/ament_index/resource_index/parent_prefix_path/dofbot_interface
[3.330s] -- Installing: /home/jloy/Desktop/robot-arm/dofbot_ws/install_color_sorting/dofbot_interface/share/dofbot_interface/environment/ament_prefix_path.sh
[3.330s] -- Installing: /home/jloy/Desktop/robot-arm/dofbot_ws/install_color_sorting/dofbot_interface/share/dofbot_interface/environment/ament_prefix_path.dsv
[3.330s] -- Installing: /home/jloy/Desktop/robot-arm/dofbot_ws/install_color_sorting/dofbot_interface/share/dofbot_interface/environment/path.sh
[3.330s] -- Installing: /home/jloy/Desktop/robot-arm/dofbot_ws/install_color_sorting/dofbot_interface/share/dofbot_interface/environment/path.dsv
[3.330s] -- Installing: /home/jloy/Desktop/robot-arm/dofbot_ws/install_color_sorting/dofbot_interface/share/dofbot_interface/local_setup.bash
[3.330s] -- Installing: /home/jloy/Desktop/robot-arm/dofbot_ws/install_color_sorting/dofbot_interface/share/dofbot_interface/local_setup.sh
[3.330s] -- Installing: /home/jloy/Desktop/robot-arm/dofbot_ws/install_color_sorting/dofbot_interface/share/dofbot_interface/local_setup.zsh
[3.330s] -- Installing: /home/jloy/Desktop/robot-arm/dofbot_ws/install_color_sorting/dofbot_interface/share/dofbot_interface/local_setup.dsv
[3.330s] -- Installing: /home/jloy/Desktop/robot-arm/dofbot_ws/install_color_sorting/dofbot_interface/share/dofbot_interface/package.dsv
[3.330s] -- Installing: /home/jloy/Desktop/robot-arm/dofbot_ws/install_color_sorting/dofbot_interface/share/ament_index/resource_index/packages/dofbot_interface
[3.330s] -- Installing: /home/jloy/Desktop/robot-arm/dofbot_ws/install_color_sorting/dofbot_interface/share/dofbot_interface/cmake/export_dofbot_interface__rosidl_generator_cExport.cmake
[3.330s] -- Installing: /home/jloy/Desktop/robot-arm/dofbot_ws/install_color_sorting/dofbot_interface/share/dofbot_interface/cmake/export_dofbot_interface__rosidl_generator_cExport-noconfig.cmake
[3.330s] -- Installing: /home/jloy/Desktop/robot-arm/dofbot_ws/install_color_sorting/dofbot_interface/share/dofbot_interface/cmake/export_dofbot_interface__rosidl_typesupport_fastrtps_cExport.cmake
[3.330s] -- Installing: /home/jloy/Desktop/robot-arm/dofbot_ws/install_color_sorting/dofbot_interface/share/dofbot_interface/cmake/export_dofbot_interface__rosidl_typesupport_fastrtps_cExport-noconfig.cmake
[3.331s] -- Installing: /home/jloy/Desktop/robot-arm/dofbot_ws/install_color_sorting/dofbot_interface/share/dofbot_interface/cmake/export_dofbot_interface__rosidl_generator_cppExport.cmake
[3.331s] -- Installing: /home/jloy/Desktop/robot-arm/dofbot_ws/install_color_sorting/dofbot_interface/share/dofbot_interface/cmake/export_dofbot_interface__rosidl_typesupport_fastrtps_cppExport.cmake
[3.331s] -- Installing: /home/jloy/Desktop/robot-arm/dofbot_ws/install_color_sorting/dofbot_interface/share/dofbot_interface/cmake/export_dofbot_interface__rosidl_typesupport_fastrtps_cppExport-noconfig.cmake
[3.331s] -- Installing: /home/jloy/Desktop/robot-arm/dofbot_ws/install_color_sorting/dofbot_interface/share/dofbot_interface/cmake/dofbot_interface__rosidl_typesupport_introspection_cExport.cmake
[3.331s] -- Installing: /home/jloy/Desktop/robot-arm/dofbot_ws/install_color_sorting/dofbot_interface/share/dofbot_interface/cmake/dofbot_interface__rosidl_typesupport_introspection_cExport-noconfig.cmake
[3.331s] -- Installing: /home/jloy/Desktop/robot-arm/dofbot_ws/install_color_sorting/dofbot_interface/share/dofbot_interface/cmake/dofbot_interface__rosidl_typesupport_cExport.cmake
[3.331s] -- Installing: /home/jloy/Desktop/robot-arm/dofbot_ws/install_color_sorting/dofbot_interface/share/dofbot_interface/cmake/dofbot_interface__rosidl_typesupport_cExport-noconfig.cmake
[3.331s] -- Installing: /home/jloy/Desktop/robot-arm/dofbot_ws/install_color_sorting/dofbot_interface/share/dofbot_interface/cmake/dofbot_interface__rosidl_typesupport_introspection_cppExport.cmake
[3.331s] -- Installing: /home/jloy/Desktop/robot-arm/dofbot_ws/install_color_sorting/dofbot_interface/share/dofbot_interface/cmake/dofbot_interface__rosidl_typesupport_introspection_cppExport-noconfig.cmake
[3.331s] -- Installing: /home/jloy/Desktop/robot-arm/dofbot_ws/install_color_sorting/dofbot_interface/share/dofbot_interface/cmake/dofbot_interface__rosidl_typesupport_cppExport.cmake
[3.331s] -- Installing: /home/jloy/Desktop/robot-arm/dofbot_ws/install_color_sorting/dofbot_interface/share/dofbot_interface/cmake/dofbot_interface__rosidl_typesupport_cppExport-noconfig.cmake
[3.331s] -- Installing: /home/jloy/Desktop/robot-arm/dofbot_ws/install_color_sorting/dofbot_interface/share/dofbot_interface/cmake/export_dofbot_interface__rosidl_generator_pyExport.cmake
[3.331s] -- Installing: /home/jloy/Desktop/robot-arm/dofbot_ws/install_color_sorting/dofbot_interface/share/dofbot_interface/cmake/export_dofbot_interface__rosidl_generator_pyExport-noconfig.cmake
[3.331s] -- Installing: /home/jloy/Desktop/robot-arm/dofbot_ws/install_color_sorting/dofbot_interface/share/dofbot_interface/cmake/rosidl_cmake-extras.cmake
[3.331s] -- Installing: /home/jloy/Desktop/robot-arm/dofbot_ws/install_color_sorting/dofbot_interface/share/dofbot_interface/cmake/ament_cmake_export_dependencies-extras.cmake
[3.331s] -- Installing: /home/jloy/Desktop/robot-arm/dofbot_ws/install_color_sorting/dofbot_interface/share/dofbot_interface/cmake/ament_cmake_export_include_directories-extras.cmake
[3.331s] -- Installing: /home/jloy/Desktop/robot-arm/dofbot_ws/install_color_sorting/dofbot_interface/share/dofbot_interface/cmake/ament_cmake_export_libraries-extras.cmake
[3.331s] -- Installing: /home/jloy/Desktop/robot-arm/dofbot_ws/install_color_sorting/dofbot_interface/share/dofbot_interface/cmake/ament_cmake_export_targets-extras.cmake
[3.331s] -- Installing: /home/jloy/Desktop/robot-arm/dofbot_ws/install_color_sorting/dofbot_interface/share/dofbot_interface/cmake/rosidl_cmake_export_typesupport_targets-extras.cmake
[3.331s] -- Installing: /home/jloy/Desktop/robot-arm/dofbot_ws/install_color_sorting/dofbot_interface/share/dofbot_interface/cmake/rosidl_cmake_export_typesupport_libraries-extras.cmake
[3.331s] -- Installing: /home/jloy/Desktop/robot-arm/dofbot_ws/install_color_sorting/dofbot_interface/share/dofbot_interface/cmake/rosidl_cmake_aggregate_target-extras.cmake
[3.331s] -- Installing: /home/jloy/Desktop/robot-arm/dofbot_ws/install_color_sorting/dofbot_interface/share/dofbot_interface/cmake/dofbot_interfaceConfig.cmake
[3.331s] -- Installing: /home/jloy/Desktop/robot-arm/dofbot_ws/install_color_sorting/dofbot_interface/share/dofbot_interface/cmake/dofbot_interfaceConfig-version.cmake
[3.331s] -- Installing: /home/jloy/Desktop/robot-arm/dofbot_ws/install_color_sorting/dofbot_interface/share/dofbot_interface/package.xml
[30.027s] Invoked command in '/home/jloy/Desktop/robot-arm/dofbot_ws/build_color_sorting/dofbot_interface' returned '0': CMAKE_PREFIX_PATH=/opt/ros/humble /usr/bin/cmake --install /home/jloy/Desktop/robot-arm/dofbot_ws/build_color_sorting/dofbot_interface
