running develop
running egg_info
creating dofbot_yolov11.egg-info
writing dofbot_yolov11.egg-info/PKG-INFO
writing dependency_links to dofbot_yolov11.egg-info/dependency_links.txt
writing entry points to dofbot_yolov11.egg-info/entry_points.txt
writing requirements to dofbot_yolov11.egg-info/requires.txt
writing top-level names to dofbot_yolov11.egg-info/top_level.txt
writing manifest file 'dofbot_yolov11.egg-info/SOURCES.txt'
reading manifest file 'dofbot_yolov11.egg-info/SOURCES.txt'
writing manifest file 'dofbot_yolov11.egg-info/SOURCES.txt'
running build_ext
Creating /home/jloy/Desktop/robot-arm/dofbot_ws/install_t6/dofbot_yolov11/lib/python3.10/site-packages/dofbot-yolov11.egg-link (link to .)
Installing msgToimg script to /home/jloy/Desktop/robot-arm/dofbot_ws/install_t6/dofbot_yolov11/lib/dofbot_yolov11
Installing yolov11_sortation script to /home/jloy/Desktop/robot-arm/dofbot_ws/install_t6/dofbot_yolov11/lib/dofbot_yolov11

Installed /home/jloy/Desktop/robot-arm/dofbot_ws/build_t6/dofbot_yolov11
running symlink_data
creating /home/jloy/Desktop/robot-arm/dofbot_ws/install_t6/dofbot_yolov11/share/ament_index
creating /home/jloy/Desktop/robot-arm/dofbot_ws/install_t6/dofbot_yolov11/share/ament_index/resource_index
creating /home/jloy/Desktop/robot-arm/dofbot_ws/install_t6/dofbot_yolov11/share/ament_index/resource_index/packages
symbolically linking /home/jloy/Desktop/robot-arm/dofbot_ws/build_t6/dofbot_yolov11/resource/dofbot_yolov11 -> /home/jloy/Desktop/robot-arm/dofbot_ws/install_t6/dofbot_yolov11/share/ament_index/resource_index/packages
symbolically linking /home/jloy/Desktop/robot-arm/dofbot_ws/build_t6/dofbot_yolov11/package.xml -> /home/jloy/Desktop/robot-arm/dofbot_ws/install_t6/dofbot_yolov11/share/dofbot_yolov11
