[30.036s] Invoking command in '/home/jloy/Desktop/robot-arm/dofbot_ws/build_t6/dofbot_yolov11': PYTHONPATH=/home/jloy/Desktop/robot-arm/dofbot_ws/build_t6/dofbot_yolov11/prefix_override:/usr/lib/python3/dist-packages/colcon_core/task/python/colcon_distutils_commands:/home/jloy/Desktop/robot-arm/dofbot_ws/install_t6/dofbot_yolov11/lib/python3.10/site-packages:${PYTHONPATH} /usr/bin/python3 -W ignore:setup.py install is deprecated -W ignore:easy_install command is deprecated setup.py develop --editable --build-directory /home/jloy/Desktop/robot-arm/dofbot_ws/build_t6/dofbot_yolov11/build --no-deps symlink_data
[30.232s] running develop
[30.356s] running egg_info
[30.356s] creating dofbot_yolov11.egg-info
[30.356s] writing dofbot_yolov11.egg-info/PKG-INFO
[30.356s] writing dependency_links to dofbot_yolov11.egg-info/dependency_links.txt
[30.356s] writing entry points to dofbot_yolov11.egg-info/entry_points.txt
[30.356s] writing requirements to dofbot_yolov11.egg-info/requires.txt
[30.356s] writing top-level names to dofbot_yolov11.egg-info/top_level.txt
[30.356s] writing manifest file 'dofbot_yolov11.egg-info/SOURCES.txt'
[30.357s] reading manifest file 'dofbot_yolov11.egg-info/SOURCES.txt'
[30.358s] writing manifest file 'dofbot_yolov11.egg-info/SOURCES.txt'
[30.359s] running build_ext
[30.359s] Creating /home/jloy/Desktop/robot-arm/dofbot_ws/install_t6/dofbot_yolov11/lib/python3.10/site-packages/dofbot-yolov11.egg-link (link to .)
[30.359s] Installing msgToimg script to /home/jloy/Desktop/robot-arm/dofbot_ws/install_t6/dofbot_yolov11/lib/dofbot_yolov11
[30.359s] Installing yolov11_sortation script to /home/jloy/Desktop/robot-arm/dofbot_ws/install_t6/dofbot_yolov11/lib/dofbot_yolov11
[30.359s] 
[30.359s] Installed /home/jloy/Desktop/robot-arm/dofbot_ws/build_t6/dofbot_yolov11
[30.359s] running symlink_data
[30.360s] creating /home/jloy/Desktop/robot-arm/dofbot_ws/install_t6/dofbot_yolov11/share/ament_index
[30.360s] creating /home/jloy/Desktop/robot-arm/dofbot_ws/install_t6/dofbot_yolov11/share/ament_index/resource_index
[30.360s] creating /home/jloy/Desktop/robot-arm/dofbot_ws/install_t6/dofbot_yolov11/share/ament_index/resource_index/packages
[30.360s] symbolically linking /home/jloy/Desktop/robot-arm/dofbot_ws/build_t6/dofbot_yolov11/resource/dofbot_yolov11 -> /home/jloy/Desktop/robot-arm/dofbot_ws/install_t6/dofbot_yolov11/share/ament_index/resource_index/packages
[30.360s] symbolically linking /home/jloy/Desktop/robot-arm/dofbot_ws/build_t6/dofbot_yolov11/package.xml -> /home/jloy/Desktop/robot-arm/dofbot_ws/install_t6/dofbot_yolov11/share/dofbot_yolov11
[30.378s] Invoked command in '/home/jloy/Desktop/robot-arm/dofbot_ws/build_t6/dofbot_yolov11' returned '0': PYTHONPATH=/home/jloy/Desktop/robot-arm/dofbot_ws/build_t6/dofbot_yolov11/prefix_override:/usr/lib/python3/dist-packages/colcon_core/task/python/colcon_distutils_commands:/home/jloy/Desktop/robot-arm/dofbot_ws/install_t6/dofbot_yolov11/lib/python3.10/site-packages:${PYTHONPATH} /usr/bin/python3 -W ignore:setup.py install is deprecated -W ignore:easy_install command is deprecated setup.py develop --editable --build-directory /home/jloy/Desktop/robot-arm/dofbot_ws/build_t6/dofbot_yolov11/build --no-deps symlink_data
