/home/jloy/Desktop/robot-arm/dofbot_ws/install_color_sorting/dofbot_sorting_3d/lib/python3.10/site-packages/dofbot_sorting_3d/objection_grasp.py
/home/jloy/Desktop/robot-arm/dofbot_ws/install_color_sorting/dofbot_sorting_3d/lib/python3.10/site-packages/dofbot_sorting_3d/apriltag_sorting_voice.py
/home/jloy/Desktop/robot-arm/dofbot_ws/install_color_sorting/dofbot_sorting_3d/lib/python3.10/site-packages/dofbot_sorting_3d/yolov11_garbage.py
/home/jloy/Desktop/robot-arm/dofbot_ws/install_color_sorting/dofbot_sorting_3d/lib/python3.10/site-packages/dofbot_sorting_3d/shape_sorting.py
/home/jloy/Desktop/robot-arm/dofbot_ws/install_color_sorting/dofbot_sorting_3d/lib/python3.10/site-packages/dofbot_sorting_3d/apriltag_gesture_id.py
/home/jloy/Desktop/robot-arm/dofbot_ws/install_color_sorting/dofbot_sorting_3d/lib/python3.10/site-packages/dofbot_sorting_3d/media_library.py
/home/jloy/Desktop/robot-arm/dofbot_ws/install_color_sorting/dofbot_sorting_3d/lib/python3.10/site-packages/dofbot_sorting_3d/apriltag_sorting.py
/home/jloy/Desktop/robot-arm/dofbot_ws/install_color_sorting/dofbot_sorting_3d/lib/python3.10/site-packages/dofbot_sorting_3d/camera_publisher.py
/home/jloy/Desktop/robot-arm/dofbot_ws/install_color_sorting/dofbot_sorting_3d/lib/python3.10/site-packages/dofbot_sorting_3d/mediapipe_detect_fingers.py
/home/jloy/Desktop/robot-arm/dofbot_ws/install_color_sorting/dofbot_sorting_3d/lib/python3.10/site-packages/dofbot_sorting_3d/mediapipe_gesture.py
/home/jloy/Desktop/robot-arm/dofbot_ws/install_color_sorting/dofbot_sorting_3d/lib/python3.10/site-packages/dofbot_sorting_3d/__init__.py
/home/jloy/Desktop/robot-arm/dofbot_ws/install_color_sorting/dofbot_sorting_3d/lib/python3.10/site-packages/dofbot_sorting_3d/color_common.py
/home/jloy/Desktop/robot-arm/dofbot_ws/install_color_sorting/dofbot_sorting_3d/lib/python3.10/site-packages/dofbot_sorting_3d/vutils.py
/home/jloy/Desktop/robot-arm/dofbot_ws/install_color_sorting/dofbot_sorting_3d/lib/python3.10/site-packages/dofbot_sorting_3d/point_to.py
/home/jloy/Desktop/robot-arm/dofbot_ws/install_color_sorting/dofbot_sorting_3d/lib/python3.10/site-packages/dofbot_sorting_3d/compute_joint5.py
/home/jloy/Desktop/robot-arm/dofbot_ws/install_color_sorting/dofbot_sorting_3d/lib/python3.10/site-packages/dofbot_sorting_3d/aruco_sorting.py
/home/jloy/Desktop/robot-arm/dofbot_ws/install_color_sorting/dofbot_sorting_3d/lib/python3.10/site-packages/dofbot_sorting_3d/apriltag_gesture_dist.py
/home/jloy/Desktop/robot-arm/dofbot_ws/install_color_sorting/dofbot_sorting_3d/lib/python3.10/site-packages/dofbot_sorting_3d/aruco_gesture_height.py
/home/jloy/Desktop/robot-arm/dofbot_ws/install_color_sorting/dofbot_sorting_3d/lib/python3.10/site-packages/dofbot_sorting_3d/color_sorting.py
/home/jloy/Desktop/robot-arm/dofbot_ws/install_color_sorting/dofbot_sorting_3d/lib/python3.10/site-packages/dofbot_sorting_3d/grasp.py
/home/jloy/Desktop/robot-arm/dofbot_ws/install_color_sorting/dofbot_sorting_3d/lib/python3.10/site-packages/dofbot_sorting_3d/__pycache__/objection_grasp.cpython-310.pyc
/home/jloy/Desktop/robot-arm/dofbot_ws/install_color_sorting/dofbot_sorting_3d/lib/python3.10/site-packages/dofbot_sorting_3d/__pycache__/apriltag_sorting_voice.cpython-310.pyc
/home/jloy/Desktop/robot-arm/dofbot_ws/install_color_sorting/dofbot_sorting_3d/lib/python3.10/site-packages/dofbot_sorting_3d/__pycache__/yolov11_garbage.cpython-310.pyc
/home/jloy/Desktop/robot-arm/dofbot_ws/install_color_sorting/dofbot_sorting_3d/lib/python3.10/site-packages/dofbot_sorting_3d/__pycache__/shape_sorting.cpython-310.pyc
/home/jloy/Desktop/robot-arm/dofbot_ws/install_color_sorting/dofbot_sorting_3d/lib/python3.10/site-packages/dofbot_sorting_3d/__pycache__/apriltag_gesture_id.cpython-310.pyc
/home/jloy/Desktop/robot-arm/dofbot_ws/install_color_sorting/dofbot_sorting_3d/lib/python3.10/site-packages/dofbot_sorting_3d/__pycache__/media_library.cpython-310.pyc
/home/jloy/Desktop/robot-arm/dofbot_ws/install_color_sorting/dofbot_sorting_3d/lib/python3.10/site-packages/dofbot_sorting_3d/__pycache__/apriltag_sorting.cpython-310.pyc
/home/jloy/Desktop/robot-arm/dofbot_ws/install_color_sorting/dofbot_sorting_3d/lib/python3.10/site-packages/dofbot_sorting_3d/__pycache__/camera_publisher.cpython-310.pyc
/home/jloy/Desktop/robot-arm/dofbot_ws/install_color_sorting/dofbot_sorting_3d/lib/python3.10/site-packages/dofbot_sorting_3d/__pycache__/mediapipe_detect_fingers.cpython-310.pyc
/home/jloy/Desktop/robot-arm/dofbot_ws/install_color_sorting/dofbot_sorting_3d/lib/python3.10/site-packages/dofbot_sorting_3d/__pycache__/mediapipe_gesture.cpython-310.pyc
/home/jloy/Desktop/robot-arm/dofbot_ws/install_color_sorting/dofbot_sorting_3d/lib/python3.10/site-packages/dofbot_sorting_3d/__pycache__/__init__.cpython-310.pyc
/home/jloy/Desktop/robot-arm/dofbot_ws/install_color_sorting/dofbot_sorting_3d/lib/python3.10/site-packages/dofbot_sorting_3d/__pycache__/color_common.cpython-310.pyc
/home/jloy/Desktop/robot-arm/dofbot_ws/install_color_sorting/dofbot_sorting_3d/lib/python3.10/site-packages/dofbot_sorting_3d/__pycache__/vutils.cpython-310.pyc
/home/jloy/Desktop/robot-arm/dofbot_ws/install_color_sorting/dofbot_sorting_3d/lib/python3.10/site-packages/dofbot_sorting_3d/__pycache__/point_to.cpython-310.pyc
/home/jloy/Desktop/robot-arm/dofbot_ws/install_color_sorting/dofbot_sorting_3d/lib/python3.10/site-packages/dofbot_sorting_3d/__pycache__/compute_joint5.cpython-310.pyc
/home/jloy/Desktop/robot-arm/dofbot_ws/install_color_sorting/dofbot_sorting_3d/lib/python3.10/site-packages/dofbot_sorting_3d/__pycache__/aruco_sorting.cpython-310.pyc
/home/jloy/Desktop/robot-arm/dofbot_ws/install_color_sorting/dofbot_sorting_3d/lib/python3.10/site-packages/dofbot_sorting_3d/__pycache__/apriltag_gesture_dist.cpython-310.pyc
/home/jloy/Desktop/robot-arm/dofbot_ws/install_color_sorting/dofbot_sorting_3d/lib/python3.10/site-packages/dofbot_sorting_3d/__pycache__/aruco_gesture_height.cpython-310.pyc
/home/jloy/Desktop/robot-arm/dofbot_ws/install_color_sorting/dofbot_sorting_3d/lib/python3.10/site-packages/dofbot_sorting_3d/__pycache__/color_sorting.cpython-310.pyc
/home/jloy/Desktop/robot-arm/dofbot_ws/install_color_sorting/dofbot_sorting_3d/lib/python3.10/site-packages/dofbot_sorting_3d/__pycache__/grasp.cpython-310.pyc
/home/jloy/Desktop/robot-arm/dofbot_ws/install_color_sorting/dofbot_sorting_3d/share/ament_index/resource_index/packages/dofbot_sorting_3d
/home/jloy/Desktop/robot-arm/dofbot_ws/install_color_sorting/dofbot_sorting_3d/share/dofbot_sorting_3d/package.xml
/home/jloy/Desktop/robot-arm/dofbot_ws/install_color_sorting/dofbot_sorting_3d/lib/python3.10/site-packages/dofbot_sorting_3d-0.0.0-py3.10.egg-info/PKG-INFO
/home/jloy/Desktop/robot-arm/dofbot_ws/install_color_sorting/dofbot_sorting_3d/lib/python3.10/site-packages/dofbot_sorting_3d-0.0.0-py3.10.egg-info/zip-safe
/home/jloy/Desktop/robot-arm/dofbot_ws/install_color_sorting/dofbot_sorting_3d/lib/python3.10/site-packages/dofbot_sorting_3d-0.0.0-py3.10.egg-info/entry_points.txt
/home/jloy/Desktop/robot-arm/dofbot_ws/install_color_sorting/dofbot_sorting_3d/lib/python3.10/site-packages/dofbot_sorting_3d-0.0.0-py3.10.egg-info/dependency_links.txt
/home/jloy/Desktop/robot-arm/dofbot_ws/install_color_sorting/dofbot_sorting_3d/lib/python3.10/site-packages/dofbot_sorting_3d-0.0.0-py3.10.egg-info/SOURCES.txt
/home/jloy/Desktop/robot-arm/dofbot_ws/install_color_sorting/dofbot_sorting_3d/lib/python3.10/site-packages/dofbot_sorting_3d-0.0.0-py3.10.egg-info/top_level.txt
/home/jloy/Desktop/robot-arm/dofbot_ws/install_color_sorting/dofbot_sorting_3d/lib/python3.10/site-packages/dofbot_sorting_3d-0.0.0-py3.10.egg-info/requires.txt
/home/jloy/Desktop/robot-arm/dofbot_ws/install_color_sorting/dofbot_sorting_3d/lib/dofbot_sorting_3d/apriltag_gesture_dist
/home/jloy/Desktop/robot-arm/dofbot_ws/install_color_sorting/dofbot_sorting_3d/lib/dofbot_sorting_3d/apriltag_gesture_id
/home/jloy/Desktop/robot-arm/dofbot_ws/install_color_sorting/dofbot_sorting_3d/lib/dofbot_sorting_3d/apriltag_sorting
/home/jloy/Desktop/robot-arm/dofbot_ws/install_color_sorting/dofbot_sorting_3d/lib/dofbot_sorting_3d/apriltag_sorting_voice
/home/jloy/Desktop/robot-arm/dofbot_ws/install_color_sorting/dofbot_sorting_3d/lib/dofbot_sorting_3d/aruco_gesture_height
/home/jloy/Desktop/robot-arm/dofbot_ws/install_color_sorting/dofbot_sorting_3d/lib/dofbot_sorting_3d/aruco_sorting
/home/jloy/Desktop/robot-arm/dofbot_ws/install_color_sorting/dofbot_sorting_3d/lib/dofbot_sorting_3d/camera_publisher
/home/jloy/Desktop/robot-arm/dofbot_ws/install_color_sorting/dofbot_sorting_3d/lib/dofbot_sorting_3d/color_sorting
/home/jloy/Desktop/robot-arm/dofbot_ws/install_color_sorting/dofbot_sorting_3d/lib/dofbot_sorting_3d/grasp
/home/jloy/Desktop/robot-arm/dofbot_ws/install_color_sorting/dofbot_sorting_3d/lib/dofbot_sorting_3d/mediapipe_gesture
/home/jloy/Desktop/robot-arm/dofbot_ws/install_color_sorting/dofbot_sorting_3d/lib/dofbot_sorting_3d/objection_grasp
/home/jloy/Desktop/robot-arm/dofbot_ws/install_color_sorting/dofbot_sorting_3d/lib/dofbot_sorting_3d/point_to
/home/jloy/Desktop/robot-arm/dofbot_ws/install_color_sorting/dofbot_sorting_3d/lib/dofbot_sorting_3d/shape_sorting
/home/jloy/Desktop/robot-arm/dofbot_ws/install_color_sorting/dofbot_sorting_3d/lib/dofbot_sorting_3d/yolov11_garbage
