[30.031s] Invoking command in '/home/jloy/Desktop/robot-arm/dofbot_ws/src/dofbot_yolov11': PYTHONPATH=/home/jloy/Desktop/robot-arm/dofbot_ws/build_t6_regular/dofbot_yolov11/prefix_override:/usr/lib/python3/dist-packages/colcon_core/task/python/colcon_distutils_commands:/home/jloy/Desktop/robot-arm/dofbot_ws/install_t6_regular/dofbot_yolov11/lib/python3.10/site-packages:${PYTHONPATH} /usr/bin/python3 -W ignore:setup.py install is deprecated -W ignore:easy_install command is deprecated setup.py egg_info --egg-base ../../build_t6_regular/dofbot_yolov11 build --build-base /home/jloy/Desktop/robot-arm/dofbot_ws/build_t6_regular/dofbot_yolov11/build install --record /home/jloy/Desktop/robot-arm/dofbot_ws/build_t6_regular/dofbot_yolov11/install.log --install-scripts $base/lib/dofbot_yolov11 --single-version-externally-managed install_data
[30.196s] running egg_info
[30.196s] writing ../../build_t6_regular/dofbot_yolov11/dofbot_yolov11.egg-info/PKG-INFO
[30.196s] writing dependency_links to ../../build_t6_regular/dofbot_yolov11/dofbot_yolov11.egg-info/dependency_links.txt
[30.196s] writing entry points to ../../build_t6_regular/dofbot_yolov11/dofbot_yolov11.egg-info/entry_points.txt
[30.196s] writing requirements to ../../build_t6_regular/dofbot_yolov11/dofbot_yolov11.egg-info/requires.txt
[30.196s] writing top-level names to ../../build_t6_regular/dofbot_yolov11/dofbot_yolov11.egg-info/top_level.txt
[30.198s] reading manifest file '../../build_t6_regular/dofbot_yolov11/dofbot_yolov11.egg-info/SOURCES.txt'
[30.198s] writing manifest file '../../build_t6_regular/dofbot_yolov11/dofbot_yolov11.egg-info/SOURCES.txt'
[30.198s] running build
[30.198s] running build_py
[30.198s] copying dofbot_yolov11/yolov11_sortation.py -> /home/jloy/Desktop/robot-arm/dofbot_ws/build_t6_regular/dofbot_yolov11/build/lib/dofbot_yolov11
[30.199s] running install
[30.199s] running install_lib
[30.199s] copying /home/jloy/Desktop/robot-arm/dofbot_ws/build_t6_regular/dofbot_yolov11/build/lib/dofbot_yolov11/yolov11_sortation.py -> /home/jloy/Desktop/robot-arm/dofbot_ws/install_t6_regular/dofbot_yolov11/lib/python3.10/site-packages/dofbot_yolov11
[30.200s] byte-compiling /home/jloy/Desktop/robot-arm/dofbot_ws/install_t6_regular/dofbot_yolov11/lib/python3.10/site-packages/dofbot_yolov11/yolov11_sortation.py to yolov11_sortation.cpython-310.pyc
[30.201s] running install_data
[30.201s] running install_egg_info
[30.202s] removing '/home/jloy/Desktop/robot-arm/dofbot_ws/install_t6_regular/dofbot_yolov11/lib/python3.10/site-packages/dofbot_yolov11-0.0.0-py3.10.egg-info' (and everything under it)
[30.202s] Copying ../../build_t6_regular/dofbot_yolov11/dofbot_yolov11.egg-info to /home/jloy/Desktop/robot-arm/dofbot_ws/install_t6_regular/dofbot_yolov11/lib/python3.10/site-packages/dofbot_yolov11-0.0.0-py3.10.egg-info
[30.203s] running install_scripts
[30.216s] Installing msgToimg script to /home/jloy/Desktop/robot-arm/dofbot_ws/install_t6_regular/dofbot_yolov11/lib/dofbot_yolov11
[30.216s] Installing yolov11_sortation script to /home/jloy/Desktop/robot-arm/dofbot_ws/install_t6_regular/dofbot_yolov11/lib/dofbot_yolov11
[30.216s] writing list of installed files to '/home/jloy/Desktop/robot-arm/dofbot_ws/build_t6_regular/dofbot_yolov11/install.log'
[30.231s] Invoked command in '/home/jloy/Desktop/robot-arm/dofbot_ws/src/dofbot_yolov11' returned '0': PYTHONPATH=/home/jloy/Desktop/robot-arm/dofbot_ws/build_t6_regular/dofbot_yolov11/prefix_override:/usr/lib/python3/dist-packages/colcon_core/task/python/colcon_distutils_commands:/home/jloy/Desktop/robot-arm/dofbot_ws/install_t6_regular/dofbot_yolov11/lib/python3.10/site-packages:${PYTHONPATH} /usr/bin/python3 -W ignore:setup.py install is deprecated -W ignore:easy_install command is deprecated setup.py egg_info --egg-base ../../build_t6_regular/dofbot_yolov11 build --build-base /home/jloy/Desktop/robot-arm/dofbot_ws/build_t6_regular/dofbot_yolov11/build install --record /home/jloy/Desktop/robot-arm/dofbot_ws/build_t6_regular/dofbot_yolov11/install.log --install-scripts $base/lib/dofbot_yolov11 --single-version-externally-managed install_data
