/home/jloy/Desktop/robot-arm/dofbot_ws/install_t6_regular/dofbot_yolov11/lib/python3.10/site-packages/dofbot_yolov11/yolov11_sortation.py
/home/jloy/Desktop/robot-arm/dofbot_ws/install_t6_regular/dofbot_yolov11/lib/python3.10/site-packages/dofbot_yolov11/yolov11_ALM.py
/home/jloy/Desktop/robot-arm/dofbot_ws/install_t6_regular/dofbot_yolov11/lib/python3.10/site-packages/dofbot_yolov11/robot_controller.py
/home/jloy/Desktop/robot-arm/dofbot_ws/install_t6_regular/dofbot_yolov11/lib/python3.10/site-packages/dofbot_yolov11/__init__.py
/home/jloy/Desktop/robot-arm/dofbot_ws/install_t6_regular/dofbot_yolov11/lib/python3.10/site-packages/dofbot_yolov11/yolov11.py
/home/jloy/Desktop/robot-arm/dofbot_ws/install_t6_regular/dofbot_yolov11/lib/python3.10/site-packages/dofbot_yolov11/msgToimg.py
/home/jloy/Desktop/robot-arm/dofbot_ws/install_t6_regular/dofbot_yolov11/lib/python3.10/site-packages/dofbot_yolov11/fps.py
/home/jloy/Desktop/robot-arm/dofbot_ws/install_t6_regular/dofbot_yolov11/lib/python3.10/site-packages/dofbot_yolov11/best.onnx
/home/jloy/Desktop/robot-arm/dofbot_ws/install_t6_regular/dofbot_yolov11/lib/python3.10/site-packages/dofbot_yolov11/__pycache__/yolov11_sortation.cpython-310.pyc
/home/jloy/Desktop/robot-arm/dofbot_ws/install_t6_regular/dofbot_yolov11/lib/python3.10/site-packages/dofbot_yolov11/__pycache__/yolov11_ALM.cpython-310.pyc
/home/jloy/Desktop/robot-arm/dofbot_ws/install_t6_regular/dofbot_yolov11/lib/python3.10/site-packages/dofbot_yolov11/__pycache__/robot_controller.cpython-310.pyc
/home/jloy/Desktop/robot-arm/dofbot_ws/install_t6_regular/dofbot_yolov11/lib/python3.10/site-packages/dofbot_yolov11/__pycache__/__init__.cpython-310.pyc
/home/jloy/Desktop/robot-arm/dofbot_ws/install_t6_regular/dofbot_yolov11/lib/python3.10/site-packages/dofbot_yolov11/__pycache__/yolov11.cpython-310.pyc
/home/jloy/Desktop/robot-arm/dofbot_ws/install_t6_regular/dofbot_yolov11/lib/python3.10/site-packages/dofbot_yolov11/__pycache__/msgToimg.cpython-310.pyc
/home/jloy/Desktop/robot-arm/dofbot_ws/install_t6_regular/dofbot_yolov11/lib/python3.10/site-packages/dofbot_yolov11/__pycache__/fps.cpython-310.pyc
/home/jloy/Desktop/robot-arm/dofbot_ws/install_t6_regular/dofbot_yolov11/share/ament_index/resource_index/packages/dofbot_yolov11
/home/jloy/Desktop/robot-arm/dofbot_ws/install_t6_regular/dofbot_yolov11/share/dofbot_yolov11/package.xml
/home/jloy/Desktop/robot-arm/dofbot_ws/install_t6_regular/dofbot_yolov11/lib/python3.10/site-packages/dofbot_yolov11-0.0.0-py3.10.egg-info/PKG-INFO
/home/jloy/Desktop/robot-arm/dofbot_ws/install_t6_regular/dofbot_yolov11/lib/python3.10/site-packages/dofbot_yolov11-0.0.0-py3.10.egg-info/zip-safe
/home/jloy/Desktop/robot-arm/dofbot_ws/install_t6_regular/dofbot_yolov11/lib/python3.10/site-packages/dofbot_yolov11-0.0.0-py3.10.egg-info/entry_points.txt
/home/jloy/Desktop/robot-arm/dofbot_ws/install_t6_regular/dofbot_yolov11/lib/python3.10/site-packages/dofbot_yolov11-0.0.0-py3.10.egg-info/dependency_links.txt
/home/jloy/Desktop/robot-arm/dofbot_ws/install_t6_regular/dofbot_yolov11/lib/python3.10/site-packages/dofbot_yolov11-0.0.0-py3.10.egg-info/SOURCES.txt
/home/jloy/Desktop/robot-arm/dofbot_ws/install_t6_regular/dofbot_yolov11/lib/python3.10/site-packages/dofbot_yolov11-0.0.0-py3.10.egg-info/top_level.txt
/home/jloy/Desktop/robot-arm/dofbot_ws/install_t6_regular/dofbot_yolov11/lib/python3.10/site-packages/dofbot_yolov11-0.0.0-py3.10.egg-info/requires.txt
/home/jloy/Desktop/robot-arm/dofbot_ws/install_t6_regular/dofbot_yolov11/lib/dofbot_yolov11/msgToimg
/home/jloy/Desktop/robot-arm/dofbot_ws/install_t6_regular/dofbot_yolov11/lib/dofbot_yolov11/yolov11_sortation
