[0.075s] colcon DEBUG Command line arguments: ['/usr/bin/colcon', '--log-base', 'log_t6_regular', 'build', '--packages-select', 'dofbot_yolov11', '--base-paths', 'src', '--build-base', 'build_t6_regular', '--install-base', 'install_t6_regular']
[0.075s] colcon DEBUG Parsed command line arguments: Namespace(log_base='log_t6_regular', log_level=None, verb_name='build', build_base='/home/jloy/Desktop/robot-arm/dofbot_ws/build_t6_regular', install_base='/home/jloy/Desktop/robot-arm/dofbot_ws/install_t6_regular', merge_install=False, symlink_install=False, test_result_base=None, continue_on_error=False, executor='parallel', parallel_workers=16, event_handlers=None, ignore_user_meta=False, metas=['./colcon.meta'], base_paths=['src'], packages_ignore=None, packages_ignore_regex=None, paths=None, packages_up_to=None, packages_up_to_regex=None, packages_above=None, packages_above_and_dependencies=None, packages_above_depth=None, packages_select_by_dep=None, packages_skip_by_dep=None, packages_skip_up_to=None, packages_select_build_failed=False, packages_skip_build_finished=False, packages_select_test_failures=False, packages_skip_test_passed=False, packages_select=['dofbot_yolov11'], packages_skip=None, packages_select_regex=None, packages_skip_regex=None, packages_start=None, packages_end=None, allow_overriding=[], cmake_args=None, cmake_target=None, cmake_target_skip_unavailable=False, cmake_clean_cache=False, cmake_clean_first=False, cmake_force_configure=False, ament_cmake_args=None, catkin_cmake_args=None, catkin_skip_building_tests=False, mixin_files=None, mixin=None, verb_parser=<colcon_mixin.mixin.mixin_argument.MixinArgumentDecorator object at 0x7719e1e1fa30>, verb_extension=<colcon_core.verb.build.BuildVerb object at 0x7719e1e1f430>, main=<bound method BuildVerb.main of <colcon_core.verb.build.BuildVerb object at 0x7719e1e1f430>>, mixin_verb=('build',))
[0.200s] colcon.colcon_core.package_discovery Level 1 discover_packages(colcon_meta) check parameters
[0.200s] colcon.colcon_core.package_discovery Level 1 discover_packages(recursive) check parameters
[0.200s] colcon.colcon_core.package_discovery Level 1 discover_packages(ignore) check parameters
[0.200s] colcon.colcon_core.package_discovery Level 1 discover_packages(path) check parameters
[0.200s] colcon.colcon_core.package_discovery Level 1 discover_packages(recursive) discover
[0.200s] colcon.colcon_core.package_discovery INFO Crawling recursively for packages in '/home/jloy/Desktop/robot-arm/dofbot_ws/src'
[0.200s] colcon.colcon_core.package_identification Level 1 _identify(src) by extensions ['ignore', 'ignore_ament_install']
[0.200s] colcon.colcon_core.package_identification Level 1 _identify(src) by extension 'ignore'
[0.200s] colcon.colcon_core.package_identification Level 1 _identify(src) by extension 'ignore_ament_install'
[0.200s] colcon.colcon_core.package_identification Level 1 _identify(src) by extensions ['colcon_pkg']
[0.200s] colcon.colcon_core.package_identification Level 1 _identify(src) by extension 'colcon_pkg'
[0.200s] colcon.colcon_core.package_identification Level 1 _identify(src) by extensions ['colcon_meta']
[0.200s] colcon.colcon_core.package_identification Level 1 _identify(src) by extension 'colcon_meta'
[0.200s] colcon.colcon_core.package_identification Level 1 _identify(src) by extensions ['ros']
[0.200s] colcon.colcon_core.package_identification Level 1 _identify(src) by extension 'ros'
[0.207s] colcon.colcon_core.package_identification Level 1 _identify(src) by extensions ['cmake', 'python']
[0.208s] colcon.colcon_core.package_identification Level 1 _identify(src) by extension 'cmake'
[0.211s] colcon.colcon_cmake.package_identification.cmake WARNING Ignoring 'src/CMakeLists.txt' since it seems to be a toplevel CMake file generated by 'catkin_make'
[0.211s] colcon.colcon_core.package_identification Level 1 _identify(src) by extension 'python'
[0.211s] colcon.colcon_core.package_identification Level 1 _identify(src) by extensions ['python_setup_py']
[0.211s] colcon.colcon_core.package_identification Level 1 _identify(src) by extension 'python_setup_py'
[0.211s] colcon.colcon_core.package_identification Level 1 _identify(src/dofbot_apriltag) by extensions ['ignore', 'ignore_ament_install']
[0.211s] colcon.colcon_core.package_identification Level 1 _identify(src/dofbot_apriltag) by extension 'ignore'
[0.211s] colcon.colcon_core.package_identification Level 1 _identify(src/dofbot_apriltag) by extension 'ignore_ament_install'
[0.211s] colcon.colcon_core.package_identification Level 1 _identify(src/dofbot_apriltag) by extensions ['colcon_pkg']
[0.211s] colcon.colcon_core.package_identification Level 1 _identify(src/dofbot_apriltag) by extension 'colcon_pkg'
[0.211s] colcon.colcon_core.package_identification Level 1 _identify(src/dofbot_apriltag) by extensions ['colcon_meta']
[0.211s] colcon.colcon_core.package_identification Level 1 _identify(src/dofbot_apriltag) by extension 'colcon_meta'
[0.212s] colcon.colcon_core.package_identification Level 1 _identify(src/dofbot_apriltag) by extensions ['ros']
[0.212s] colcon.colcon_core.package_identification Level 1 _identify(src/dofbot_apriltag) by extension 'ros'
[0.212s] colcon.colcon_core.package_identification Level 1 _identify(src/dofbot_apriltag) by extensions ['cmake', 'python']
[0.212s] colcon.colcon_core.package_identification Level 1 _identify(src/dofbot_apriltag) by extension 'cmake'
[0.212s] colcon.colcon_core.package_identification Level 1 _identify(src/dofbot_apriltag) by extension 'python'
[0.212s] colcon.colcon_core.package_identification Level 1 _identify(src/dofbot_apriltag) by extensions ['python_setup_py']
[0.212s] colcon.colcon_core.package_identification Level 1 _identify(src/dofbot_apriltag) by extension 'python_setup_py'
[0.212s] colcon.colcon_core.package_identification Level 1 _identify(src/dofbot_apriltag/scripts) by extensions ['ignore', 'ignore_ament_install']
[0.212s] colcon.colcon_core.package_identification Level 1 _identify(src/dofbot_apriltag/scripts) by extension 'ignore'
[0.212s] colcon.colcon_core.package_identification Level 1 _identify(src/dofbot_apriltag/scripts) by extension 'ignore_ament_install'
[0.212s] colcon.colcon_core.package_identification Level 1 _identify(src/dofbot_apriltag/scripts) by extensions ['colcon_pkg']
[0.212s] colcon.colcon_core.package_identification Level 1 _identify(src/dofbot_apriltag/scripts) by extension 'colcon_pkg'
[0.212s] colcon.colcon_core.package_identification Level 1 _identify(src/dofbot_apriltag/scripts) by extensions ['colcon_meta']
[0.212s] colcon.colcon_core.package_identification Level 1 _identify(src/dofbot_apriltag/scripts) by extension 'colcon_meta'
[0.212s] colcon.colcon_core.package_identification Level 1 _identify(src/dofbot_apriltag/scripts) by extensions ['ros']
[0.212s] colcon.colcon_core.package_identification Level 1 _identify(src/dofbot_apriltag/scripts) by extension 'ros'
[0.212s] colcon.colcon_core.package_identification Level 1 _identify(src/dofbot_apriltag/scripts) by extensions ['cmake', 'python']
[0.212s] colcon.colcon_core.package_identification Level 1 _identify(src/dofbot_apriltag/scripts) by extension 'cmake'
[0.212s] colcon.colcon_core.package_identification Level 1 _identify(src/dofbot_apriltag/scripts) by extension 'python'
[0.212s] colcon.colcon_core.package_identification Level 1 _identify(src/dofbot_apriltag/scripts) by extensions ['python_setup_py']
[0.212s] colcon.colcon_core.package_identification Level 1 _identify(src/dofbot_apriltag/scripts) by extension 'python_setup_py'
[0.212s] colcon.colcon_core.package_identification Level 1 _identify(src/dofbot_apriltag/scripts/__pycache__) by extensions ['ignore', 'ignore_ament_install']
[0.212s] colcon.colcon_core.package_identification Level 1 _identify(src/dofbot_apriltag/scripts/__pycache__) by extension 'ignore'
[0.212s] colcon.colcon_core.package_identification Level 1 _identify(src/dofbot_apriltag/scripts/__pycache__) by extension 'ignore_ament_install'
[0.212s] colcon.colcon_core.package_identification Level 1 _identify(src/dofbot_apriltag/scripts/__pycache__) by extensions ['colcon_pkg']
[0.212s] colcon.colcon_core.package_identification Level 1 _identify(src/dofbot_apriltag/scripts/__pycache__) by extension 'colcon_pkg'
[0.212s] colcon.colcon_core.package_identification Level 1 _identify(src/dofbot_apriltag/scripts/__pycache__) by extensions ['colcon_meta']
[0.212s] colcon.colcon_core.package_identification Level 1 _identify(src/dofbot_apriltag/scripts/__pycache__) by extension 'colcon_meta'
[0.212s] colcon.colcon_core.package_identification Level 1 _identify(src/dofbot_apriltag/scripts/__pycache__) by extensions ['ros']
[0.212s] colcon.colcon_core.package_identification Level 1 _identify(src/dofbot_apriltag/scripts/__pycache__) by extension 'ros'
[0.212s] colcon.colcon_core.package_identification Level 1 _identify(src/dofbot_apriltag/scripts/__pycache__) by extensions ['cmake', 'python']
[0.212s] colcon.colcon_core.package_identification Level 1 _identify(src/dofbot_apriltag/scripts/__pycache__) by extension 'cmake'
[0.212s] colcon.colcon_core.package_identification Level 1 _identify(src/dofbot_apriltag/scripts/__pycache__) by extension 'python'
[0.212s] colcon.colcon_core.package_identification Level 1 _identify(src/dofbot_apriltag/scripts/__pycache__) by extensions ['python_setup_py']
[0.212s] colcon.colcon_core.package_identification Level 1 _identify(src/dofbot_apriltag/scripts/__pycache__) by extension 'python_setup_py'
[0.212s] colcon.colcon_core.package_identification Level 1 _identify(src/dofbot_color_follow) by extensions ['ignore', 'ignore_ament_install']
[0.213s] colcon.colcon_core.package_identification Level 1 _identify(src/dofbot_color_follow) by extension 'ignore'
[0.213s] colcon.colcon_core.package_identification Level 1 _identify(src/dofbot_color_follow) by extension 'ignore_ament_install'
[0.213s] colcon.colcon_core.package_identification Level 1 _identify(src/dofbot_color_follow) by extensions ['colcon_pkg']
[0.213s] colcon.colcon_core.package_identification Level 1 _identify(src/dofbot_color_follow) by extension 'colcon_pkg'
[0.213s] colcon.colcon_core.package_identification Level 1 _identify(src/dofbot_color_follow) by extensions ['colcon_meta']
[0.213s] colcon.colcon_core.package_identification Level 1 _identify(src/dofbot_color_follow) by extension 'colcon_meta'
[0.213s] colcon.colcon_core.package_identification Level 1 _identify(src/dofbot_color_follow) by extensions ['ros']
[0.213s] colcon.colcon_core.package_identification Level 1 _identify(src/dofbot_color_follow) by extension 'ros'
[0.213s] colcon.colcon_core.package_identification Level 1 _identify(src/dofbot_color_follow) by extensions ['cmake', 'python']
[0.213s] colcon.colcon_core.package_identification Level 1 _identify(src/dofbot_color_follow) by extension 'cmake'
[0.213s] colcon.colcon_core.package_identification Level 1 _identify(src/dofbot_color_follow) by extension 'python'
[0.213s] colcon.colcon_core.package_identification Level 1 _identify(src/dofbot_color_follow) by extensions ['python_setup_py']
[0.213s] colcon.colcon_core.package_identification Level 1 _identify(src/dofbot_color_follow) by extension 'python_setup_py'
[0.213s] colcon.colcon_core.package_identification Level 1 _identify(src/dofbot_color_follow/__pycache__) by extensions ['ignore', 'ignore_ament_install']
[0.213s] colcon.colcon_core.package_identification Level 1 _identify(src/dofbot_color_follow/__pycache__) by extension 'ignore'
[0.213s] colcon.colcon_core.package_identification Level 1 _identify(src/dofbot_color_follow/__pycache__) by extension 'ignore_ament_install'
[0.213s] colcon.colcon_core.package_identification Level 1 _identify(src/dofbot_color_follow/__pycache__) by extensions ['colcon_pkg']
[0.213s] colcon.colcon_core.package_identification Level 1 _identify(src/dofbot_color_follow/__pycache__) by extension 'colcon_pkg'
[0.213s] colcon.colcon_core.package_identification Level 1 _identify(src/dofbot_color_follow/__pycache__) by extensions ['colcon_meta']
[0.213s] colcon.colcon_core.package_identification Level 1 _identify(src/dofbot_color_follow/__pycache__) by extension 'colcon_meta'
[0.213s] colcon.colcon_core.package_identification Level 1 _identify(src/dofbot_color_follow/__pycache__) by extensions ['ros']
[0.213s] colcon.colcon_core.package_identification Level 1 _identify(src/dofbot_color_follow/__pycache__) by extension 'ros'
[0.213s] colcon.colcon_core.package_identification Level 1 _identify(src/dofbot_color_follow/__pycache__) by extensions ['cmake', 'python']
[0.213s] colcon.colcon_core.package_identification Level 1 _identify(src/dofbot_color_follow/__pycache__) by extension 'cmake'
[0.213s] colcon.colcon_core.package_identification Level 1 _identify(src/dofbot_color_follow/__pycache__) by extension 'python'
[0.213s] colcon.colcon_core.package_identification Level 1 _identify(src/dofbot_color_follow/__pycache__) by extensions ['python_setup_py']
[0.213s] colcon.colcon_core.package_identification Level 1 _identify(src/dofbot_color_follow/__pycache__) by extension 'python_setup_py'
[0.213s] colcon.colcon_core.package_identification Level 1 _identify(src/dofbot_color_identify) by extensions ['ignore', 'ignore_ament_install']
[0.213s] colcon.colcon_core.package_identification Level 1 _identify(src/dofbot_color_identify) by extension 'ignore'
[0.213s] colcon.colcon_core.package_identification Level 1 _identify(src/dofbot_color_identify) by extension 'ignore_ament_install'
[0.213s] colcon.colcon_core.package_identification Level 1 _identify(src/dofbot_color_identify) by extensions ['colcon_pkg']
[0.213s] colcon.colcon_core.package_identification Level 1 _identify(src/dofbot_color_identify) by extension 'colcon_pkg'
[0.213s] colcon.colcon_core.package_identification Level 1 _identify(src/dofbot_color_identify) by extensions ['colcon_meta']
[0.213s] colcon.colcon_core.package_identification Level 1 _identify(src/dofbot_color_identify) by extension 'colcon_meta'
[0.213s] colcon.colcon_core.package_identification Level 1 _identify(src/dofbot_color_identify) by extensions ['ros']
[0.213s] colcon.colcon_core.package_identification Level 1 _identify(src/dofbot_color_identify) by extension 'ros'
[0.215s] colcon.colcon_core.package_identification DEBUG Package 'src/dofbot_color_identify' with type 'ros.catkin' and name 'dofbot_color_identify'
[0.215s] colcon.colcon_core.package_identification Level 1 _identify(src/dofbot_color_sorting) by extensions ['ignore', 'ignore_ament_install']
[0.215s] colcon.colcon_core.package_identification Level 1 _identify(src/dofbot_color_sorting) by extension 'ignore'
[0.215s] colcon.colcon_core.package_identification Level 1 _identify(src/dofbot_color_sorting) by extension 'ignore_ament_install'
[0.215s] colcon.colcon_core.package_identification Level 1 _identify(src/dofbot_color_sorting) by extensions ['colcon_pkg']
[0.215s] colcon.colcon_core.package_identification Level 1 _identify(src/dofbot_color_sorting) by extension 'colcon_pkg'
[0.215s] colcon.colcon_core.package_identification Level 1 _identify(src/dofbot_color_sorting) by extensions ['colcon_meta']
[0.215s] colcon.colcon_core.package_identification Level 1 _identify(src/dofbot_color_sorting) by extension 'colcon_meta'
[0.215s] colcon.colcon_core.package_identification Level 1 _identify(src/dofbot_color_sorting) by extensions ['ros']
[0.215s] colcon.colcon_core.package_identification Level 1 _identify(src/dofbot_color_sorting) by extension 'ros'
[0.215s] colcon.colcon_core.package_identification Level 1 _identify(src/dofbot_color_sorting) by extensions ['cmake', 'python']
[0.215s] colcon.colcon_core.package_identification Level 1 _identify(src/dofbot_color_sorting) by extension 'cmake'
[0.215s] colcon.colcon_core.package_identification Level 1 _identify(src/dofbot_color_sorting) by extension 'python'
[0.215s] colcon.colcon_core.package_identification Level 1 _identify(src/dofbot_color_sorting) by extensions ['python_setup_py']
[0.215s] colcon.colcon_core.package_identification Level 1 _identify(src/dofbot_color_sorting) by extension 'python_setup_py'
[0.215s] colcon.colcon_core.package_identification Level 1 _identify(src/dofbot_color_sorting/__pycache__) by extensions ['ignore', 'ignore_ament_install']
[0.216s] colcon.colcon_core.package_identification Level 1 _identify(src/dofbot_color_sorting/__pycache__) by extension 'ignore'
[0.216s] colcon.colcon_core.package_identification Level 1 _identify(src/dofbot_color_sorting/__pycache__) by extension 'ignore_ament_install'
[0.216s] colcon.colcon_core.package_identification Level 1 _identify(src/dofbot_color_sorting/__pycache__) by extensions ['colcon_pkg']
[0.216s] colcon.colcon_core.package_identification Level 1 _identify(src/dofbot_color_sorting/__pycache__) by extension 'colcon_pkg'
[0.216s] colcon.colcon_core.package_identification Level 1 _identify(src/dofbot_color_sorting/__pycache__) by extensions ['colcon_meta']
[0.216s] colcon.colcon_core.package_identification Level 1 _identify(src/dofbot_color_sorting/__pycache__) by extension 'colcon_meta'
[0.216s] colcon.colcon_core.package_identification Level 1 _identify(src/dofbot_color_sorting/__pycache__) by extensions ['ros']
[0.216s] colcon.colcon_core.package_identification Level 1 _identify(src/dofbot_color_sorting/__pycache__) by extension 'ros'
[0.216s] colcon.colcon_core.package_identification Level 1 _identify(src/dofbot_color_sorting/__pycache__) by extensions ['cmake', 'python']
[0.216s] colcon.colcon_core.package_identification Level 1 _identify(src/dofbot_color_sorting/__pycache__) by extension 'cmake'
[0.216s] colcon.colcon_core.package_identification Level 1 _identify(src/dofbot_color_sorting/__pycache__) by extension 'python'
[0.216s] colcon.colcon_core.package_identification Level 1 _identify(src/dofbot_color_sorting/__pycache__) by extensions ['python_setup_py']
[0.216s] colcon.colcon_core.package_identification Level 1 _identify(src/dofbot_color_sorting/__pycache__) by extension 'python_setup_py'
[0.216s] colcon.colcon_core.package_identification Level 1 _identify(src/dofbot_color_stacking) by extensions ['ignore', 'ignore_ament_install']
[0.216s] colcon.colcon_core.package_identification Level 1 _identify(src/dofbot_color_stacking) by extension 'ignore'
[0.216s] colcon.colcon_core.package_identification Level 1 _identify(src/dofbot_color_stacking) by extension 'ignore_ament_install'
[0.216s] colcon.colcon_core.package_identification Level 1 _identify(src/dofbot_color_stacking) by extensions ['colcon_pkg']
[0.216s] colcon.colcon_core.package_identification Level 1 _identify(src/dofbot_color_stacking) by extension 'colcon_pkg'
[0.216s] colcon.colcon_core.package_identification Level 1 _identify(src/dofbot_color_stacking) by extensions ['colcon_meta']
[0.216s] colcon.colcon_core.package_identification Level 1 _identify(src/dofbot_color_stacking) by extension 'colcon_meta'
[0.216s] colcon.colcon_core.package_identification Level 1 _identify(src/dofbot_color_stacking) by extensions ['ros']
[0.216s] colcon.colcon_core.package_identification Level 1 _identify(src/dofbot_color_stacking) by extension 'ros'
[0.217s] colcon.colcon_core.package_identification DEBUG Package 'src/dofbot_color_stacking' with type 'ros.catkin' and name 'dofbot_color_stacking'
[0.217s] colcon.colcon_core.package_identification Level 1 _identify(src/dofbot_driver) by extensions ['ignore', 'ignore_ament_install']
[0.217s] colcon.colcon_core.package_identification Level 1 _identify(src/dofbot_driver) by extension 'ignore'
[0.217s] colcon.colcon_core.package_identification Level 1 _identify(src/dofbot_driver) by extension 'ignore_ament_install'
[0.217s] colcon.colcon_core.package_identification Level 1 _identify(src/dofbot_driver) by extensions ['colcon_pkg']
[0.217s] colcon.colcon_core.package_identification Level 1 _identify(src/dofbot_driver) by extension 'colcon_pkg'
[0.217s] colcon.colcon_core.package_identification Level 1 _identify(src/dofbot_driver) by extensions ['colcon_meta']
[0.217s] colcon.colcon_core.package_identification Level 1 _identify(src/dofbot_driver) by extension 'colcon_meta'
[0.217s] colcon.colcon_core.package_identification Level 1 _identify(src/dofbot_driver) by extensions ['ros']
[0.217s] colcon.colcon_core.package_identification Level 1 _identify(src/dofbot_driver) by extension 'ros'
[0.217s] colcon.colcon_core.package_identification DEBUG Package 'src/dofbot_driver' with type 'ros.ament_python' and name 'dofbot_driver'
[0.218s] colcon.colcon_core.package_identification Level 1 _identify(src/dofbot_face_follow) by extensions ['ignore', 'ignore_ament_install']
[0.218s] colcon.colcon_core.package_identification Level 1 _identify(src/dofbot_face_follow) by extension 'ignore'
[0.218s] colcon.colcon_core.package_identification Level 1 _identify(src/dofbot_face_follow) by extension 'ignore_ament_install'
[0.218s] colcon.colcon_core.package_identification Level 1 _identify(src/dofbot_face_follow) by extensions ['colcon_pkg']
[0.218s] colcon.colcon_core.package_identification Level 1 _identify(src/dofbot_face_follow) by extension 'colcon_pkg'
[0.218s] colcon.colcon_core.package_identification Level 1 _identify(src/dofbot_face_follow) by extensions ['colcon_meta']
[0.218s] colcon.colcon_core.package_identification Level 1 _identify(src/dofbot_face_follow) by extension 'colcon_meta'
[0.218s] colcon.colcon_core.package_identification Level 1 _identify(src/dofbot_face_follow) by extensions ['ros']
[0.218s] colcon.colcon_core.package_identification Level 1 _identify(src/dofbot_face_follow) by extension 'ros'
[0.218s] colcon.colcon_core.package_identification DEBUG Package 'src/dofbot_face_follow' with type 'ros.catkin' and name 'dofbot_face_follow'
[0.218s] colcon.colcon_core.package_identification Level 1 _identify(src/dofbot_follow) by extensions ['ignore', 'ignore_ament_install']
[0.218s] colcon.colcon_core.package_identification Level 1 _identify(src/dofbot_follow) by extension 'ignore'
[0.218s] colcon.colcon_core.package_identification Level 1 _identify(src/dofbot_follow) by extension 'ignore_ament_install'
[0.218s] colcon.colcon_core.package_identification Level 1 _identify(src/dofbot_follow) by extensions ['colcon_pkg']
[0.218s] colcon.colcon_core.package_identification Level 1 _identify(src/dofbot_follow) by extension 'colcon_pkg'
[0.218s] colcon.colcon_core.package_identification Level 1 _identify(src/dofbot_follow) by extensions ['colcon_meta']
[0.218s] colcon.colcon_core.package_identification Level 1 _identify(src/dofbot_follow) by extension 'colcon_meta'
[0.218s] colcon.colcon_core.package_identification Level 1 _identify(src/dofbot_follow) by extensions ['ros']
[0.218s] colcon.colcon_core.package_identification Level 1 _identify(src/dofbot_follow) by extension 'ros'
[0.219s] colcon.colcon_core.package_identification DEBUG Package 'src/dofbot_follow' with type 'ros.ament_python' and name 'dofbot_follow'
[0.219s] colcon.colcon_core.package_identification Level 1 _identify(src/dofbot_garbage_yolov11) by extensions ['ignore', 'ignore_ament_install']
[0.219s] colcon.colcon_core.package_identification Level 1 _identify(src/dofbot_garbage_yolov11) by extension 'ignore'
[0.219s] colcon.colcon_core.package_identification Level 1 _identify(src/dofbot_garbage_yolov11) by extension 'ignore_ament_install'
[0.219s] colcon.colcon_core.package_identification Level 1 _identify(src/dofbot_garbage_yolov11) by extensions ['colcon_pkg']
[0.219s] colcon.colcon_core.package_identification Level 1 _identify(src/dofbot_garbage_yolov11) by extension 'colcon_pkg'
[0.219s] colcon.colcon_core.package_identification Level 1 _identify(src/dofbot_garbage_yolov11) by extensions ['colcon_meta']
[0.219s] colcon.colcon_core.package_identification Level 1 _identify(src/dofbot_garbage_yolov11) by extension 'colcon_meta'
[0.219s] colcon.colcon_core.package_identification Level 1 _identify(src/dofbot_garbage_yolov11) by extensions ['ros']
[0.219s] colcon.colcon_core.package_identification Level 1 _identify(src/dofbot_garbage_yolov11) by extension 'ros'
[0.219s] colcon.colcon_core.package_identification Level 1 _identify(src/dofbot_garbage_yolov11) by extensions ['cmake', 'python']
[0.219s] colcon.colcon_core.package_identification Level 1 _identify(src/dofbot_garbage_yolov11) by extension 'cmake'
[0.219s] colcon.colcon_core.package_identification Level 1 _identify(src/dofbot_garbage_yolov11) by extension 'python'
[0.219s] colcon.colcon_core.package_identification Level 1 _identify(src/dofbot_garbage_yolov11) by extensions ['python_setup_py']
[0.219s] colcon.colcon_core.package_identification Level 1 _identify(src/dofbot_garbage_yolov11) by extension 'python_setup_py'
[0.219s] colcon.colcon_core.package_identification Level 1 _identify(src/dofbot_garbage_yolov11/__pycache__) by extensions ['ignore', 'ignore_ament_install']
[0.219s] colcon.colcon_core.package_identification Level 1 _identify(src/dofbot_garbage_yolov11/__pycache__) by extension 'ignore'
[0.219s] colcon.colcon_core.package_identification Level 1 _identify(src/dofbot_garbage_yolov11/__pycache__) by extension 'ignore_ament_install'
[0.219s] colcon.colcon_core.package_identification Level 1 _identify(src/dofbot_garbage_yolov11/__pycache__) by extensions ['colcon_pkg']
[0.219s] colcon.colcon_core.package_identification Level 1 _identify(src/dofbot_garbage_yolov11/__pycache__) by extension 'colcon_pkg'
[0.219s] colcon.colcon_core.package_identification Level 1 _identify(src/dofbot_garbage_yolov11/__pycache__) by extensions ['colcon_meta']
[0.219s] colcon.colcon_core.package_identification Level 1 _identify(src/dofbot_garbage_yolov11/__pycache__) by extension 'colcon_meta'
[0.219s] colcon.colcon_core.package_identification Level 1 _identify(src/dofbot_garbage_yolov11/__pycache__) by extensions ['ros']
[0.219s] colcon.colcon_core.package_identification Level 1 _identify(src/dofbot_garbage_yolov11/__pycache__) by extension 'ros'
[0.219s] colcon.colcon_core.package_identification Level 1 _identify(src/dofbot_garbage_yolov11/__pycache__) by extensions ['cmake', 'python']
[0.219s] colcon.colcon_core.package_identification Level 1 _identify(src/dofbot_garbage_yolov11/__pycache__) by extension 'cmake'
[0.220s] colcon.colcon_core.package_identification Level 1 _identify(src/dofbot_garbage_yolov11/__pycache__) by extension 'python'
[0.220s] colcon.colcon_core.package_identification Level 1 _identify(src/dofbot_garbage_yolov11/__pycache__) by extensions ['python_setup_py']
[0.220s] colcon.colcon_core.package_identification Level 1 _identify(src/dofbot_garbage_yolov11/__pycache__) by extension 'python_setup_py'
[0.220s] colcon.colcon_core.package_identification Level 1 _identify(src/dofbot_info) by extensions ['ignore', 'ignore_ament_install']
[0.220s] colcon.colcon_core.package_identification Level 1 _identify(src/dofbot_info) by extension 'ignore'
[0.220s] colcon.colcon_core.package_identification Level 1 _identify(src/dofbot_info) by extension 'ignore_ament_install'
[0.220s] colcon.colcon_core.package_identification Level 1 _identify(src/dofbot_info) by extensions ['colcon_pkg']
[0.220s] colcon.colcon_core.package_identification Level 1 _identify(src/dofbot_info) by extension 'colcon_pkg'
[0.220s] colcon.colcon_core.package_identification Level 1 _identify(src/dofbot_info) by extensions ['colcon_meta']
[0.220s] colcon.colcon_core.package_identification Level 1 _identify(src/dofbot_info) by extension 'colcon_meta'
[0.220s] colcon.colcon_core.package_identification Level 1 _identify(src/dofbot_info) by extensions ['ros']
[0.220s] colcon.colcon_core.package_identification Level 1 _identify(src/dofbot_info) by extension 'ros'
[0.220s] colcon.colcon_core.package_identification DEBUG Package 'src/dofbot_info' with type 'ros.ament_cmake' and name 'dofbot_info'
[0.220s] colcon.colcon_core.package_identification Level 1 _identify(src/dofbot_interface) by extensions ['ignore', 'ignore_ament_install']
[0.220s] colcon.colcon_core.package_identification Level 1 _identify(src/dofbot_interface) by extension 'ignore'
[0.220s] colcon.colcon_core.package_identification Level 1 _identify(src/dofbot_interface) by extension 'ignore_ament_install'
[0.220s] colcon.colcon_core.package_identification Level 1 _identify(src/dofbot_interface) by extensions ['colcon_pkg']
[0.220s] colcon.colcon_core.package_identification Level 1 _identify(src/dofbot_interface) by extension 'colcon_pkg'
[0.220s] colcon.colcon_core.package_identification Level 1 _identify(src/dofbot_interface) by extensions ['colcon_meta']
[0.220s] colcon.colcon_core.package_identification Level 1 _identify(src/dofbot_interface) by extension 'colcon_meta'
[0.220s] colcon.colcon_core.package_identification Level 1 _identify(src/dofbot_interface) by extensions ['ros']
[0.220s] colcon.colcon_core.package_identification Level 1 _identify(src/dofbot_interface) by extension 'ros'
[0.221s] colcon.colcon_core.package_identification DEBUG Package 'src/dofbot_interface' with type 'ros.ament_cmake' and name 'dofbot_interface'
[0.221s] colcon.colcon_core.package_identification Level 1 _identify(src/dofbot_mediapipe) by extensions ['ignore', 'ignore_ament_install']
[0.221s] colcon.colcon_core.package_identification Level 1 _identify(src/dofbot_mediapipe) by extension 'ignore'
[0.221s] colcon.colcon_core.package_identification Level 1 _identify(src/dofbot_mediapipe) by extension 'ignore_ament_install'
[0.221s] colcon.colcon_core.package_identification Level 1 _identify(src/dofbot_mediapipe) by extensions ['colcon_pkg']
[0.221s] colcon.colcon_core.package_identification Level 1 _identify(src/dofbot_mediapipe) by extension 'colcon_pkg'
[0.221s] colcon.colcon_core.package_identification Level 1 _identify(src/dofbot_mediapipe) by extensions ['colcon_meta']
[0.221s] colcon.colcon_core.package_identification Level 1 _identify(src/dofbot_mediapipe) by extension 'colcon_meta'
[0.221s] colcon.colcon_core.package_identification Level 1 _identify(src/dofbot_mediapipe) by extensions ['ros']
[0.221s] colcon.colcon_core.package_identification Level 1 _identify(src/dofbot_mediapipe) by extension 'ros'
[0.222s] colcon.colcon_core.package_identification DEBUG Package 'src/dofbot_mediapipe' with type 'ros.ament_python' and name 'dofbot_mediapipe'
[0.222s] colcon.colcon_core.package_identification Level 1 _identify(src/dofbot_moveit) by extensions ['ignore', 'ignore_ament_install']
[0.222s] colcon.colcon_core.package_identification Level 1 _identify(src/dofbot_moveit) by extension 'ignore'
[0.222s] colcon.colcon_core.package_identification Level 1 _identify(src/dofbot_moveit) by extension 'ignore_ament_install'
[0.222s] colcon.colcon_core.package_identification Level 1 _identify(src/dofbot_moveit) by extensions ['colcon_pkg']
[0.222s] colcon.colcon_core.package_identification Level 1 _identify(src/dofbot_moveit) by extension 'colcon_pkg'
[0.222s] colcon.colcon_core.package_identification Level 1 _identify(src/dofbot_moveit) by extensions ['colcon_meta']
[0.222s] colcon.colcon_core.package_identification Level 1 _identify(src/dofbot_moveit) by extension 'colcon_meta'
[0.222s] colcon.colcon_core.package_identification Level 1 _identify(src/dofbot_moveit) by extensions ['ros']
[0.222s] colcon.colcon_core.package_identification Level 1 _identify(src/dofbot_moveit) by extension 'ros'
[0.222s] colcon.colcon_core.package_identification DEBUG Package 'src/dofbot_moveit' with type 'ros.ament_cmake' and name 'dofbot_moveit'
[0.222s] colcon.colcon_core.package_identification Level 1 _identify(src/dofbot_msgs) by extensions ['ignore', 'ignore_ament_install']
[0.222s] colcon.colcon_core.package_identification Level 1 _identify(src/dofbot_msgs) by extension 'ignore'
[0.222s] colcon.colcon_core.package_identification Level 1 _identify(src/dofbot_msgs) by extension 'ignore_ament_install'
[0.222s] colcon.colcon_core.package_identification Level 1 _identify(src/dofbot_msgs) by extensions ['colcon_pkg']
[0.222s] colcon.colcon_core.package_identification Level 1 _identify(src/dofbot_msgs) by extension 'colcon_pkg'
[0.223s] colcon.colcon_core.package_identification Level 1 _identify(src/dofbot_msgs) by extensions ['colcon_meta']
[0.223s] colcon.colcon_core.package_identification Level 1 _identify(src/dofbot_msgs) by extension 'colcon_meta'
[0.223s] colcon.colcon_core.package_identification Level 1 _identify(src/dofbot_msgs) by extensions ['ros']
[0.223s] colcon.colcon_core.package_identification Level 1 _identify(src/dofbot_msgs) by extension 'ros'
[0.223s] colcon.colcon_core.package_identification DEBUG Package 'src/dofbot_msgs' with type 'ros.ament_cmake' and name 'dofbot_msgs'
[0.223s] colcon.colcon_core.package_identification Level 1 _identify(src/dofbot_snake_follow) by extensions ['ignore', 'ignore_ament_install']
[0.223s] colcon.colcon_core.package_identification Level 1 _identify(src/dofbot_snake_follow) by extension 'ignore'
[0.223s] colcon.colcon_core.package_identification Level 1 _identify(src/dofbot_snake_follow) by extension 'ignore_ament_install'
[0.223s] colcon.colcon_core.package_identification Level 1 _identify(src/dofbot_snake_follow) by extensions ['colcon_pkg']
[0.223s] colcon.colcon_core.package_identification Level 1 _identify(src/dofbot_snake_follow) by extension 'colcon_pkg'
[0.223s] colcon.colcon_core.package_identification Level 1 _identify(src/dofbot_snake_follow) by extensions ['colcon_meta']
[0.223s] colcon.colcon_core.package_identification Level 1 _identify(src/dofbot_snake_follow) by extension 'colcon_meta'
[0.223s] colcon.colcon_core.package_identification Level 1 _identify(src/dofbot_snake_follow) by extensions ['ros']
[0.223s] colcon.colcon_core.package_identification Level 1 _identify(src/dofbot_snake_follow) by extension 'ros'
[0.224s] colcon.colcon_core.package_identification DEBUG Package 'src/dofbot_snake_follow' with type 'ros.catkin' and name 'dofbot_snake_follow'
[0.224s] colcon.colcon_core.package_identification Level 1 _identify(src/dofbot_sorting) by extensions ['ignore', 'ignore_ament_install']
[0.224s] colcon.colcon_core.package_identification Level 1 _identify(src/dofbot_sorting) by extension 'ignore'
[0.224s] colcon.colcon_core.package_identification Level 1 _identify(src/dofbot_sorting) by extension 'ignore_ament_install'
[0.224s] colcon.colcon_core.package_identification Level 1 _identify(src/dofbot_sorting) by extensions ['colcon_pkg']
[0.224s] colcon.colcon_core.package_identification Level 1 _identify(src/dofbot_sorting) by extension 'colcon_pkg'
[0.224s] colcon.colcon_core.package_identification Level 1 _identify(src/dofbot_sorting) by extensions ['colcon_meta']
[0.224s] colcon.colcon_core.package_identification Level 1 _identify(src/dofbot_sorting) by extension 'colcon_meta'
[0.224s] colcon.colcon_core.package_identification Level 1 _identify(src/dofbot_sorting) by extensions ['ros']
[0.224s] colcon.colcon_core.package_identification Level 1 _identify(src/dofbot_sorting) by extension 'ros'
[0.224s] colcon.colcon_core.package_identification DEBUG Package 'src/dofbot_sorting' with type 'ros.ament_python' and name 'dofbot_sorting'
[0.224s] colcon.colcon_core.package_identification Level 1 _identify(src/dofbot_sorting_3d) by extensions ['ignore', 'ignore_ament_install']
[0.224s] colcon.colcon_core.package_identification Level 1 _identify(src/dofbot_sorting_3d) by extension 'ignore'
[0.224s] colcon.colcon_core.package_identification Level 1 _identify(src/dofbot_sorting_3d) by extension 'ignore_ament_install'
[0.225s] colcon.colcon_core.package_identification Level 1 _identify(src/dofbot_sorting_3d) by extensions ['colcon_pkg']
[0.225s] colcon.colcon_core.package_identification Level 1 _identify(src/dofbot_sorting_3d) by extension 'colcon_pkg'
[0.225s] colcon.colcon_core.package_identification Level 1 _identify(src/dofbot_sorting_3d) by extensions ['colcon_meta']
[0.225s] colcon.colcon_core.package_identification Level 1 _identify(src/dofbot_sorting_3d) by extension 'colcon_meta'
[0.225s] colcon.colcon_core.package_identification Level 1 _identify(src/dofbot_sorting_3d) by extensions ['ros']
[0.225s] colcon.colcon_core.package_identification Level 1 _identify(src/dofbot_sorting_3d) by extension 'ros'
[0.225s] colcon.colcon_core.package_identification DEBUG Package 'src/dofbot_sorting_3d' with type 'ros.ament_python' and name 'dofbot_sorting_3d'
[0.225s] colcon.colcon_core.package_identification Level 1 _identify(src/dofbot_urdf) by extensions ['ignore', 'ignore_ament_install']
[0.225s] colcon.colcon_core.package_identification Level 1 _identify(src/dofbot_urdf) by extension 'ignore'
[0.225s] colcon.colcon_core.package_identification Level 1 _identify(src/dofbot_urdf) by extension 'ignore_ament_install'
[0.225s] colcon.colcon_core.package_identification Level 1 _identify(src/dofbot_urdf) by extensions ['colcon_pkg']
[0.225s] colcon.colcon_core.package_identification Level 1 _identify(src/dofbot_urdf) by extension 'colcon_pkg'
[0.225s] colcon.colcon_core.package_identification Level 1 _identify(src/dofbot_urdf) by extensions ['colcon_meta']
[0.225s] colcon.colcon_core.package_identification Level 1 _identify(src/dofbot_urdf) by extension 'colcon_meta'
[0.225s] colcon.colcon_core.package_identification Level 1 _identify(src/dofbot_urdf) by extensions ['ros']
[0.225s] colcon.colcon_core.package_identification Level 1 _identify(src/dofbot_urdf) by extension 'ros'
[0.225s] colcon.colcon_core.package_identification DEBUG Package 'src/dofbot_urdf' with type 'ros.ament_cmake' and name 'dofbot_urdf'
[0.226s] colcon.colcon_core.package_identification Level 1 _identify(src/dofbot_voice_ctrl) by extensions ['ignore', 'ignore_ament_install']
[0.226s] colcon.colcon_core.package_identification Level 1 _identify(src/dofbot_voice_ctrl) by extension 'ignore'
[0.226s] colcon.colcon_core.package_identification Level 1 _identify(src/dofbot_voice_ctrl) by extension 'ignore_ament_install'
[0.226s] colcon.colcon_core.package_identification Level 1 _identify(src/dofbot_voice_ctrl) by extensions ['colcon_pkg']
[0.226s] colcon.colcon_core.package_identification Level 1 _identify(src/dofbot_voice_ctrl) by extension 'colcon_pkg'
[0.226s] colcon.colcon_core.package_identification Level 1 _identify(src/dofbot_voice_ctrl) by extensions ['colcon_meta']
[0.226s] colcon.colcon_core.package_identification Level 1 _identify(src/dofbot_voice_ctrl) by extension 'colcon_meta'
[0.226s] colcon.colcon_core.package_identification Level 1 _identify(src/dofbot_voice_ctrl) by extensions ['ros']
[0.226s] colcon.colcon_core.package_identification Level 1 _identify(src/dofbot_voice_ctrl) by extension 'ros'
[0.226s] colcon.colcon_core.package_identification DEBUG Package 'src/dofbot_voice_ctrl' with type 'ros.ament_python' and name 'dofbot_voice_ctrl'
[0.226s] colcon.colcon_core.package_identification Level 1 _identify(src/dofbot_yolov11) by extensions ['ignore', 'ignore_ament_install']
[0.226s] colcon.colcon_core.package_identification Level 1 _identify(src/dofbot_yolov11) by extension 'ignore'
[0.226s] colcon.colcon_core.package_identification Level 1 _identify(src/dofbot_yolov11) by extension 'ignore_ament_install'
[0.226s] colcon.colcon_core.package_identification Level 1 _identify(src/dofbot_yolov11) by extensions ['colcon_pkg']
[0.226s] colcon.colcon_core.package_identification Level 1 _identify(src/dofbot_yolov11) by extension 'colcon_pkg'
[0.226s] colcon.colcon_core.package_identification Level 1 _identify(src/dofbot_yolov11) by extensions ['colcon_meta']
[0.226s] colcon.colcon_core.package_identification Level 1 _identify(src/dofbot_yolov11) by extension 'colcon_meta'
[0.226s] colcon.colcon_core.package_identification Level 1 _identify(src/dofbot_yolov11) by extensions ['ros']
[0.226s] colcon.colcon_core.package_identification Level 1 _identify(src/dofbot_yolov11) by extension 'ros'
[0.227s] colcon.colcon_core.package_identification DEBUG Package 'src/dofbot_yolov11' with type 'ros.ament_python' and name 'dofbot_yolov11'
[0.227s] colcon.colcon_core.package_identification Level 1 _identify(src/yahboom_speech) by extensions ['ignore', 'ignore_ament_install']
[0.227s] colcon.colcon_core.package_identification Level 1 _identify(src/yahboom_speech) by extension 'ignore'
[0.227s] colcon.colcon_core.package_identification Level 1 _identify(src/yahboom_speech) by extension 'ignore_ament_install'
[0.227s] colcon.colcon_core.package_identification Level 1 _identify(src/yahboom_speech) by extensions ['colcon_pkg']
[0.227s] colcon.colcon_core.package_identification Level 1 _identify(src/yahboom_speech) by extension 'colcon_pkg'
[0.227s] colcon.colcon_core.package_identification Level 1 _identify(src/yahboom_speech) by extensions ['colcon_meta']
[0.227s] colcon.colcon_core.package_identification Level 1 _identify(src/yahboom_speech) by extension 'colcon_meta'
[0.227s] colcon.colcon_core.package_identification Level 1 _identify(src/yahboom_speech) by extensions ['ros']
[0.227s] colcon.colcon_core.package_identification Level 1 _identify(src/yahboom_speech) by extension 'ros'
[0.227s] colcon.colcon_core.package_identification DEBUG Package 'src/yahboom_speech' with type 'ros.ament_python' and name 'yahboom_speech'
[0.227s] colcon.colcon_core.package_discovery Level 1 discover_packages(recursive) using defaults
[0.239s] colcon.colcon_core.package_selection INFO Skipping not selected package 'dofbot_driver' in 'src/dofbot_driver'
[0.239s] colcon.colcon_core.package_selection INFO Skipping not selected package 'dofbot_face_follow' in 'src/dofbot_face_follow'
[0.239s] colcon.colcon_core.package_selection INFO Skipping not selected package 'dofbot_follow' in 'src/dofbot_follow'
[0.239s] colcon.colcon_core.package_selection INFO Skipping not selected package 'dofbot_info' in 'src/dofbot_info'
[0.239s] colcon.colcon_core.package_selection INFO Skipping not selected package 'dofbot_interface' in 'src/dofbot_interface'
[0.239s] colcon.colcon_core.package_selection INFO Skipping not selected package 'dofbot_msgs' in 'src/dofbot_msgs'
[0.239s] colcon.colcon_core.package_selection INFO Skipping not selected package 'dofbot_sorting' in 'src/dofbot_sorting'
[0.239s] colcon.colcon_core.package_selection INFO Skipping not selected package 'dofbot_sorting_3d' in 'src/dofbot_sorting_3d'
[0.239s] colcon.colcon_core.package_selection INFO Skipping not selected package 'dofbot_urdf' in 'src/dofbot_urdf'
[0.239s] colcon.colcon_core.package_selection INFO Skipping not selected package 'dofbot_voice_ctrl' in 'src/dofbot_voice_ctrl'
[0.239s] colcon.colcon_core.package_selection INFO Skipping not selected package 'yahboom_speech' in 'src/yahboom_speech'
[0.239s] colcon.colcon_core.package_selection INFO Skipping not selected package 'dofbot_color_identify' in 'src/dofbot_color_identify'
[0.239s] colcon.colcon_core.package_selection INFO Skipping not selected package 'dofbot_color_stacking' in 'src/dofbot_color_stacking'
[0.239s] colcon.colcon_core.package_selection INFO Skipping not selected package 'dofbot_mediapipe' in 'src/dofbot_mediapipe'
[0.239s] colcon.colcon_core.package_selection INFO Skipping not selected package 'dofbot_moveit' in 'src/dofbot_moveit'
[0.239s] colcon.colcon_core.package_selection INFO Skipping not selected package 'dofbot_snake_follow' in 'src/dofbot_snake_follow'
[0.239s] colcon.colcon_core.package_discovery Level 1 discover_packages(prefix_path) check parameters
[0.239s] colcon.colcon_core.package_discovery Level 1 discover_packages(prefix_path) discover
[0.241s] colcon.colcon_installed_package_information.package_discovery DEBUG Found 360 installed packages in /opt/ros/humble
[0.242s] colcon.colcon_core.package_discovery Level 1 discover_packages(prefix_path) using defaults
[0.268s] colcon.colcon_core.verb Level 5 set package 'dofbot_yolov11' build argument 'cmake_args' from command line to 'None'
[0.268s] colcon.colcon_core.verb Level 5 set package 'dofbot_yolov11' build argument 'cmake_target' from command line to 'None'
[0.268s] colcon.colcon_core.verb Level 5 set package 'dofbot_yolov11' build argument 'cmake_target_skip_unavailable' from command line to 'False'
[0.268s] colcon.colcon_core.verb Level 5 set package 'dofbot_yolov11' build argument 'cmake_clean_cache' from command line to 'False'
[0.268s] colcon.colcon_core.verb Level 5 set package 'dofbot_yolov11' build argument 'cmake_clean_first' from command line to 'False'
[0.268s] colcon.colcon_core.verb Level 5 set package 'dofbot_yolov11' build argument 'cmake_force_configure' from command line to 'False'
[0.268s] colcon.colcon_core.verb Level 5 set package 'dofbot_yolov11' build argument 'ament_cmake_args' from command line to 'None'
[0.268s] colcon.colcon_core.verb Level 5 set package 'dofbot_yolov11' build argument 'catkin_cmake_args' from command line to 'None'
[0.268s] colcon.colcon_core.verb Level 5 set package 'dofbot_yolov11' build argument 'catkin_skip_building_tests' from command line to 'False'
[0.268s] colcon.colcon_core.verb DEBUG Building package 'dofbot_yolov11' with the following arguments: {'ament_cmake_args': None, 'build_base': '/home/jloy/Desktop/robot-arm/dofbot_ws/build_t6_regular/dofbot_yolov11', 'catkin_cmake_args': None, 'catkin_skip_building_tests': False, 'cmake_args': None, 'cmake_clean_cache': False, 'cmake_clean_first': False, 'cmake_force_configure': False, 'cmake_target': None, 'cmake_target_skip_unavailable': False, 'install_base': '/home/jloy/Desktop/robot-arm/dofbot_ws/install_t6_regular/dofbot_yolov11', 'merge_install': False, 'path': '/home/jloy/Desktop/robot-arm/dofbot_ws/src/dofbot_yolov11', 'symlink_install': False, 'test_result_base': None}
[0.268s] colcon.colcon_core.executor INFO Executing jobs using 'parallel' executor
[0.269s] colcon.colcon_parallel_executor.executor.parallel DEBUG run_until_complete
[0.269s] colcon.colcon_ros.task.ament_python.build INFO Building ROS package in '/home/jloy/Desktop/robot-arm/dofbot_ws/src/dofbot_yolov11' with build type 'ament_python'
[0.269s] colcon.colcon_core.shell Level 1 create_environment_hook('dofbot_yolov11', 'ament_prefix_path')
[0.271s] colcon.colcon_core.plugin_system INFO Skipping extension 'colcon_core.shell.bat': Not used on non-Windows systems
[0.271s] colcon.colcon_core.shell INFO Creating environment hook '/home/jloy/Desktop/robot-arm/dofbot_ws/install_t6_regular/dofbot_yolov11/share/dofbot_yolov11/hook/ament_prefix_path.ps1'
[0.271s] colcon.colcon_core.shell INFO Creating environment descriptor '/home/jloy/Desktop/robot-arm/dofbot_ws/install_t6_regular/dofbot_yolov11/share/dofbot_yolov11/hook/ament_prefix_path.dsv'
[0.271s] colcon.colcon_core.shell INFO Creating environment hook '/home/jloy/Desktop/robot-arm/dofbot_ws/install_t6_regular/dofbot_yolov11/share/dofbot_yolov11/hook/ament_prefix_path.sh'
[0.272s] colcon.colcon_core.shell INFO Skip shell extension 'powershell' for command environment: Not usable outside of PowerShell
[0.272s] colcon.colcon_core.shell DEBUG Skip shell extension 'dsv' for command environment
[0.451s] colcon.colcon_core.task.python.build INFO Building Python package in '/home/jloy/Desktop/robot-arm/dofbot_ws/src/dofbot_yolov11'
[0.451s] colcon.colcon_core.shell INFO Skip shell extension 'powershell' for command environment: Not usable outside of PowerShell
[0.452s] colcon.colcon_core.shell DEBUG Skip shell extension 'dsv' for command environment
[30.300s] colcon.colcon_core.task.python.build DEBUG Available setuptools commands: dist_info, check, bdist_egg, symlink_data, egg_info, install_headers, install_data, test, build, extract_messages, register, alias, bdist_dumb, build_clib, build_scripts, rotate, install_scripts, build_ext, upload_docs, clean, saveopts, update_catalog, develop, install_lib, upload, easy_install, compile_catalog, init_catalog, sdist, bdist_wheel, build_py, install_egg_info, install, bdist_rpm, bdist, setopt
[30.303s] colcon.colcon_core.event_handler.log_command DEBUG Invoking command in '/home/jloy/Desktop/robot-arm/dofbot_ws/src/dofbot_yolov11': PYTHONPATH=/home/jloy/Desktop/robot-arm/dofbot_ws/build_t6_regular/dofbot_yolov11/prefix_override:/usr/lib/python3/dist-packages/colcon_core/task/python/colcon_distutils_commands:/home/jloy/Desktop/robot-arm/dofbot_ws/install_t6_regular/dofbot_yolov11/lib/python3.10/site-packages:${PYTHONPATH} /usr/bin/python3 -W ignore:setup.py install is deprecated -W ignore:easy_install command is deprecated setup.py egg_info --egg-base ../../build_t6_regular/dofbot_yolov11 build --build-base /home/jloy/Desktop/robot-arm/dofbot_ws/build_t6_regular/dofbot_yolov11/build install --record /home/jloy/Desktop/robot-arm/dofbot_ws/build_t6_regular/dofbot_yolov11/install.log --install-scripts $base/lib/dofbot_yolov11 --single-version-externally-managed install_data
[30.512s] colcon.colcon_core.event_handler.log_command DEBUG Invoked command in '/home/jloy/Desktop/robot-arm/dofbot_ws/src/dofbot_yolov11' returned '0': PYTHONPATH=/home/jloy/Desktop/robot-arm/dofbot_ws/build_t6_regular/dofbot_yolov11/prefix_override:/usr/lib/python3/dist-packages/colcon_core/task/python/colcon_distutils_commands:/home/jloy/Desktop/robot-arm/dofbot_ws/install_t6_regular/dofbot_yolov11/lib/python3.10/site-packages:${PYTHONPATH} /usr/bin/python3 -W ignore:setup.py install is deprecated -W ignore:easy_install command is deprecated setup.py egg_info --egg-base ../../build_t6_regular/dofbot_yolov11 build --build-base /home/jloy/Desktop/robot-arm/dofbot_ws/build_t6_regular/dofbot_yolov11/build install --record /home/jloy/Desktop/robot-arm/dofbot_ws/build_t6_regular/dofbot_yolov11/install.log --install-scripts $base/lib/dofbot_yolov11 --single-version-externally-managed install_data
[30.513s] colcon.colcon_core.environment Level 1 checking '/home/jloy/Desktop/robot-arm/dofbot_ws/install_t6_regular/dofbot_yolov11' for CMake module files
[30.513s] colcon.colcon_core.environment Level 1 checking '/home/jloy/Desktop/robot-arm/dofbot_ws/install_t6_regular/dofbot_yolov11' for CMake config files
[30.514s] colcon.colcon_core.environment Level 1 checking '/home/jloy/Desktop/robot-arm/dofbot_ws/install_t6_regular/dofbot_yolov11/lib'
[30.514s] colcon.colcon_core.environment Level 1 checking '/home/jloy/Desktop/robot-arm/dofbot_ws/install_t6_regular/dofbot_yolov11/bin'
[30.514s] colcon.colcon_core.environment Level 1 checking '/home/jloy/Desktop/robot-arm/dofbot_ws/install_t6_regular/dofbot_yolov11/lib/pkgconfig/dofbot_yolov11.pc'
[30.514s] colcon.colcon_core.environment Level 1 checking '/home/jloy/Desktop/robot-arm/dofbot_ws/install_t6_regular/dofbot_yolov11/lib/python3.10/site-packages'
[30.514s] colcon.colcon_core.shell Level 1 create_environment_hook('dofbot_yolov11', 'pythonpath')
[30.514s] colcon.colcon_core.shell INFO Creating environment hook '/home/jloy/Desktop/robot-arm/dofbot_ws/install_t6_regular/dofbot_yolov11/share/dofbot_yolov11/hook/pythonpath.ps1'
[30.514s] colcon.colcon_core.shell INFO Creating environment descriptor '/home/jloy/Desktop/robot-arm/dofbot_ws/install_t6_regular/dofbot_yolov11/share/dofbot_yolov11/hook/pythonpath.dsv'
[30.515s] colcon.colcon_core.shell INFO Creating environment hook '/home/jloy/Desktop/robot-arm/dofbot_ws/install_t6_regular/dofbot_yolov11/share/dofbot_yolov11/hook/pythonpath.sh'
[30.515s] colcon.colcon_core.environment Level 1 checking '/home/jloy/Desktop/robot-arm/dofbot_ws/install_t6_regular/dofbot_yolov11/bin'
[30.515s] colcon.colcon_core.environment Level 1 create_environment_scripts_only(dofbot_yolov11)
[30.515s] colcon.colcon_core.shell INFO Creating package script '/home/jloy/Desktop/robot-arm/dofbot_ws/install_t6_regular/dofbot_yolov11/share/dofbot_yolov11/package.ps1'
[30.516s] colcon.colcon_core.shell INFO Creating package descriptor '/home/jloy/Desktop/robot-arm/dofbot_ws/install_t6_regular/dofbot_yolov11/share/dofbot_yolov11/package.dsv'
[30.516s] colcon.colcon_core.shell INFO Creating package script '/home/jloy/Desktop/robot-arm/dofbot_ws/install_t6_regular/dofbot_yolov11/share/dofbot_yolov11/package.sh'
[30.517s] colcon.colcon_core.shell INFO Creating package script '/home/jloy/Desktop/robot-arm/dofbot_ws/install_t6_regular/dofbot_yolov11/share/dofbot_yolov11/package.bash'
[30.517s] colcon.colcon_core.shell INFO Creating package script '/home/jloy/Desktop/robot-arm/dofbot_ws/install_t6_regular/dofbot_yolov11/share/dofbot_yolov11/package.zsh'
[30.517s] colcon.colcon_core.environment Level 1 create_file_with_runtime_dependencies(/home/jloy/Desktop/robot-arm/dofbot_ws/install_t6_regular/dofbot_yolov11/share/colcon-core/packages/dofbot_yolov11)
[30.518s] colcon.colcon_parallel_executor.executor.parallel DEBUG closing loop
[30.518s] colcon.colcon_parallel_executor.executor.parallel DEBUG loop closed
[30.518s] colcon.colcon_parallel_executor.executor.parallel DEBUG run_until_complete finished with '0'
[30.518s] colcon.colcon_core.event_reactor DEBUG joining thread
[30.521s] colcon.colcon_core.plugin_system INFO Skipping extension 'colcon_notification.desktop_notification.terminal_notifier': Not used on non-Darwin systems
[30.521s] colcon.colcon_core.plugin_system INFO Skipping extension 'colcon_notification.desktop_notification.win32': Not used on non-Windows systems
[30.521s] colcon.colcon_notification.desktop_notification INFO Sending desktop notification using 'notify2'
[30.521s] colcon.colcon_notification.desktop_notification.notify2 DEBUG Failed to initialize notify2: org.freedesktop.DBus.Error.AccessDenied: Failed to connect to socket /run/user/1000/bus: Operation not permitted
[30.521s] colcon.colcon_core.event_reactor DEBUG joined thread
[30.521s] colcon.colcon_core.shell INFO Creating prefix script '/home/jloy/Desktop/robot-arm/dofbot_ws/install_t6_regular/local_setup.ps1'
[30.522s] colcon.colcon_core.shell INFO Creating prefix util module '/home/jloy/Desktop/robot-arm/dofbot_ws/install_t6_regular/_local_setup_util_ps1.py'
[30.523s] colcon.colcon_core.shell INFO Creating prefix chain script '/home/jloy/Desktop/robot-arm/dofbot_ws/install_t6_regular/setup.ps1'
[30.523s] colcon.colcon_core.shell INFO Creating prefix script '/home/jloy/Desktop/robot-arm/dofbot_ws/install_t6_regular/local_setup.sh'
[30.524s] colcon.colcon_core.shell INFO Creating prefix util module '/home/jloy/Desktop/robot-arm/dofbot_ws/install_t6_regular/_local_setup_util_sh.py'
[30.524s] colcon.colcon_core.shell INFO Creating prefix chain script '/home/jloy/Desktop/robot-arm/dofbot_ws/install_t6_regular/setup.sh'
[30.524s] colcon.colcon_core.shell INFO Creating prefix script '/home/jloy/Desktop/robot-arm/dofbot_ws/install_t6_regular/local_setup.bash'
[30.525s] colcon.colcon_core.shell INFO Creating prefix chain script '/home/jloy/Desktop/robot-arm/dofbot_ws/install_t6_regular/setup.bash'
[30.525s] colcon.colcon_core.shell INFO Creating prefix script '/home/jloy/Desktop/robot-arm/dofbot_ws/install_t6_regular/local_setup.zsh'
[30.526s] colcon.colcon_core.shell INFO Creating prefix chain script '/home/jloy/Desktop/robot-arm/dofbot_ws/install_t6_regular/setup.zsh'
