-- Found ament_cmake: 1.3.14 (/opt/ros/humble/share/ament_cmake/cmake)
-- Found rclcpp: 16.0.21 (/opt/ros/humble/share/rclcpp/cmake)
-- Found rosidl_generator_c: 3.1.9 (/opt/ros/humble/share/rosidl_generator_c/cmake)
-- Found rosidl_adapter: 3.1.9 (/opt/ros/humble/share/rosidl_adapter/cmake)
-- Found rosidl_generator_cpp: 3.1.9 (/opt/ros/humble/share/rosidl_generator_cpp/cmake)
-- Using all available rosidl_typesupport_c: rosidl_typesupport_fastrtps_c;rosidl_typesupport_introspection_c
-- Using all available rosidl_typesupport_cpp: rosidl_typesupport_fastrtps_cpp;rosidl_typesupport_introspection_cpp
-- Found rmw_implementation_cmake: 6.1.4 (/opt/ros/humble/share/rmw_implementation_cmake/cmake)
-- Found rmw_fastrtps_cpp: 6.2.10 (/opt/ros/humble/share/rmw_fastrtps_cpp/cmake)
-- Using RMW implementation 'rmw_fastrtps_cpp' as default
-- Found kdl_parser: 2.6.4 (/opt/ros/humble/share/kdl_parser/cmake)
-- Found eigen3_cmake_module: 0.1.1 (/opt/ros/humble/share/eigen3_cmake_module/cmake)
-- Ensuring Eigen3 include directory is part of orocos-kdl CMake target
-- Found dofbot_interface: 0.0.0 (/home/jloy/Desktop/robot-arm/dofbot_ws/install_color_sorting/dofbot_interface/share/dofbot_interface/cmake)
-- Configuring done
-- Generating done
-- Build files have been written to: /home/jloy/Desktop/robot-arm/dofbot_ws/build_color_sorting/dofbot_info
gmake[2]: *** No rule to make target '/usr/lib/libkin_srv.so', needed by 'kinemarics_dofbot'.  Stop.
gmake[2]: *** Waiting for unfinished jobs....
[ 50%] Building CXX object CMakeFiles/kinemarics_dofbot.dir/src/kinemarics_dofbot.cpp.o
gmake[1]: *** [CMakeFiles/Makefile2:137: CMakeFiles/kinemarics_dofbot.dir/all] Error 2
gmake: *** [Makefile:146: all] Error 2
