[0.007s] Invoking command in '/home/jloy/Desktop/robot-arm/dofbot_ws/build_color_sorting/dofbot_info': CMAKE_PREFIX_PATH=${CMAKE_PREFIX_PATH}:/home/jloy/Desktop/robot-arm/dofbot_ws/install_color_sorting/dofbot_sorting_3d:/opt/ros/humble /usr/bin/cmake /home/jloy/Desktop/robot-arm/dofbot_ws/src/dofbot_info -DCMAKE_INSTALL_PREFIX=/home/jloy/Desktop/robot-arm/dofbot_ws/install_color_sorting/dofbot_info
[0.148s] -- Found ament_cmake: 1.3.14 (/opt/ros/humble/share/ament_cmake/cmake)
[0.148s] -- Found rclcpp: 16.0.21 (/opt/ros/humble/share/rclcpp/cmake)
[0.148s] -- Found rosidl_generator_c: 3.1.9 (/opt/ros/humble/share/rosidl_generator_c/cmake)
[0.148s] -- Found rosidl_adapter: 3.1.9 (/opt/ros/humble/share/rosidl_adapter/cmake)
[0.148s] -- Found rosidl_generator_cpp: 3.1.9 (/opt/ros/humble/share/rosidl_generator_cpp/cmake)
[0.148s] -- Using all available rosidl_typesupport_c: rosidl_typesupport_fastrtps_c;rosidl_typesupport_introspection_c
[0.148s] -- Using all available rosidl_typesupport_cpp: rosidl_typesupport_fastrtps_cpp;rosidl_typesupport_introspection_cpp
[0.148s] -- Found rmw_implementation_cmake: 6.1.4 (/opt/ros/humble/share/rmw_implementation_cmake/cmake)
[0.148s] -- Found rmw_fastrtps_cpp: 6.2.10 (/opt/ros/humble/share/rmw_fastrtps_cpp/cmake)
[0.202s] -- Using RMW implementation 'rmw_fastrtps_cpp' as default
[0.230s] -- Found kdl_parser: 2.6.4 (/opt/ros/humble/share/kdl_parser/cmake)
[0.231s] -- Found eigen3_cmake_module: 0.1.1 (/opt/ros/humble/share/eigen3_cmake_module/cmake)
[0.232s] -- Ensuring Eigen3 include directory is part of orocos-kdl CMake target
[0.233s] -- Found dofbot_interface: 0.0.0 (/home/jloy/Desktop/robot-arm/dofbot_ws/install_color_sorting/dofbot_interface/share/dofbot_interface/cmake)
[0.283s] -- Configuring done
[0.288s] -- Generating done
[0.290s] -- Build files have been written to: /home/jloy/Desktop/robot-arm/dofbot_ws/build_color_sorting/dofbot_info
[0.294s] Invoked command in '/home/jloy/Desktop/robot-arm/dofbot_ws/build_color_sorting/dofbot_info' returned '0': CMAKE_PREFIX_PATH=${CMAKE_PREFIX_PATH}:/home/jloy/Desktop/robot-arm/dofbot_ws/install_color_sorting/dofbot_sorting_3d:/opt/ros/humble /usr/bin/cmake /home/jloy/Desktop/robot-arm/dofbot_ws/src/dofbot_info -DCMAKE_INSTALL_PREFIX=/home/jloy/Desktop/robot-arm/dofbot_ws/install_color_sorting/dofbot_info
[0.296s] Invoking command in '/home/jloy/Desktop/robot-arm/dofbot_ws/build_color_sorting/dofbot_info': CMAKE_PREFIX_PATH=${CMAKE_PREFIX_PATH}:/home/jloy/Desktop/robot-arm/dofbot_ws/install_color_sorting/dofbot_sorting_3d:/opt/ros/humble /usr/bin/cmake --build /home/jloy/Desktop/robot-arm/dofbot_ws/build_color_sorting/dofbot_info -- -j16 -l16
[0.325s] gmake[2]: *** No rule to make target '/usr/lib/libkin_srv.so', needed by 'kinemarics_dofbot'.  Stop.
[0.325s] gmake[2]: *** Waiting for unfinished jobs....
[0.330s] [ 50%] Building CXX object CMakeFiles/kinemarics_dofbot.dir/src/kinemarics_dofbot.cpp.o
[2.643s] gmake[1]: *** [CMakeFiles/Makefile2:137: CMakeFiles/kinemarics_dofbot.dir/all] Error 2
[2.643s] gmake: *** [Makefile:146: all] Error 2
[2.644s] Invoked command in '/home/jloy/Desktop/robot-arm/dofbot_ws/build_color_sorting/dofbot_info' returned '2': CMAKE_PREFIX_PATH=${CMAKE_PREFIX_PATH}:/home/jloy/Desktop/robot-arm/dofbot_ws/install_color_sorting/dofbot_sorting_3d:/opt/ros/humble /usr/bin/cmake --build /home/jloy/Desktop/robot-arm/dofbot_ws/build_color_sorting/dofbot_info -- -j16 -l16
